Archive member included to satisfy reference by file (symbol)

c:/progra~1/gcc-arm-none-eabi-10.3-2021.10-win32/gcc-arm-none-eabi-10.3-2021.10/bin/../lib/gcc/arm-none-eabi/10.3.1/thumb/v7e-m/nofp\libgcc.a(_arm_muldf3.o)
                              CMakeFiles/BLDC5.elf.dir/Core/Src/AS5047.c.obj (__aeabi_dmul)
c:/progra~1/gcc-arm-none-eabi-10.3-2021.10-win32/gcc-arm-none-eabi-10.3-2021.10/bin/../lib/gcc/arm-none-eabi/10.3.1/thumb/v7e-m/nofp\libgcc.a(_arm_mulsf3.o)
                              CMakeFiles/BLDC5.elf.dir/Core/Src/AS5047.c.obj (__aeabi_fmul)
c:/progra~1/gcc-arm-none-eabi-10.3-2021.10-win32/gcc-arm-none-eabi-10.3-2021.10/bin/../lib/gcc/arm-none-eabi/10.3.1/thumb/v7e-m/nofp\libgcc.a(_arm_addsubdf3.o)
                              CMakeFiles/BLDC5.elf.dir/Core/Src/foc.c.obj (__aeabi_dsub)
c:/progra~1/gcc-arm-none-eabi-10.3-2021.10-win32/gcc-arm-none-eabi-10.3-2021.10/bin/../lib/gcc/arm-none-eabi/10.3.1/thumb/v7e-m/nofp\libgcc.a(_arm_muldivdf3.o)
                              CMakeFiles/BLDC5.elf.dir/Core/Src/foc.c.obj (__aeabi_ddiv)
c:/progra~1/gcc-arm-none-eabi-10.3-2021.10-win32/gcc-arm-none-eabi-10.3-2021.10/bin/../lib/gcc/arm-none-eabi/10.3.1/thumb/v7e-m/nofp\libgcc.a(_arm_cmpdf2.o)
                              CMakeFiles/BLDC5.elf.dir/Core/Src/foc.c.obj (__aeabi_dcmplt)
c:/progra~1/gcc-arm-none-eabi-10.3-2021.10-win32/gcc-arm-none-eabi-10.3-2021.10/bin/../lib/gcc/arm-none-eabi/10.3.1/thumb/v7e-m/nofp\libgcc.a(_arm_fixdfsi.o)
                              CMakeFiles/BLDC5.elf.dir/Core/Src/foc.c.obj (__aeabi_d2iz)
c:/progra~1/gcc-arm-none-eabi-10.3-2021.10-win32/gcc-arm-none-eabi-10.3-2021.10/bin/../lib/gcc/arm-none-eabi/10.3.1/thumb/v7e-m/nofp\libgcc.a(_arm_fixunsdfsi.o)
                              CMakeFiles/BLDC5.elf.dir/Core/Src/foc.c.obj (__aeabi_d2uiz)
c:/progra~1/gcc-arm-none-eabi-10.3-2021.10-win32/gcc-arm-none-eabi-10.3-2021.10/bin/../lib/gcc/arm-none-eabi/10.3.1/thumb/v7e-m/nofp\libgcc.a(_arm_truncdfsf2.o)
                              CMakeFiles/BLDC5.elf.dir/Core/Src/AS5047.c.obj (__aeabi_d2f)
c:/progra~1/gcc-arm-none-eabi-10.3-2021.10-win32/gcc-arm-none-eabi-10.3-2021.10/bin/../lib/gcc/arm-none-eabi/10.3.1/thumb/v7e-m/nofp\libgcc.a(_arm_addsubsf3.o)
                              CMakeFiles/BLDC5.elf.dir/Core/Src/AS5047.c.obj (__aeabi_fsub)
c:/progra~1/gcc-arm-none-eabi-10.3-2021.10-win32/gcc-arm-none-eabi-10.3-2021.10/bin/../lib/gcc/arm-none-eabi/10.3.1/thumb/v7e-m/nofp\libgcc.a(_arm_muldivsf3.o)
                              CMakeFiles/BLDC5.elf.dir/Core/Src/AS5047.c.obj (__aeabi_fdiv)
c:/progra~1/gcc-arm-none-eabi-10.3-2021.10-win32/gcc-arm-none-eabi-10.3-2021.10/bin/../lib/gcc/arm-none-eabi/10.3.1/thumb/v7e-m/nofp\libgcc.a(_arm_cmpsf2.o)
                              CMakeFiles/BLDC5.elf.dir/Core/Src/AS5047.c.obj (__aeabi_fcmpeq)
c:/progra~1/gcc-arm-none-eabi-10.3-2021.10-win32/gcc-arm-none-eabi-10.3-2021.10/bin/../lib/gcc/arm-none-eabi/10.3.1/thumb/v7e-m/nofp\libgcc.a(_arm_fixunssfsi.o)
                              CMakeFiles/BLDC5.elf.dir/Core/Src/foc.c.obj (__aeabi_f2uiz)
c:/progra~1/gcc-arm-none-eabi-10.3-2021.10-win32/gcc-arm-none-eabi-10.3-2021.10/bin/../lib/gcc/arm-none-eabi/10.3.1/thumb/v7e-m/nofp\libgcc.a(_aeabi_uldivmod.o)
                              CMakeFiles/BLDC5.elf.dir/Drivers/STM32G4xx_HAL_Driver/Src/stm32g4xx_hal_uart.c.obj (__aeabi_uldivmod)
c:/progra~1/gcc-arm-none-eabi-10.3-2021.10-win32/gcc-arm-none-eabi-10.3-2021.10/bin/../lib/gcc/arm-none-eabi/10.3.1/thumb/v7e-m/nofp\libgcc.a(_udivmoddi4.o)
                              c:/progra~1/gcc-arm-none-eabi-10.3-2021.10-win32/gcc-arm-none-eabi-10.3-2021.10/bin/../lib/gcc/arm-none-eabi/10.3.1/thumb/v7e-m/nofp\libgcc.a(_aeabi_uldivmod.o) (__udivmoddi4)
c:/progra~1/gcc-arm-none-eabi-10.3-2021.10-win32/gcc-arm-none-eabi-10.3-2021.10/bin/../lib/gcc/arm-none-eabi/10.3.1/thumb/v7e-m/nofp\libgcc.a(_dvmd_tls.o)
                              c:/progra~1/gcc-arm-none-eabi-10.3-2021.10-win32/gcc-arm-none-eabi-10.3-2021.10/bin/../lib/gcc/arm-none-eabi/10.3.1/thumb/v7e-m/nofp\libgcc.a(_aeabi_uldivmod.o) (__aeabi_ldiv0)
c:/progra~1/gcc-arm-none-eabi-10.3-2021.10-win32/gcc-arm-none-eabi-10.3-2021.10/bin/../lib/gcc/arm-none-eabi/10.3.1/../../../../arm-none-eabi/lib/thumb/v7e-m/nofp\libg.a(lib_a-errno.o)
                              CMakeFiles/BLDC5.elf.dir/Core/Src/retarget.c.obj (__errno)
c:/progra~1/gcc-arm-none-eabi-10.3-2021.10-win32/gcc-arm-none-eabi-10.3-2021.10/bin/../lib/gcc/arm-none-eabi/10.3.1/../../../../arm-none-eabi/lib/thumb/v7e-m/nofp\libg.a(lib_a-exit.o)
                              c:/progra~1/gcc-arm-none-eabi-10.3-2021.10-win32/gcc-arm-none-eabi-10.3-2021.10/bin/../lib/gcc/arm-none-eabi/10.3.1/../../../../arm-none-eabi/lib/thumb/v7e-m/nofp/crt0.o (exit)
c:/progra~1/gcc-arm-none-eabi-10.3-2021.10-win32/gcc-arm-none-eabi-10.3-2021.10/bin/../lib/gcc/arm-none-eabi/10.3.1/../../../../arm-none-eabi/lib/thumb/v7e-m/nofp\libg.a(lib_a-impure.o)
[...]
Memory Configuration

Name             Origin             Length             Attributes
RAM              0x20000000         0x00008000         xrw
FLASH            0x08000000         0x00020000         xr
*default*        0x00000000         0xffffffff

Linker script and memory map

LOAD c:/progra~1/gcc-arm-none-eabi-10.3-2021.10-win32/gcc-arm-none-eabi-10.3-2021.10/bin/../lib/gcc/arm-none-eabi/10.3.1/thumb/v7e-m/nofp/crti.o
LOAD c:/progra~1/gcc-arm-none-eabi-10.3-2021.10-win32/gcc-arm-none-eabi-10.3-2021.10/bin/../lib/gcc/arm-none-eabi/10.3.1/thumb/v7e-m/nofp/crtbegin.o
LOAD c:/progra~1/gcc-arm-none-eabi-10.3-2021.10-win32/gcc-arm-none-eabi-10.3-2021.10/bin/../lib/gcc/arm-none-eabi/10.3.1/../../../../arm-none-eabi/lib/thumb/v7e-m/nofp/crt0.o
LOAD CMakeFiles/BLDC5.elf.dir/Core/Src/AS5047.c.obj
LOAD CMakeFiles/BLDC5.elf.dir/Core/Src/adc.c.obj
LOAD CMakeFiles/BLDC5.elf.dir/Core/Src/foc.c.obj
LOAD CMakeFiles/BLDC5.elf.dir/Core/Src/gpio.c.obj
LOAD CMakeFiles/BLDC5.elf.dir/Core/Src/interrupt.c.obj
LOAD CMakeFiles/BLDC5.elf.dir/Core/Src/main.c.obj
LOAD CMakeFiles/BLDC5.elf.dir/Core/Src/retarget.c.obj
LOAD CMakeFiles/BLDC5.elf.dir/Core/Src/stm32g4xx_hal_msp.c.obj
LOAD CMakeFiles/BLDC5.elf.dir/Core/Src/stm32g4xx_it.c.obj
LOAD CMakeFiles/BLDC5.elf.dir/Core/Src/syscalls.c.obj
LOAD CMakeFiles/BLDC5.elf.dir/Core/Src/sysmem.c.obj
LOAD CMakeFiles/BLDC5.elf.dir/Core/Src/system_stm32g4xx.c.obj
LOAD CMakeFiles/BLDC5.elf.dir/Core/Src/tim.c.obj
LOAD CMakeFiles/BLDC5.elf.dir/Core/Src/usart.c.obj
LOAD CMakeFiles/BLDC5.elf.dir/Core/Startup/startup_stm32g431cbtx.s.obj
LOAD CMakeFiles/BLDC5.elf.dir/Drivers/STM32G4xx_HAL_Driver/Src/stm32g4xx_hal.c.obj
LOAD CMakeFiles/BLDC5.elf.dir/Drivers/STM32G4xx_HAL_Driver/Src/stm32g4xx_hal_adc.c.obj
LOAD CMakeFiles/BLDC5.elf.dir/Drivers/STM32G4xx_HAL_Driver/Src/stm32g4xx_hal_adc_ex.c.obj
LOAD CMakeFiles/BLDC5.elf.dir/Drivers/STM32G4xx_HAL_Driver/Src/stm32g4xx_hal_cortex.c.obj
LOAD CMakeFiles/BLDC5.elf.dir/Drivers/STM32G4xx_HAL_Driver/Src/stm32g4xx_hal_dma.c.obj
LOAD CMakeFiles/BLDC5.elf.dir/Drivers/STM32G4xx_HAL_Driver/Src/stm32g4xx_hal_dma_ex.c.obj
LOAD CMakeFiles/BLDC5.elf.dir/Drivers/STM32G4xx_HAL_Driver/Src/stm32g4xx_hal_exti.c.obj
LOAD CMakeFiles/BLDC5.elf.dir/Drivers/STM32G4xx_HAL_Driver/Src/stm32g4xx_hal_flash.c.obj
LOAD CMakeFiles/BLDC5.elf.dir/Drivers/STM32G4xx_HAL_Driver/Src/stm32g4xx_hal_flash_ex.c.obj
LOAD CMakeFiles/BLDC5.elf.dir/Drivers/STM32G4xx_HAL_Driver/Src/stm32g4xx_hal_flash_ramfunc.c.obj
LOAD CMakeFiles/BLDC5.elf.dir/Drivers/STM32G4xx_HAL_Driver/Src/stm32g4xx_hal_gpio.c.obj
LOAD CMakeFiles/BLDC5.elf.dir/Drivers/STM32G4xx_HAL_Driver/Src/stm32g4xx_hal_pwr.c.obj
LOAD CMakeFiles/BLDC5.elf.dir/Drivers/STM32G4xx_HAL_Driver/Src/stm32g4xx_hal_pwr_ex.c.obj
LOAD CMakeFiles/BLDC5.elf.dir/Drivers/STM32G4xx_HAL_Driver/Src/stm32g4xx_hal_rcc.c.obj
LOAD CMakeFiles/BLDC5.elf.dir/Drivers/STM32G4xx_HAL_Driver/Src/stm32g4xx_hal_rcc_ex.c.obj
LOAD CMakeFiles/BLDC5.elf.dir/Drivers/STM32G4xx_HAL_Driver/Src/stm32g4xx_hal_tim.c.obj
LOAD CMakeFiles/BLDC5.elf.dir/Drivers/STM32G4xx_HAL_Driver/Src/stm32g4xx_hal_tim_ex.c.obj
LOAD CMakeFiles/BLDC5.elf.dir/Drivers/STM32G4xx_HAL_Driver/Src/stm32g4xx_hal_uart.c.obj
LOAD CMakeFiles/BLDC5.elf.dir/Drivers/STM32G4xx_HAL_Driver/Src/stm32g4xx_hal_uart_ex.c.obj
LOAD CMakeFiles/BLDC5.elf.dir/Drivers/STM32G4xx_HAL_Driver/Src/stm32g4xx_ll_adc.c.obj
START GROUP
LOAD c:/progra~1/gcc-arm-none-eabi-10.3-2021.10-win32/gcc-arm-none-eabi-10.3-2021.10/bin/../lib/gcc/arm-none-eabi/10.3.1/thumb/v7e-m/nofp\libgcc.a
LOAD c:/progra~1/gcc-arm-none-eabi-10.3-2021.10-win32/gcc-arm-none-eabi-10.3-2021.10/bin/../lib/gcc/arm-none-eabi/10.3.1/../../../../arm-none-eabi/lib/thumb/v7e-m/nofp\libg.a
LOAD c:/progra~1/gcc-arm-none-eabi-10.3-2021.10-win32/gcc-arm-none-eabi-10.3-2021.10/bin/../lib/gcc/arm-none-eabi/10.3.1/../../../../arm-none-eabi/lib/thumb/v7e-m/nofp\libc.a
END GROUP
LOAD c:/progra~1/gcc-arm-none-eabi-10.3-2021.10-win32/gcc-arm-none-eabi-10.3-2021.10/bin/../lib/gcc/arm-none-eabi/10.3.1/thumb/v7e-m/nofp/crtend.o
LOAD c:/progra~1/gcc-arm-none-eabi-10.3-2021.10-win32/gcc-arm-none-eabi-10.3-2021.10/bin/../lib/gcc/arm-none-eabi/10.3.1/thumb/v7e-m/nofp/crtn.o
                0x20008000                _estack = (ORIGIN (RAM) + LENGTH (RAM))
                0x00000200                _Min_Heap_Size = 0x200
                0x00000400                _Min_Stack_Size = 0x400

.isr_vector     0x08000000      0x1d8
                0x08000000                . = ALIGN (0x4)
 *(.isr_vector)
 .isr_vector    0x08000000      0x1d8 CMakeFiles/BLDC5.elf.dir/Core/Startup/startup_stm32g431cbtx.s.obj
                0x08000000                g_pfnVectors
                0x080001d8                . = ALIGN (0x4)

.text           0x08000200     0xc284
                0x08000200                . = ALIGN (0x4)
 *(.text)
 .text          0x08000200       0x40 c:/progra~1/gcc-arm-none-eabi-10.3-2021.10-win32/gcc-arm-none-eabi-10.3-2021.10/bin/../lib/gcc/arm-none-eabi/10.3.1/thumb/v7e-m/nofp/crtbegin.o
 .text          0x08000240      0x378 c:/progra~1/gcc-arm-none-eabi-10.3-2021.10-win32/gcc-arm-none-eabi-10.3-2021.10/bin/../lib/gcc/arm-none-eabi/10.3.1/thumb/v7e-m/nofp\libgcc.a(_arm_addsubdf3.o)
                0x08000240                __aeabi_drsub
                0x08000248                __aeabi_dsub
                0x08000248                __subdf3
                0x0800024c                __aeabi_dadd
                0x0800024c                __adddf3
                0x080004c4                __floatunsidf
                0x080004c4                __aeabi_ui2d
                0x080004e4                __floatsidf
                0x080004e4                __aeabi_i2d
                0x08000508                __aeabi_f2d
                0x08000508                __extendsfdf2
                0x0800054c                __floatundidf
                0x0800054c                __aeabi_ul2d
                0x0800055c                __floatdidf
                0x0800055c                __aeabi_l2d
 .text          0x080005b8      0x424 c:/progra~1/gcc-arm-none-eabi-10.3-2021.10-win32/gcc-arm-none-eabi-10.3-2021.10/bin/../lib/gcc/arm-none-eabi/10.3.1/thumb/v7e-m/nofp\libgcc.a(_arm_muldivdf3.o)
                0x080005b8                __aeabi_dmul
                0x080005b8                __muldf3
                0x0800080c                __divdf3
                0x0800080c                __aeabi_ddiv
 .text          0x080009dc      0x110 c:/progra~1/gcc-arm-none-eabi-10.3-2021.10-win32/gcc-arm-none-eabi-10.3-2021.10/bin/../lib/gcc/arm-none-eabi/10.3.1/thumb/v7e-m/nofp\libgcc.a(_arm_cmpdf2.o)
                0x080009dc                __gtdf2
                0x080009dc                __gedf2
                0x080009e4                __ltdf2
                0x080009e4                __ledf2
                0x080009ec                __nedf2
                0x080009ec                __eqdf2
                0x080009ec                __cmpdf2
                0x08000a68                __aeabi_cdrcmple
                0x08000a78                __aeabi_cdcmpeq
                0x08000a78                __aeabi_cdcmple
                0x08000a88                __aeabi_dcmpeq
                0x08000a9c                __aeabi_dcmplt
                0x08000ab0                __aeabi_dcmple
                0x08000ac4                __aeabi_dcmpge
                0x08000ad8                __aeabi_dcmpgt
 .text          0x08000aec       0x50 c:/progra~1/gcc-arm-none-eabi-10.3-2021.10-win32/gcc-arm-none-eabi-10.3-2021.10/bin/../lib/gcc/arm-none-eabi/10.3.1/thumb/v7e-m/nofp\libgcc.a(_arm_fixdfsi.o)
                0x08000aec                __aeabi_d2iz
                0x08000aec                __fixdfsi
 .text          0x08000b3c       0x40 c:/progra~1/gcc-arm-none-eabi-10.3-2021.10-win32/gcc-arm-none-eabi-10.3-2021.10/bin/../lib/gcc/arm-none-eabi/10.3.1/thumb/v7e-m/nofp\libgcc.a(_arm_fixunsdfsi.o)
                0x08000b3c                __aeabi_d2uiz
                0x08000b3c                __fixunsdfsi
 .text          0x08000b7c       0xa0 c:/progra~1/gcc-arm-none-eabi-10.3-2021.10-win32/gcc-arm-none-eabi-10.3-2021.10/bin/../lib/gcc/arm-none-eabi/10.3.1/thumb/v7e-m/nofp\libgcc.a(_arm_truncdfsf2.o)
                0x08000b7c                __truncdfsf2
                0x08000b7c                __aeabi_d2f
 .text          0x08000c1c      0x21c c:/progra~1/gcc-arm-none-eabi-10.3-2021.10-win32/gcc-arm-none-eabi-10.3-2021.10/bin/../lib/gcc/arm-none-eabi/10.3.1/thumb/v7e-m/nofp\libgcc.a(_arm_addsubsf3.o)
                0x08000c1c                __aeabi_frsub
                0x08000c24                __subsf3
                0x08000c24                __aeabi_fsub
                0x08000c28                __aeabi_fadd
                0x08000c28                __addsf3
                0x08000d88                __aeabi_ui2f
                0x08000d88                __floatunsisf
                0x08000d90                __aeabi_i2f
                0x08000d90                __floatsisf
                0x08000dac                __aeabi_ul2f
                0x08000dac                __floatundisf
                0x08000dbc                __aeabi_l2f
                0x08000dbc                __floatdisf
 .text          0x08000e38      0x2a0 c:/progra~1/gcc-arm-none-eabi-10.3-2021.10-win32/gcc-arm-none-eabi-10.3-2021.10/bin/../lib/gcc/arm-none-eabi/10.3.1/thumb/v7e-m/nofp\libgcc.a(_arm_muldivsf3.o)
                0x08000e38                __mulsf3
                0x08000e38                __aeabi_fmul
                0x08000fa0                __aeabi_fdiv
                0x08000fa0                __divsf3
 .text          0x080010d8       0xec c:/progra~1/gcc-arm-none-eabi-10.3-2021.10-win32/gcc-arm-none-eabi-10.3-2021.10/bin/../lib/gcc/arm-none-eabi/10.3.1/thumb/v7e-m/nofp\libgcc.a(_arm_cmpsf2.o)
                0x080010d8                __gesf2
                0x080010d8                __gtsf2
                0x080010e0                __lesf2
                0x080010e0                __ltsf2
                0x080010e8                __nesf2
                0x080010e8                __eqsf2
                0x080010e8                __cmpsf2
                0x08001148                __aeabi_cfrcmple
                0x08001150                __aeabi_cfcmpeq
                0x08001150                __aeabi_cfcmple
                0x08001160                __aeabi_fcmpeq
                0x08001174                __aeabi_fcmplt
                0x08001188                __aeabi_fcmple
                0x0800119c                __aeabi_fcmpge
                0x080011b0                __aeabi_fcmpgt
 .text          0x080011c4       0x40 c:/progra~1/gcc-arm-none-eabi-10.3-2021.10-win32/gcc-arm-none-eabi-10.3-2021.10/bin/../lib/gcc/arm-none-eabi/10.3.1/thumb/v7e-m/nofp\libgcc.a(_arm_fixunssfsi.o)
                0x080011c4                __fixunssfsi
                0x080011c4                __aeabi_f2uiz
 .text          0x08001204       0x30 c:/progra~1/gcc-arm-none-eabi-10.3-2021.10-win32/gcc-arm-none-eabi-10.3-2021.10/bin/../lib/gcc/arm-none-eabi/10.3.1/thumb/v7e-m/nofp\libgcc.a(_aeabi_uldivmod.o)
                0x08001204                __aeabi_uldivmod
 .text          0x08001234      0x2d0 c:/progra~1/gcc-arm-none-eabi-10.3-2021.10-win32/gcc-arm-none-eabi-10.3-2021.10/bin/../lib/gcc/arm-none-eabi/10.3.1/thumb/v7e-m/nofp\libgcc.a(_udivmoddi4.o)
                0x08001234                __udivmoddi4
 .text          0x08001504        0x4 c:/progra~1/gcc-arm-none-eabi-10.3-2021.10-win32/gcc-arm-none-eabi-10.3-2021.10/bin/../lib/gcc/arm-none-eabi/10.3.1/thumb/v7e-m/nofp\libgcc.a(_dvmd_tls.o)
                0x08001504                __aeabi_idiv0
                0x08001504                __aeabi_ldiv0
 *fill*         0x08001508       0x38 
 .text          0x08001540       0xdc c:/progra~1/gcc-arm-none-eabi-10.3-2021.10-win32/gcc-arm-none-eabi-10.3-2021.10/bin/../lib/gcc/arm-none-eabi/10.3.1/../../../../arm-none-eabi/lib/thumb/v7e-m/nofp\libg.a(lib_a-strlen.o)
                0x08001540                strlen
 *fill*         0x0800161c        0x4 
 .text          0x08001620       0xa0 c:/progra~1/gcc-arm-none-eabi-10.3-2021.10-win32/gcc-arm-none-eabi-10.3-2021.10/bin/../lib/gcc/arm-none-eabi/10.3.1/../../../../arm-none-eabi/lib/thumb/v7e-m/nofp\libg.a(lib_a-memchr.o)
                0x08001620                memchr
 .text          0x080016c0      0x134 c:/progra~1/gcc-arm-none-eabi-10.3-2021.10-win32/gcc-arm-none-eabi-10.3-2021.10/bin/../lib/gcc/arm-none-eabi/10.3.1/../../../../arm-none-eabi/lib/thumb/v7e-m/nofp\libg.a(lib_a-memcpy.o)
                0x080016c0                memcpy
 .text          0x080017f4       0x2c c:/progra~1/gcc-arm-none-eabi-10.3-2021.10-win32/gcc-arm-none-eabi-10.3-2021.10/bin/../lib/gcc/arm-none-eabi/10.3.1/thumb/v7e-m/nofp\libgcc.a(_arm_unorddf2.o)
                0x080017f4                __unorddf2
                0x080017f4                __aeabi_dcmpun
 *(.text*)
 .text.for_delay_us
                0x08001820       0x12 CMakeFiles/BLDC5.elf.dir/Core/Src/AS5047.c.obj
                0x08001820                for_delay_us
 *fill*         0x08001832        0x2 
 .text.SPI_Init
                0x08001834       0xc4 CMakeFiles/BLDC5.elf.dir/Core/Src/AS5047.c.obj
                0x08001834                SPI_Init
 .text.SOFT_SPI_RW_MODE1
                0x080018f8       0x7c CMakeFiles/BLDC5.elf.dir/Core/Src/AS5047.c.obj
                0x080018f8                SOFT_SPI_RW_MODE1
 .text.SPIx_ReadWrite_Byte
                0x08001974       0x1c CMakeFiles/BLDC5.elf.dir/Core/Src/AS5047.c.obj
                0x08001974                SPIx_ReadWrite_Byte
 .text.Read_Register
                0x08001990       0x60 CMakeFiles/BLDC5.elf.dir/Core/Src/AS5047.c.obj
                0x08001990                Read_Register
 .text.Get_Angle2
                0x080019f0       0x30 CMakeFiles/BLDC5.elf.dir/Core/Src/AS5047.c.obj
                0x080019f0                Get_Angle2
 .text.getVelocity
                0x08001a20       0xb0 CMakeFiles/BLDC5.elf.dir/Core/Src/AS5047.c.obj
                0x08001a20                getVelocity
 .text.Sensor_lnit
                0x08001ad0        0xc CMakeFiles/BLDC5.elf.dir/Core/Src/AS5047.c.obj
                0x08001ad0                Sensor_lnit
 .text.MX_ADC1_Init
                0x08001adc       0xa0 CMakeFiles/BLDC5.elf.dir/Core/Src/adc.c.obj
                0x08001adc                MX_ADC1_Init
 .text.HAL_ADC_MspInit
                0x08001b7c       0x84 CMakeFiles/BLDC5.elf.dir/Core/Src/adc.c.obj
                0x08001b7c                HAL_ADC_MspInit
 .text._electricalAngle
                0x08001c00       0x12 CMakeFiles/BLDC5.elf.dir/Core/Src/foc.c.obj
                0x08001c00                _electricalAngle
 *fill*         0x08001c12        0x6 
 .text._sin2    0x08001c18      0x1f0 CMakeFiles/BLDC5.elf.dir/Core/Src/foc.c.obj
                0x08001c18                _sin2
 .text._normalizeAngle2
                0x08001e08       0x48 CMakeFiles/BLDC5.elf.dir/Core/Src/foc.c.obj
                0x08001e08                _normalizeAngle2
 .text._sqrtApprox2
                0x08001e50       0x14 CMakeFiles/BLDC5.elf.dir/Core/Src/foc.c.obj
                0x08001e50                _sqrtApprox2
 *fill*         0x08001e64        0x4 
 .text.setPhaseVoltage2
                0x08001e68      0x318 CMakeFiles/BLDC5.elf.dir/Core/Src/foc.c.obj
                0x08001e68                setPhaseVoltage2
 .text.velocityOpenloop
                0x08002180       0x40 CMakeFiles/BLDC5.elf.dir/Core/Src/foc.c.obj
                0x08002180                velocityOpenloop
 .text.LPF_velocity
                0x080021c0       0x54 CMakeFiles/BLDC5.elf.dir/Core/Src/foc.c.obj
                0x080021c0                LPF_velocity
 .text.shaftAngle
                0x08002214       0x2c CMakeFiles/BLDC5.elf.dir/Core/Src/foc.c.obj
                0x08002214                shaftAngle
 .text.shaftVelocity
                0x08002240       0x24 CMakeFiles/BLDC5.elf.dir/Core/Src/foc.c.obj
                0x08002240                shaftVelocity
 .text.alignSensor
                0x08002264       0x74 CMakeFiles/BLDC5.elf.dir/Core/Src/foc.c.obj
                0x08002264                alignSensor
 .text.PID_init
                0x080022d8       0x80 CMakeFiles/BLDC5.elf.dir/Core/Src/foc.c.obj
                0x080022d8                PID_init
 .text.Motor_init
                0x08002358       0x58 CMakeFiles/BLDC5.elf.dir/Core/Src/foc.c.obj
                0x08002358                Motor_init
 .text.Motor_initFOC
                0x080023b0       0x54 CMakeFiles/BLDC5.elf.dir/Core/Src/foc.c.obj
                0x080023b0                Motor_initFOC
 .text.foc_Init
                0x08002404       0x98 CMakeFiles/BLDC5.elf.dir/Core/Src/foc.c.obj
                0x08002404                foc_Init
 .text.MX_GPIO_Init
                0x0800249c       0xa0 CMakeFiles/BLDC5.elf.dir/Core/Src/gpio.c.obj
                0x0800249c                MX_GPIO_Init
 .text.interrupt_Init
                0x0800253c       0x18 CMakeFiles/BLDC5.elf.dir/Core/Src/interrupt.c.obj
                0x0800253c                interrupt_Init
 .text.HAL_TIM_PeriodElapsedCallback
                0x08002554        0x2 CMakeFiles/BLDC5.elf.dir/Core/Src/interrupt.c.obj
                0x08002554                HAL_TIM_PeriodElapsedCallback
 .text.Error_Handler
                0x08002556        0x4 CMakeFiles/BLDC5.elf.dir/Core/Src/main.c.obj
                0x08002556                Error_Handler
 .text.SystemClock_Config
                0x0800255a       0x74 CMakeFiles/BLDC5.elf.dir/Core/Src/main.c.obj
                0x0800255a                SystemClock_Config
 *fill*         0x080025ce        0x2 
 .text.main     0x080025d0       0xdc CMakeFiles/BLDC5.elf.dir/Core/Src/main.c.obj
                0x080025d0                main
 .text.RetargetInit
                0x080026ac       0x20 CMakeFiles/BLDC5.elf.dir/Core/Src/retarget.c.obj
                0x080026ac                RetargetInit
 .text._isatty  0x080026cc       0x16 CMakeFiles/BLDC5.elf.dir/Core/Src/retarget.c.obj
                0x080026cc                _isatty
 *fill*         0x080026e2        0x2 
 .text._write   0x080026e4       0x34 CMakeFiles/BLDC5.elf.dir/Core/Src/retarget.c.obj
                0x080026e4                _write
 .text._close   0x08002718       0x18 CMakeFiles/BLDC5.elf.dir/Core/Src/retarget.c.obj
                0x08002718                _close
 .text._lseek   0x08002730       0x10 CMakeFiles/BLDC5.elf.dir/Core/Src/retarget.c.obj
                0x08002730                _lseek
 .text._read    0x08002740       0x30 CMakeFiles/BLDC5.elf.dir/Core/Src/retarget.c.obj
                0x08002740                _read
 .text._fstat   0x08002770       0x1a CMakeFiles/BLDC5.elf.dir/Core/Src/retarget.c.obj
                0x08002770                _fstat
 *fill*         0x0800278a        0x2 
 .text.HAL_MspInit
                0x0800278c       0x38 CMakeFiles/BLDC5.elf.dir/Core/Src/stm32g4xx_hal_msp.c.obj
                0x0800278c                HAL_MspInit
 .text.NMI_Handler
                0x080027c4        0x2 CMakeFiles/BLDC5.elf.dir/Core/Src/stm32g4xx_it.c.obj
                0x080027c4                NMI_Handler
 .text.HardFault_Handler
                0x080027c6        0x2 CMakeFiles/BLDC5.elf.dir/Core/Src/stm32g4xx_it.c.obj
                0x080027c6                HardFault_Handler
 .text.MemManage_Handler
                0x080027c8        0x2 CMakeFiles/BLDC5.elf.dir/Core/Src/stm32g4xx_it.c.obj
                0x080027c8                MemManage_Handler
 .text.BusFault_Handler
                0x080027ca        0x2 CMakeFiles/BLDC5.elf.dir/Core/Src/stm32g4xx_it.c.obj
                0x080027ca                BusFault_Handler
 .text.UsageFault_Handler
                0x080027cc        0x2 CMakeFiles/BLDC5.elf.dir/Core/Src/stm32g4xx_it.c.obj
                0x080027cc                UsageFault_Handler
 .text.SVC_Handler
                0x080027ce        0x2 CMakeFiles/BLDC5.elf.dir/Core/Src/stm32g4xx_it.c.obj
                0x080027ce                SVC_Handler
 .text.DebugMon_Handler
                0x080027d0        0x2 CMakeFiles/BLDC5.elf.dir/Core/Src/stm32g4xx_it.c.obj
                0x080027d0                DebugMon_Handler
 .text.PendSV_Handler
                0x080027d2        0x2 CMakeFiles/BLDC5.elf.dir/Core/Src/stm32g4xx_it.c.obj
                0x080027d2                PendSV_Handler
 .text.SysTick_Handler
                0x080027d4        0x8 CMakeFiles/BLDC5.elf.dir/Core/Src/stm32g4xx_it.c.obj
                0x080027d4                SysTick_Handler
 .text.TIM2_IRQHandler
                0x080027dc       0x48 CMakeFiles/BLDC5.elf.dir/Core/Src/stm32g4xx_it.c.obj
                0x080027dc                TIM2_IRQHandler
 .text.TIM4_IRQHandler
                0x08002824       0x40 CMakeFiles/BLDC5.elf.dir/Core/Src/stm32g4xx_it.c.obj
                0x08002824                TIM4_IRQHandler
 .text._getpid  0x08002864        0x4 CMakeFiles/BLDC5.elf.dir/Core/Src/syscalls.c.obj
                0x08002864                _getpid
 .text._kill    0x08002868       0x10 CMakeFiles/BLDC5.elf.dir/Core/Src/syscalls.c.obj
                0x08002868                _kill
 .text._exit    0x08002878        0xc CMakeFiles/BLDC5.elf.dir/Core/Src/syscalls.c.obj
                0x08002878                _exit
 .text._sbrk    0x08002884       0x48 CMakeFiles/BLDC5.elf.dir/Core/Src/sysmem.c.obj
                0x08002884                _sbrk
 .text.SystemInit
                0x080028cc        0x2 CMakeFiles/BLDC5.elf.dir/Core/Src/system_stm32g4xx.c.obj
                0x080028cc                SystemInit
 *fill*         0x080028ce        0x2 
 .text.MX_TIM2_Init
                0x080028d0       0x70 CMakeFiles/BLDC5.elf.dir/Core/Src/tim.c.obj
                0x080028d0                MX_TIM2_Init
 .text.MX_TIM4_Init
                0x08002940       0x70 CMakeFiles/BLDC5.elf.dir/Core/Src/tim.c.obj
                0x08002940                MX_TIM4_Init
 .text.HAL_TIM_Base_MspInit
                0x080029b0       0x90 CMakeFiles/BLDC5.elf.dir/Core/Src/tim.c.obj
                0x080029b0                HAL_TIM_Base_MspInit
 .text.HAL_TIM_MspPostInit
                0x08002a40       0x54 CMakeFiles/BLDC5.elf.dir/Core/Src/tim.c.obj
                0x08002a40                HAL_TIM_MspPostInit
 .text.MX_TIM1_Init
                0x08002a94      0x128 CMakeFiles/BLDC5.elf.dir/Core/Src/tim.c.obj
                0x08002a94                MX_TIM1_Init
 .text.MX_USART2_UART_Init
                0x08002bbc       0x68 CMakeFiles/BLDC5.elf.dir/Core/Src/usart.c.obj
                0x08002bbc                MX_USART2_UART_Init
 .text.HAL_UART_MspInit
                0x08002c24       0xb4 CMakeFiles/BLDC5.elf.dir/Core/Src/usart.c.obj
                0x08002c24                HAL_UART_MspInit
 .text.Reset_Handler
                0x08002cd8       0x50 CMakeFiles/BLDC5.elf.dir/Core/Startup/startup_stm32g431cbtx.s.obj
                0x08002cd8                Reset_Handler
 .text.Default_Handler
                0x08002d28        0x2 CMakeFiles/BLDC5.elf.dir/Core/Startup/startup_stm32g431cbtx.s.obj
                0x08002d28                RTC_Alarm_IRQHandler
                0x08002d28                EXTI2_IRQHandler
                0x08002d28                TIM8_TRG_COM_IRQHandler
                0x08002d28                TIM8_CC_IRQHandler
                0x08002d28                TIM1_CC_IRQHandler
                0x08002d28                USB_HP_IRQHandler
                0x08002d28                CORDIC_IRQHandler
                0x08002d28                EXTI3_IRQHandler
                0x08002d28                I2C3_ER_IRQHandler
                0x08002d28                EXTI0_IRQHandler
                0x08002d28                I2C2_EV_IRQHandler
                0x08002d28                FPU_IRQHandler
                0x08002d28                FDCAN1_IT1_IRQHandler
                0x08002d28                TIM1_UP_TIM16_IRQHandler
                0x08002d28                ADC1_2_IRQHandler
                0x08002d28                SPI1_IRQHandler
                0x08002d28                TIM6_DAC_IRQHandler
                0x08002d28                TIM8_UP_IRQHandler
                0x08002d28                DMA2_Channel2_IRQHandler
                0x08002d28                DMA1_Channel4_IRQHandler
                0x08002d28                USART3_IRQHandler
                0x08002d28                DMA2_Channel1_IRQHandler
                0x08002d28                I2C1_EV_IRQHandler
                0x08002d28                DMA1_Channel6_IRQHandler
                0x08002d28                UART4_IRQHandler
                0x08002d28                DMA2_Channel4_IRQHandler
                0x08002d28                TIM3_IRQHandler
                0x08002d28                RCC_IRQHandler
                0x08002d28                DMA1_Channel1_IRQHandler
                0x08002d28                Default_Handler
                0x08002d28                RTC_TAMP_LSECSS_IRQHandler
                0x08002d28                FMAC_IRQHandler
                0x08002d28                EXTI15_10_IRQHandler
                0x08002d28                TIM7_IRQHandler
                0x08002d28                UCPD1_IRQHandler
                0x08002d28                I2C3_EV_IRQHandler
                0x08002d28                EXTI9_5_IRQHandler
                0x08002d28                RTC_WKUP_IRQHandler
                0x08002d28                PVD_PVM_IRQHandler
                0x08002d28                SPI2_IRQHandler
                0x08002d28                DMA2_Channel5_IRQHandler
                0x08002d28                CRS_IRQHandler
                0x08002d28                DMA1_Channel5_IRQHandler
                0x08002d28                USB_LP_IRQHandler
                0x08002d28                EXTI4_IRQHandler
                0x08002d28                RNG_IRQHandler
                0x08002d28                TIM1_TRG_COM_TIM17_IRQHandler
                0x08002d28                DMA1_Channel3_IRQHandler
                0x08002d28                WWDG_IRQHandler
                0x08002d28                LPUART1_IRQHandler
                0x08002d28                DMA2_Channel6_IRQHandler
                0x08002d28                FDCAN1_IT0_IRQHandler
                0x08002d28                COMP1_2_3_IRQHandler
                0x08002d28                EXTI1_IRQHandler
                0x08002d28                USART2_IRQHandler
                0x08002d28                I2C2_ER_IRQHandler
                0x08002d28                DMA1_Channel2_IRQHandler
                0x08002d28                TIM8_BRK_IRQHandler
                0x08002d28                FLASH_IRQHandler
                0x08002d28                USART1_IRQHandler
                0x08002d28                SPI3_IRQHandler
                0x08002d28                I2C1_ER_IRQHandler
                0x08002d28                LPTIM1_IRQHandler
                0x08002d28                DMAMUX_OVR_IRQHandler
                0x08002d28                USBWakeUp_IRQHandler
                0x08002d28                SAI1_IRQHandler
                0x08002d28                DMA2_Channel3_IRQHandler
                0x08002d28                COMP4_IRQHandler
                0x08002d28                TIM1_BRK_TIM15_IRQHandler
 *fill*         0x08002d2a        0x2 
 .text.HAL_InitTick
                0x08002d2c       0x50 CMakeFiles/BLDC5.elf.dir/Drivers/STM32G4xx_HAL_Driver/Src/stm32g4xx_hal.c.obj
                0x08002d2c                HAL_InitTick
 .text.HAL_Init
                0x08002d7c       0x1e CMakeFiles/BLDC5.elf.dir/Drivers/STM32G4xx_HAL_Driver/Src/stm32g4xx_hal.c.obj
                0x08002d7c                HAL_Init
 *fill*         0x08002d9a        0x2 
 .text.HAL_IncTick
                0x08002d9c       0x18 CMakeFiles/BLDC5.elf.dir/Drivers/STM32G4xx_HAL_Driver/Src/stm32g4xx_hal.c.obj
                0x08002d9c                HAL_IncTick
 .text.HAL_GetTick
                0x08002db4        0xc CMakeFiles/BLDC5.elf.dir/Drivers/STM32G4xx_HAL_Driver/Src/stm32g4xx_hal.c.obj
                0x08002db4                HAL_GetTick
 .text.HAL_Delay
                0x08002dc0       0x28 CMakeFiles/BLDC5.elf.dir/Drivers/STM32G4xx_HAL_Driver/Src/stm32g4xx_hal.c.obj
                0x08002dc0                HAL_Delay
 .text.HAL_ADC_Init
                0x08002de8      0x240 CMakeFiles/BLDC5.elf.dir/Drivers/STM32G4xx_HAL_Driver/Src/stm32g4xx_hal_adc.c.obj
                0x08002de8                HAL_ADC_Init
 .text.HAL_ADC_ConfigChannel
                0x08003028      0x4e4 CMakeFiles/BLDC5.elf.dir/Drivers/STM32G4xx_HAL_Driver/Src/stm32g4xx_hal_adc.c.obj
                0x08003028                HAL_ADC_ConfigChannel
 .text.HAL_ADCEx_MultiModeConfigChannel
                0x0800350c      0x114 CMakeFiles/BLDC5.elf.dir/Drivers/STM32G4xx_HAL_Driver/Src/stm32g4xx_hal_adc_ex.c.obj
                0x0800350c                HAL_ADCEx_MultiModeConfigChannel
 .text.HAL_NVIC_SetPriorityGrouping
                0x08003620       0x24 CMakeFiles/BLDC5.elf.dir/Drivers/STM32G4xx_HAL_Driver/Src/stm32g4xx_hal_cortex.c.obj
                0x08003620                HAL_NVIC_SetPriorityGrouping
 .text.HAL_NVIC_SetPriority
                0x08003644       0x70 CMakeFiles/BLDC5.elf.dir/Drivers/STM32G4xx_HAL_Driver/Src/stm32g4xx_hal_cortex.c.obj
                0x08003644                HAL_NVIC_SetPriority
 .text.HAL_NVIC_EnableIRQ
                0x080036b4       0x1c CMakeFiles/BLDC5.elf.dir/Drivers/STM32G4xx_HAL_Driver/Src/stm32g4xx_hal_cortex.c.obj
                0x080036b4                HAL_NVIC_EnableIRQ
 .text.HAL_SYSTICK_Config
                0x080036d0       0x28 CMakeFiles/BLDC5.elf.dir/Drivers/STM32G4xx_HAL_Driver/Src/stm32g4xx_hal_cortex.c.obj
                0x080036d0                HAL_SYSTICK_Config
 .text.HAL_GPIO_Init
                0x080036f8      0x1dc CMakeFiles/BLDC5.elf.dir/Drivers/STM32G4xx_HAL_Driver/Src/stm32g4xx_hal_gpio.c.obj
                0x080036f8                HAL_GPIO_Init
 .text.HAL_GPIO_ReadPin
                0x080038d4        0xe CMakeFiles/BLDC5.elf.dir/Drivers/STM32G4xx_HAL_Driver/Src/stm32g4xx_hal_gpio.c.obj
                0x080038d4                HAL_GPIO_ReadPin
 .text.HAL_GPIO_WritePin
                0x080038e2        0xa CMakeFiles/BLDC5.elf.dir/Drivers/STM32G4xx_HAL_Driver/Src/stm32g4xx_hal_gpio.c.obj
                0x080038e2                HAL_GPIO_WritePin
 .text.HAL_GPIO_TogglePin
                0x080038ec       0x12 CMakeFiles/BLDC5.elf.dir/Drivers/STM32G4xx_HAL_Driver/Src/stm32g4xx_hal_gpio.c.obj
                0x080038ec                HAL_GPIO_TogglePin
 *fill*         0x080038fe        0x2 
 .text.HAL_PWREx_ControlVoltageScaling
                0x08003900      0x10c CMakeFiles/BLDC5.elf.dir/Drivers/STM32G4xx_HAL_Driver/Src/stm32g4xx_hal_pwr_ex.c.obj
                0x08003900                HAL_PWREx_ControlVoltageScaling
 .text.HAL_PWREx_DisableUCPDDeadBattery
                0x08003a0c       0x10 CMakeFiles/BLDC5.elf.dir/Drivers/STM32G4xx_HAL_Driver/Src/stm32g4xx_hal_pwr_ex.c.obj
                0x08003a0c                HAL_PWREx_DisableUCPDDeadBattery
 .text.RCC_GetSysClockFreqFromPLLSource
                0x08003a1c       0x54 CMakeFiles/BLDC5.elf.dir/Drivers/STM32G4xx_HAL_Driver/Src/stm32g4xx_hal_rcc.c.obj
 .text.HAL_RCC_OscConfig
                0x08003a70      0x4e8 CMakeFiles/BLDC5.elf.dir/Drivers/STM32G4xx_HAL_Driver/Src/stm32g4xx_hal_rcc.c.obj
                0x08003a70                HAL_RCC_OscConfig
 .text.HAL_RCC_GetSysClockFreq
                0x08003f58       0x84 CMakeFiles/BLDC5.elf.dir/Drivers/STM32G4xx_HAL_Driver/Src/stm32g4xx_hal_rcc.c.obj
                0x08003f58                HAL_RCC_GetSysClockFreq
 .text.HAL_RCC_ClockConfig
                0x08003fdc      0x1f8 CMakeFiles/BLDC5.elf.dir/Drivers/STM32G4xx_HAL_Driver/Src/stm32g4xx_hal_rcc.c.obj
                0x08003fdc                HAL_RCC_ClockConfig
 .text.HAL_RCC_GetHCLKFreq
                0x080041d4        0xc CMakeFiles/BLDC5.elf.dir/Drivers/STM32G4xx_HAL_Driver/Src/stm32g4xx_hal_rcc.c.obj
                0x080041d4                HAL_RCC_GetHCLKFreq
 .text.HAL_RCC_GetPCLK1Freq
                0x080041e0       0x24 CMakeFiles/BLDC5.elf.dir/Drivers/STM32G4xx_HAL_Driver/Src/stm32g4xx_hal_rcc.c.obj
                0x080041e0                HAL_RCC_GetPCLK1Freq
 .text.HAL_RCC_GetPCLK2Freq
                0x08004204       0x24 CMakeFiles/BLDC5.elf.dir/Drivers/STM32G4xx_HAL_Driver/Src/stm32g4xx_hal_rcc.c.obj
                0x08004204                HAL_RCC_GetPCLK2Freq
 .text.HAL_RCCEx_PeriphCLKConfig
                0x08004228      0x2e4 CMakeFiles/BLDC5.elf.dir/Drivers/STM32G4xx_HAL_Driver/Src/stm32g4xx_hal_rcc_ex.c.obj
                0x08004228                HAL_RCCEx_PeriphCLKConfig
 .text.TIM_OC1_SetConfig
                0x0800450c       0xa0 CMakeFiles/BLDC5.elf.dir/Drivers/STM32G4xx_HAL_Driver/Src/stm32g4xx_hal_tim.c.obj
 .text.TIM_OC3_SetConfig
                0x080045ac       0x8c CMakeFiles/BLDC5.elf.dir/Drivers/STM32G4xx_HAL_Driver/Src/stm32g4xx_hal_tim.c.obj
 .text.TIM_OC4_SetConfig
                0x08004638       0x8c CMakeFiles/BLDC5.elf.dir/Drivers/STM32G4xx_HAL_Driver/Src/stm32g4xx_hal_tim.c.obj
 .text.TIM_OC5_SetConfig
                0x080046c4       0x68 CMakeFiles/BLDC5.elf.dir/Drivers/STM32G4xx_HAL_Driver/Src/stm32g4xx_hal_tim.c.obj
 .text.TIM_OC6_SetConfig
                0x0800472c       0x6c CMakeFiles/BLDC5.elf.dir/Drivers/STM32G4xx_HAL_Driver/Src/stm32g4xx_hal_tim.c.obj
 .text.TIM_TI1_ConfigInputStage
                0x08004798       0x24 CMakeFiles/BLDC5.elf.dir/Drivers/STM32G4xx_HAL_Driver/Src/stm32g4xx_hal_tim.c.obj
 .text.TIM_TI2_ConfigInputStage
                0x080047bc       0x26 CMakeFiles/BLDC5.elf.dir/Drivers/STM32G4xx_HAL_Driver/Src/stm32g4xx_hal_tim.c.obj
 .text.TIM_ITRx_SetConfig
                0x080047e2       0x14 CMakeFiles/BLDC5.elf.dir/Drivers/STM32G4xx_HAL_Driver/Src/stm32g4xx_hal_tim.c.obj
 *fill*         0x080047f6        0x2 
 .text.HAL_TIM_Base_Start_IT
                0x080047f8       0x84 CMakeFiles/BLDC5.elf.dir/Drivers/STM32G4xx_HAL_Driver/Src/stm32g4xx_hal_tim.c.obj
                0x080047f8                HAL_TIM_Base_Start_IT
 .text.HAL_TIM_PWM_MspInit
                0x0800487c        0x2 CMakeFiles/BLDC5.elf.dir/Drivers/STM32G4xx_HAL_Driver/Src/stm32g4xx_hal_tim.c.obj
                0x0800487c                HAL_TIM_PWM_MspInit
 .text.HAL_TIM_OC_DelayElapsedCallback
                0x0800487e        0x2 CMakeFiles/BLDC5.elf.dir/Drivers/STM32G4xx_HAL_Driver/Src/stm32g4xx_hal_tim.c.obj
                0x0800487e                HAL_TIM_OC_DelayElapsedCallback
 .text.HAL_TIM_IC_CaptureCallback
                0x08004880        0x2 CMakeFiles/BLDC5.elf.dir/Drivers/STM32G4xx_HAL_Driver/Src/stm32g4xx_hal_tim.c.obj
                0x08004880                HAL_TIM_IC_CaptureCallback
 .text.HAL_TIM_PWM_PulseFinishedCallback
                0x08004882        0x2 CMakeFiles/BLDC5.elf.dir/Drivers/STM32G4xx_HAL_Driver/Src/stm32g4xx_hal_tim.c.obj
                0x08004882                HAL_TIM_PWM_PulseFinishedCallback
 .text.HAL_TIM_TriggerCallback
                0x08004884        0x2 CMakeFiles/BLDC5.elf.dir/Drivers/STM32G4xx_HAL_Driver/Src/stm32g4xx_hal_tim.c.obj
                0x08004884                HAL_TIM_TriggerCallback
 .text.HAL_TIM_IRQHandler
                0x08004886      0x21e CMakeFiles/BLDC5.elf.dir/Drivers/STM32G4xx_HAL_Driver/Src/stm32g4xx_hal_tim.c.obj
                0x08004886                HAL_TIM_IRQHandler
 .text.TIM_Base_SetConfig
                0x08004aa4       0xb8 CMakeFiles/BLDC5.elf.dir/Drivers/STM32G4xx_HAL_Driver/Src/stm32g4xx_hal_tim.c.obj
                0x08004aa4                TIM_Base_SetConfig
 .text.HAL_TIM_Base_Init
                0x08004b5c       0x60 CMakeFiles/BLDC5.elf.dir/Drivers/STM32G4xx_HAL_Driver/Src/stm32g4xx_hal_tim.c.obj
                0x08004b5c                HAL_TIM_Base_Init
 .text.HAL_TIM_PWM_Init
                0x08004bbc       0x60 CMakeFiles/BLDC5.elf.dir/Drivers/STM32G4xx_HAL_Driver/Src/stm32g4xx_hal_tim.c.obj
                0x08004bbc                HAL_TIM_PWM_Init
 .text.TIM_OC2_SetConfig
                0x08004c1c       0x8c CMakeFiles/BLDC5.elf.dir/Drivers/STM32G4xx_HAL_Driver/Src/stm32g4xx_hal_tim.c.obj
                0x08004c1c                TIM_OC2_SetConfig
 .text.HAL_TIM_PWM_ConfigChannel
                0x08004ca8      0x13a CMakeFiles/BLDC5.elf.dir/Drivers/STM32G4xx_HAL_Driver/Src/stm32g4xx_hal_tim.c.obj
                0x08004ca8                HAL_TIM_PWM_ConfigChannel
 .text.TIM_ETR_SetConfig
                0x08004de2       0x18 CMakeFiles/BLDC5.elf.dir/Drivers/STM32G4xx_HAL_Driver/Src/stm32g4xx_hal_tim.c.obj
                0x08004de2                TIM_ETR_SetConfig
 *fill*         0x08004dfa        0x2 
 .text.HAL_TIM_ConfigClockSource
                0x08004dfc      0x138 CMakeFiles/BLDC5.elf.dir/Drivers/STM32G4xx_HAL_Driver/Src/stm32g4xx_hal_tim.c.obj
                0x08004dfc                HAL_TIM_ConfigClockSource
 .text.TIM_CCxChannelCmd
                0x08004f34       0x1e CMakeFiles/BLDC5.elf.dir/Drivers/STM32G4xx_HAL_Driver/Src/stm32g4xx_hal_tim.c.obj
                0x08004f34                TIM_CCxChannelCmd
 *fill*         0x08004f52        0x2 
 .text.HAL_TIM_PWM_Start
                0x08004f54      0x158 CMakeFiles/BLDC5.elf.dir/Drivers/STM32G4xx_HAL_Driver/Src/stm32g4xx_hal_tim.c.obj
                0x08004f54                HAL_TIM_PWM_Start
 .text.HAL_TIMEx_MasterConfigSynchronization
                0x080050ac       0x94 CMakeFiles/BLDC5.elf.dir/Drivers/STM32G4xx_HAL_Driver/Src/stm32g4xx_hal_tim_ex.c.obj
                0x080050ac                HAL_TIMEx_MasterConfigSynchronization
 .text.HAL_TIMEx_ConfigBreakDeadTime
                0x08005140       0xbc CMakeFiles/BLDC5.elf.dir/Drivers/STM32G4xx_HAL_Driver/Src/stm32g4xx_hal_tim_ex.c.obj
                0x08005140                HAL_TIMEx_ConfigBreakDeadTime
 .text.HAL_TIMEx_CommutCallback
                0x080051fc        0x2 CMakeFiles/BLDC5.elf.dir/Drivers/STM32G4xx_HAL_Driver/Src/stm32g4xx_hal_tim_ex.c.obj
                0x080051fc                HAL_TIMEx_CommutCallback
 .text.HAL_TIMEx_BreakCallback
                0x080051fe        0x2 CMakeFiles/BLDC5.elf.dir/Drivers/STM32G4xx_HAL_Driver/Src/stm32g4xx_hal_tim_ex.c.obj
                0x080051fe                HAL_TIMEx_BreakCallback
 .text.HAL_TIMEx_Break2Callback
                0x08005200        0x2 CMakeFiles/BLDC5.elf.dir/Drivers/STM32G4xx_HAL_Driver/Src/stm32g4xx_hal_tim_ex.c.obj
                0x08005200                HAL_TIMEx_Break2Callback
 .text.HAL_TIMEx_EncoderIndexCallback
                0x08005202        0x2 CMakeFiles/BLDC5.elf.dir/Drivers/STM32G4xx_HAL_Driver/Src/stm32g4xx_hal_tim_ex.c.obj
                0x08005202                HAL_TIMEx_EncoderIndexCallback
 .text.HAL_TIMEx_DirectionChangeCallback
                0x08005204        0x2 CMakeFiles/BLDC5.elf.dir/Drivers/STM32G4xx_HAL_Driver/Src/stm32g4xx_hal_tim_ex.c.obj
                0x08005204                HAL_TIMEx_DirectionChangeCallback
 .text.HAL_TIMEx_IndexErrorCallback
                0x08005206        0x2 CMakeFiles/BLDC5.elf.dir/Drivers/STM32G4xx_HAL_Driver/Src/stm32g4xx_hal_tim_ex.c.obj
                0x08005206                HAL_TIMEx_IndexErrorCallback
 .text.HAL_TIMEx_TransitionErrorCallback
                0x08005208        0x2 CMakeFiles/BLDC5.elf.dir/Drivers/STM32G4xx_HAL_Driver/Src/stm32g4xx_hal_tim_ex.c.obj
                0x08005208                HAL_TIMEx_TransitionErrorCallback
 *fill*         0x0800520a        0x2 
 .text.UART_SetConfig
                0x0800520c      0x344 CMakeFiles/BLDC5.elf.dir/Drivers/STM32G4xx_HAL_Driver/Src/stm32g4xx_hal_uart.c.obj
                0x0800520c                UART_SetConfig
 .text.UART_AdvFeatureConfig
                0x08005550       0xca CMakeFiles/BLDC5.elf.dir/Drivers/STM32G4xx_HAL_Driver/Src/stm32g4xx_hal_uart.c.obj
                0x08005550                UART_AdvFeatureConfig
 .text.UART_WaitOnFlagUntilTimeout
                0x0800561a       0xdc CMakeFiles/BLDC5.elf.dir/Drivers/STM32G4xx_HAL_Driver/Src/stm32g4xx_hal_uart.c.obj
                0x0800561a                UART_WaitOnFlagUntilTimeout
 .text.HAL_UART_Transmit
                0x080056f6       0xde CMakeFiles/BLDC5.elf.dir/Drivers/STM32G4xx_HAL_Driver/Src/stm32g4xx_hal_uart.c.obj
                0x080056f6                HAL_UART_Transmit
 .text.HAL_UART_Receive
                0x080057d4      0x12c CMakeFiles/BLDC5.elf.dir/Drivers/STM32G4xx_HAL_Driver/Src/stm32g4xx_hal_uart.c.obj
                0x080057d4                HAL_UART_Receive
 .text.UART_CheckIdleState
                0x08005900       0x74 CMakeFiles/BLDC5.elf.dir/Drivers/STM32G4xx_HAL_Driver/Src/stm32g4xx_hal_uart.c.obj
                0x08005900                UART_CheckIdleState
 .text.HAL_UART_Init
                0x08005974       0x66 CMakeFiles/BLDC5.elf.dir/Drivers/STM32G4xx_HAL_Driver/Src/stm32g4xx_hal_uart.c.obj
                0x08005974                HAL_UART_Init
 *fill*         0x080059da        0x2 
 .text.UARTEx_SetNbDataToProcess
                0x080059dc       0x4c CMakeFiles/BLDC5.elf.dir/Drivers/STM32G4xx_HAL_Driver/Src/stm32g4xx_hal_uart_ex.c.obj
 .text.HAL_UARTEx_DisableFifoMode
                0x08005a28       0x3e CMakeFiles/BLDC5.elf.dir/Drivers/STM32G4xx_HAL_Driver/Src/stm32g4xx_hal_uart_ex.c.obj
                0x08005a28                HAL_UARTEx_DisableFifoMode
 .text.HAL_UARTEx_SetTxFifoThreshold
                0x08005a66       0x4a CMakeFiles/BLDC5.elf.dir/Drivers/STM32G4xx_HAL_Driver/Src/stm32g4xx_hal_uart_ex.c.obj
                0x08005a66                HAL_UARTEx_SetTxFifoThreshold
 .text.HAL_UARTEx_SetRxFifoThreshold
                0x08005ab0       0x4a CMakeFiles/BLDC5.elf.dir/Drivers/STM32G4xx_HAL_Driver/Src/stm32g4xx_hal_uart_ex.c.obj
                0x08005ab0                HAL_UARTEx_SetRxFifoThreshold
 *fill*         0x08005afa        0x2 
 .text.__errno  0x08005afc        0xc c:/progra~1/gcc-arm-none-eabi-10.3-2021.10-win32/gcc-arm-none-eabi-10.3-2021.10/bin/../lib/gcc/arm-none-eabi/10.3.1/../../../../arm-none-eabi/lib/thumb/v7e-m/nofp\libg.a(lib_a-errno.o)
                0x08005afc                __errno
 .text.__libc_init_array
                0x08005b08       0x48 c:/progra~1/gcc-arm-none-eabi-10.3-2021.10-win32/gcc-arm-none-eabi-10.3-2021.10/bin/../lib/gcc/arm-none-eabi/10.3.1/../../../../arm-none-eabi/lib/thumb/v7e-m/nofp\libg.a(lib_a-init.o)
                0x08005b08                __libc_init_array
 .text.memset   0x08005b50       0xa4 c:/progra~1/gcc-arm-none-eabi-10.3-2021.10-win32/gcc-arm-none-eabi-10.3-2021.10/bin/../lib/gcc/arm-none-eabi/10.3.1/../../../../arm-none-eabi/lib/thumb/v7e-m/nofp\libg.a(lib_a-memset.o)
                0x08005b50                memset
 .text.printf   0x08005bf4       0x28 c:/progra~1/gcc-arm-none-eabi-10.3-2021.10-win32/gcc-arm-none-eabi-10.3-2021.10/bin/../lib/gcc/arm-none-eabi/10.3.1/../../../../arm-none-eabi/lib/thumb/v7e-m/nofp\libg.a(lib_a-printf.o)
                0x08005bf4                printf
 .text._puts_r  0x08005c1c       0x9c c:/progra~1/gcc-arm-none-eabi-10.3-2021.10-win32/gcc-arm-none-eabi-10.3-2021.10/bin/../lib/gcc/arm-none-eabi/10.3.1/../../../../arm-none-eabi/lib/thumb/v7e-m/nofp\libg.a(lib_a-puts.o)
                0x08005c1c                _puts_r
 .text.puts     0x08005cb8       0x10 c:/progra~1/gcc-arm-none-eabi-10.3-2021.10-win32/gcc-arm-none-eabi-10.3-2021.10/bin/../lib/gcc/arm-none-eabi/10.3.1/../../../../arm-none-eabi/lib/thumb/v7e-m/nofp\libg.a(lib_a-puts.o)
                0x08005cb8                puts
 .text.setvbuf  0x08005cc8      0x1b0 c:/progra~1/gcc-arm-none-eabi-10.3-2021.10-win32/gcc-arm-none-eabi-10.3-2021.10/bin/../lib/gcc/arm-none-eabi/10.3.1/../../../../arm-none-eabi/lib/thumb/v7e-m/nofp\libg.a(lib_a-setvbuf.o)
                0x08005cc8                setvbuf
 .text._vfprintf_r
                0x08005e78     0x1ad4 c:/progra~1/gcc-arm-none-eabi-10.3-2021.10-win32/gcc-arm-none-eabi-10.3-2021.10/bin/../lib/gcc/arm-none-eabi/10.3.1/../../../../arm-none-eabi/lib/thumb/v7e-m/nofp\libg.a(lib_a-vfprintf.o)
                0x08005e78                _vfprintf_r
 .text.__sbprintf
                0x0800794c       0x80 c:/progra~1/gcc-arm-none-eabi-10.3-2021.10-win32/gcc-arm-none-eabi-10.3-2021.10/bin/../lib/gcc/arm-none-eabi/10.3.1/../../../../arm-none-eabi/lib/thumb/v7e-m/nofp\libg.a(lib_a-vfprintf.o)
 .text.__swsetup_r
                0x080079cc       0xd4 c:/progra~1/gcc-arm-none-eabi-10.3-2021.10-win32/gcc-arm-none-eabi-10.3-2021.10/bin/../lib/gcc/arm-none-eabi/10.3.1/../../../../arm-none-eabi/lib/thumb/v7e-m/nofp\libg.a(lib_a-wsetup.o)
                0x080079cc                __swsetup_r
 .text.startup.register_fini
                0x08007aa0       0x14 c:/progra~1/gcc-arm-none-eabi-10.3-2021.10-win32/gcc-arm-none-eabi-10.3-2021.10/bin/../lib/gcc/arm-none-eabi/10.3.1/../../../../arm-none-eabi/lib/thumb/v7e-m/nofp\libg.a(lib_a-__call_atexit.o)
 .text.atexit   0x08007ab4        0xc c:/progra~1/gcc-arm-none-eabi-10.3-2021.10-win32/gcc-arm-none-eabi-10.3-2021.10/bin/../lib/gcc/arm-none-eabi/10.3.1/../../../../arm-none-eabi/lib/thumb/v7e-m/nofp\libg.a(lib_a-atexit.o)
                0x08007ab4                atexit
 .text.quorem   0x08007ac0      0x124 c:/progra~1/gcc-arm-none-eabi-10.3-2021.10-win32/gcc-arm-none-eabi-10.3-2021.10/bin/../lib/gcc/arm-none-eabi/10.3.1/../../../../arm-none-eabi/lib/thumb/v7e-m/nofp\libg.a(lib_a-dtoa.o)
 *fill*         0x08007be4        0x4 
 .text._dtoa_r  0x08007be8      0xec4 c:/progra~1/gcc-arm-none-eabi-10.3-2021.10-win32/gcc-arm-none-eabi-10.3-2021.10/bin/../lib/gcc/arm-none-eabi/10.3.1/../../../../arm-none-eabi/lib/thumb/v7e-m/nofp\libg.a(lib_a-dtoa.o)
                0x08007be8                _dtoa_r
 .text.__sflush_r
                0x08008aac      0x120 c:/progra~1/gcc-arm-none-eabi-10.3-2021.10-win32/gcc-arm-none-eabi-10.3-2021.10/bin/../lib/gcc/arm-none-eabi/10.3.1/../../../../arm-none-eabi/lib/thumb/v7e-m/nofp\libg.a(lib_a-fflush.o)
                0x08008aac                __sflush_r
 .text._fflush_r
                0x08008bcc       0x5c c:/progra~1/gcc-arm-none-eabi-10.3-2021.10-win32/gcc-arm-none-eabi-10.3-2021.10/bin/../lib/gcc/arm-none-eabi/10.3.1/../../../../arm-none-eabi/lib/thumb/v7e-m/nofp\libg.a(lib_a-fflush.o)
                0x08008bcc                _fflush_r
 .text._cleanup_r
                0x08008c28        0xc c:/progra~1/gcc-arm-none-eabi-10.3-2021.10-win32/gcc-arm-none-eabi-10.3-2021.10/bin/../lib/gcc/arm-none-eabi/10.3.1/../../../../arm-none-eabi/lib/thumb/v7e-m/nofp\libg.a(lib_a-findfp.o)
                0x08008c28                _cleanup_r
 .text.__sinit  0x08008c34      0x10c c:/progra~1/gcc-arm-none-eabi-10.3-2021.10-win32/gcc-arm-none-eabi-10.3-2021.10/bin/../lib/gcc/arm-none-eabi/10.3.1/../../../../arm-none-eabi/lib/thumb/v7e-m/nofp\libg.a(lib_a-findfp.o)
                0x08008c34                __sinit
 .text.__sfp_lock_acquire
                0x08008d40        0xc c:/progra~1/gcc-arm-none-eabi-10.3-2021.10-win32/gcc-arm-none-eabi-10.3-2021.10/bin/../lib/gcc/arm-none-eabi/10.3.1/../../../../arm-none-eabi/lib/thumb/v7e-m/nofp\libg.a(lib_a-findfp.o)
                0x08008d40                __sfp_lock_acquire
 .text.__sfp_lock_release
                0x08008d4c        0xc c:/progra~1/gcc-arm-none-eabi-10.3-2021.10-win32/gcc-arm-none-eabi-10.3-2021.10/bin/../lib/gcc/arm-none-eabi/10.3.1/../../../../arm-none-eabi/lib/thumb/v7e-m/nofp\libg.a(lib_a-findfp.o)
                0x08008d4c                __sfp_lock_release
 .text.__libc_fini_array
                0x08008d58       0x2c c:/progra~1/gcc-arm-none-eabi-10.3-2021.10-win32/gcc-arm-none-eabi-10.3-2021.10/bin/../lib/gcc/arm-none-eabi/10.3.1/../../../../arm-none-eabi/lib/thumb/v7e-m/nofp\libg.a(lib_a-fini.o)
                0x08008d58                __libc_fini_array
 .text._malloc_trim_r
                0x08008d84       0xa0 c:/progra~1/gcc-arm-none-eabi-10.3-2021.10-win32/gcc-arm-none-eabi-10.3-2021.10/bin/../lib/gcc/arm-none-eabi/10.3.1/../../../../arm-none-eabi/lib/thumb/v7e-m/nofp\libg.a(lib_a-freer.o)
                0x08008d84                _malloc_trim_r
 .text._free_r  0x08008e24      0x20c c:/progra~1/gcc-arm-none-eabi-10.3-2021.10-win32/gcc-arm-none-eabi-10.3-2021.10/bin/../lib/gcc/arm-none-eabi/10.3.1/../../../../arm-none-eabi/lib/thumb/v7e-m/nofp\libg.a(lib_a-freer.o)
                0x08008e24                _free_r
 .text.__sfvwrite_r
                0x08009030      0x2e8 c:/progra~1/gcc-arm-none-eabi-10.3-2021.10-win32/gcc-arm-none-eabi-10.3-2021.10/bin/../lib/gcc/arm-none-eabi/10.3.1/../../../../arm-none-eabi/lib/thumb/v7e-m/nofp\libg.a(lib_a-fvwrite.o)
                0x08009030                __sfvwrite_r
 .text._fwalk_reent
                0x08009318       0x48 c:/progra~1/gcc-arm-none-eabi-10.3-2021.10-win32/gcc-arm-none-eabi-10.3-2021.10/bin/../lib/gcc/arm-none-eabi/10.3.1/../../../../arm-none-eabi/lib/thumb/v7e-m/nofp\libg.a(lib_a-fwalk.o)
                0x08009318                _fwalk_reent
 .text._localeconv_r
                0x08009360        0x8 c:/progra~1/gcc-arm-none-eabi-10.3-2021.10-win32/gcc-arm-none-eabi-10.3-2021.10/bin/../lib/gcc/arm-none-eabi/10.3.1/../../../../arm-none-eabi/lib/thumb/v7e-m/nofp\libg.a(lib_a-localeconv.o)
                0x08009360                _localeconv_r
 .text.__retarget_lock_init_recursive
                0x08009368        0x4 c:/progra~1/gcc-arm-none-eabi-10.3-2021.10-win32/gcc-arm-none-eabi-10.3-2021.10/bin/../lib/gcc/arm-none-eabi/10.3.1/../../../../arm-none-eabi/lib/thumb/v7e-m/nofp\libg.a(lib_a-lock.o)
                0x08009368                __retarget_lock_init_recursive
 .text.__retarget_lock_close_recursive
                0x0800936c        0x4 c:/progra~1/gcc-arm-none-eabi-10.3-2021.10-win32/gcc-arm-none-eabi-10.3-2021.10/bin/../lib/gcc/arm-none-eabi/10.3.1/../../../../arm-none-eabi/lib/thumb/v7e-m/nofp\libg.a(lib_a-lock.o)
                0x0800936c                __retarget_lock_close_recursive
 .text.__retarget_lock_acquire_recursive
                0x08009370        0x4 c:/progra~1/gcc-arm-none-eabi-10.3-2021.10-win32/gcc-arm-none-eabi-10.3-2021.10/bin/../lib/gcc/arm-none-eabi/10.3.1/../../../../arm-none-eabi/lib/thumb/v7e-m/nofp\libg.a(lib_a-lock.o)
                0x08009370                __retarget_lock_acquire_recursive
 .text.__retarget_lock_release_recursive
                0x08009374        0x4 c:/progra~1/gcc-arm-none-eabi-10.3-2021.10-win32/gcc-arm-none-eabi-10.3-2021.10/bin/../lib/gcc/arm-none-eabi/10.3.1/../../../../arm-none-eabi/lib/thumb/v7e-m/nofp\libg.a(lib_a-lock.o)
                0x08009374                __retarget_lock_release_recursive
 .text.__smakebuf_r
                0x08009378       0xe0 c:/progra~1/gcc-arm-none-eabi-10.3-2021.10-win32/gcc-arm-none-eabi-10.3-2021.10/bin/../lib/gcc/arm-none-eabi/10.3.1/../../../../arm-none-eabi/lib/thumb/v7e-m/nofp\libg.a(lib_a-makebuf.o)
                0x08009378                __smakebuf_r
 .text.__swhatbuf_r
                0x08009458       0x60 c:/progra~1/gcc-arm-none-eabi-10.3-2021.10-win32/gcc-arm-none-eabi-10.3-2021.10/bin/../lib/gcc/arm-none-eabi/10.3.1/../../../../arm-none-eabi/lib/thumb/v7e-m/nofp\libg.a(lib_a-makebuf.o)
                0x08009458                __swhatbuf_r
 .text.malloc   0x080094b8       0x10 c:/progra~1/gcc-arm-none-eabi-10.3-2021.10-win32/gcc-arm-none-eabi-10.3-2021.10/bin/../lib/gcc/arm-none-eabi/10.3.1/../../../../arm-none-eabi/lib/thumb/v7e-m/nofp\libg.a(lib_a-malloc.o)
                0x080094b8                malloc
 .text._malloc_r
                0x080094c8      0x560 c:/progra~1/gcc-arm-none-eabi-10.3-2021.10-win32/gcc-arm-none-eabi-10.3-2021.10/bin/../lib/gcc/arm-none-eabi/10.3.1/../../../../arm-none-eabi/lib/thumb/v7e-m/nofp\libg.a(lib_a-mallocr.o)
                0x080094c8                _malloc_r
 .text.memmove  0x08009a28       0xf8 c:/progra~1/gcc-arm-none-eabi-10.3-2021.10-win32/gcc-arm-none-eabi-10.3-2021.10/bin/../lib/gcc/arm-none-eabi/10.3.1/../../../../arm-none-eabi/lib/thumb/v7e-m/nofp\libg.a(lib_a-memmove.o)
                0x08009a28                memmove
 .text.__malloc_lock
                0x08009b20        0xc c:/progra~1/gcc-arm-none-eabi-10.3-2021.10-win32/gcc-arm-none-eabi-10.3-2021.10/bin/../lib/gcc/arm-none-eabi/10.3.1/../../../../arm-none-eabi/lib/thumb/v7e-m/nofp\libg.a(lib_a-mlock.o)
                0x08009b20                __malloc_lock
 .text.__malloc_unlock
                0x08009b2c        0xc c:/progra~1/gcc-arm-none-eabi-10.3-2021.10-win32/gcc-arm-none-eabi-10.3-2021.10/bin/../lib/gcc/arm-none-eabi/10.3.1/../../../../arm-none-eabi/lib/thumb/v7e-m/nofp\libg.a(lib_a-mlock.o)
                0x08009b2c                __malloc_unlock
 .text._Balloc  0x08009b38       0x4c c:/progra~1/gcc-arm-none-eabi-10.3-2021.10-win32/gcc-arm-none-eabi-10.3-2021.10/bin/../lib/gcc/arm-none-eabi/10.3.1/../../../../arm-none-eabi/lib/thumb/v7e-m/nofp\libg.a(lib_a-mprec.o)
                0x08009b38                _Balloc
 .text._Bfree   0x08009b84       0x14 c:/progra~1/gcc-arm-none-eabi-10.3-2021.10-win32/gcc-arm-none-eabi-10.3-2021.10/bin/../lib/gcc/arm-none-eabi/10.3.1/../../../../arm-none-eabi/lib/thumb/v7e-m/nofp\libg.a(lib_a-mprec.o)
                0x08009b84                _Bfree
 .text.__multadd
                0x08009b98       0xa0 c:/progra~1/gcc-arm-none-eabi-10.3-2021.10-win32/gcc-arm-none-eabi-10.3-2021.10/bin/../lib/gcc/arm-none-eabi/10.3.1/../../../../arm-none-eabi/lib/thumb/v7e-m/nofp\libg.a(lib_a-mprec.o)
                0x08009b98                __multadd
 .text.__hi0bits
                0x08009c38       0x40 c:/progra~1/gcc-arm-none-eabi-10.3-2021.10-win32/gcc-arm-none-eabi-10.3-2021.10/bin/../lib/gcc/arm-none-eabi/10.3.1/../../../../arm-none-eabi/lib/thumb/v7e-m/nofp\libg.a(lib_a-mprec.o)
                0x08009c38                __hi0bits
 .text.__lo0bits
                0x08009c78       0x5c c:/progra~1/gcc-arm-none-eabi-10.3-2021.10-win32/gcc-arm-none-eabi-10.3-2021.10/bin/../lib/gcc/arm-none-eabi/10.3.1/../../../../arm-none-eabi/lib/thumb/v7e-m/nofp\libg.a(lib_a-mprec.o)
                0x08009c78                __lo0bits
 .text.__i2b    0x08009cd4       0x5c c:/progra~1/gcc-arm-none-eabi-10.3-2021.10-win32/gcc-arm-none-eabi-10.3-2021.10/bin/../lib/gcc/arm-none-eabi/10.3.1/../../../../arm-none-eabi/lib/thumb/v7e-m/nofp\libg.a(lib_a-mprec.o)
                0x08009cd4                __i2b
 .text.__multiply
                0x08009d30      0x15c c:/progra~1/gcc-arm-none-eabi-10.3-2021.10-win32/gcc-arm-none-eabi-10.3-2021.10/bin/../lib/gcc/arm-none-eabi/10.3.1/../../../../arm-none-eabi/lib/thumb/v7e-m/nofp\libg.a(lib_a-mprec.o)
                0x08009d30                __multiply
 .text.__pow5mult
                0x08009e8c       0xc0 c:/progra~1/gcc-arm-none-eabi-10.3-2021.10-win32/gcc-arm-none-eabi-10.3-2021.10/bin/../lib/gcc/arm-none-eabi/10.3.1/../../../../arm-none-eabi/lib/thumb/v7e-m/nofp\libg.a(lib_a-mprec.o)
                0x08009e8c                __pow5mult
 .text.__lshift
                0x08009f4c       0xf0 c:/progra~1/gcc-arm-none-eabi-10.3-2021.10-win32/gcc-arm-none-eabi-10.3-2021.10/bin/../lib/gcc/arm-none-eabi/10.3.1/../../../../arm-none-eabi/lib/thumb/v7e-m/nofp\libg.a(lib_a-mprec.o)
                0x08009f4c                __lshift
 .text.__mcmp   0x0800a03c       0x40 c:/progra~1/gcc-arm-none-eabi-10.3-2021.10-win32/gcc-arm-none-eabi-10.3-2021.10/bin/../lib/gcc/arm-none-eabi/10.3.1/../../../../arm-none-eabi/lib/thumb/v7e-m/nofp\libg.a(lib_a-mprec.o)
                0x0800a03c                __mcmp
 .text.__mdiff  0x0800a07c      0x14c c:/progra~1/gcc-arm-none-eabi-10.3-2021.10-win32/gcc-arm-none-eabi-10.3-2021.10/bin/../lib/gcc/arm-none-eabi/10.3.1/../../../../arm-none-eabi/lib/thumb/v7e-m/nofp\libg.a(lib_a-mprec.o)
                0x0800a07c                __mdiff
 .text.__d2b    0x0800a1c8       0xc4 c:/progra~1/gcc-arm-none-eabi-10.3-2021.10-win32/gcc-arm-none-eabi-10.3-2021.10/bin/../lib/gcc/arm-none-eabi/10.3.1/../../../../arm-none-eabi/lib/thumb/v7e-m/nofp\libg.a(lib_a-mprec.o)
                0x0800a1c8                __d2b
 .text._realloc_r
                0x0800a28c      0x3d8 c:/progra~1/gcc-arm-none-eabi-10.3-2021.10-win32/gcc-arm-none-eabi-10.3-2021.10/bin/../lib/gcc/arm-none-eabi/10.3.1/../../../../arm-none-eabi/lib/thumb/v7e-m/nofp\libg.a(lib_a-reallocr.o)
                0x0800a28c                _realloc_r
 .text.frexp    0x0800a664       0x70 c:/progra~1/gcc-arm-none-eabi-10.3-2021.10-win32/gcc-arm-none-eabi-10.3-2021.10/bin/../lib/gcc/arm-none-eabi/10.3.1/../../../../arm-none-eabi/lib/thumb/v7e-m/nofp\libg.a(lib_a-s_frexp.o)
                0x0800a664                frexp
 .text._sbrk_r  0x0800a6d4       0x24 c:/progra~1/gcc-arm-none-eabi-10.3-2021.10-win32/gcc-arm-none-eabi-10.3-2021.10/bin/../lib/gcc/arm-none-eabi/10.3.1/../../../../arm-none-eabi/lib/thumb/v7e-m/nofp\libg.a(lib_a-sbrkr.o)
                0x0800a6d4                _sbrk_r
 .text.__sread  0x0800a6f8       0x24 c:/progra~1/gcc-arm-none-eabi-10.3-2021.10-win32/gcc-arm-none-eabi-10.3-2021.10/bin/../lib/gcc/arm-none-eabi/10.3.1/../../../../arm-none-eabi/lib/thumb/v7e-m/nofp\libg.a(lib_a-stdio.o)
                0x0800a6f8                __sread
 .text.__swrite
                0x0800a71c       0x40 c:/progra~1/gcc-arm-none-eabi-10.3-2021.10-win32/gcc-arm-none-eabi-10.3-2021.10/bin/../lib/gcc/arm-none-eabi/10.3.1/../../../../arm-none-eabi/lib/thumb/v7e-m/nofp\libg.a(lib_a-stdio.o)
                0x0800a71c                __swrite
 .text.__sseek  0x0800a75c       0x20 c:/progra~1/gcc-arm-none-eabi-10.3-2021.10-win32/gcc-arm-none-eabi-10.3-2021.10/bin/../lib/gcc/arm-none-eabi/10.3.1/../../../../arm-none-eabi/lib/thumb/v7e-m/nofp\libg.a(lib_a-stdio.o)
                0x0800a75c                __sseek
 .text.__sclose
                0x0800a77c        0x8 c:/progra~1/gcc-arm-none-eabi-10.3-2021.10-win32/gcc-arm-none-eabi-10.3-2021.10/bin/../lib/gcc/arm-none-eabi/10.3.1/../../../../arm-none-eabi/lib/thumb/v7e-m/nofp\libg.a(lib_a-stdio.o)
                0x0800a77c                __sclose
 .text.strncpy  0x0800a784       0x64 c:/progra~1/gcc-arm-none-eabi-10.3-2021.10-win32/gcc-arm-none-eabi-10.3-2021.10/bin/../lib/gcc/arm-none-eabi/10.3.1/../../../../arm-none-eabi/lib/thumb/v7e-m/nofp\libg.a(lib_a-strncpy.o)
                0x0800a784                strncpy
 .text.__sprint_r.part.0
                0x0800a7e8       0x78 c:/progra~1/gcc-arm-none-eabi-10.3-2021.10-win32/gcc-arm-none-eabi-10.3-2021.10/bin/../lib/gcc/arm-none-eabi/10.3.1/../../../../arm-none-eabi/lib/thumb/v7e-m/nofp\libg.a(lib_a-vfiprintf.o)
 .text.__sprint_r
                0x0800a860       0x14 c:/progra~1/gcc-arm-none-eabi-10.3-2021.10-win32/gcc-arm-none-eabi-10.3-2021.10/bin/../lib/gcc/arm-none-eabi/10.3.1/../../../../arm-none-eabi/lib/thumb/v7e-m/nofp\libg.a(lib_a-vfiprintf.o)
                0x0800a860                __sprint_r
 .text._vfiprintf_r
                0x0800a874      0xda0 c:/progra~1/gcc-arm-none-eabi-10.3-2021.10-win32/gcc-arm-none-eabi-10.3-2021.10/bin/../lib/gcc/arm-none-eabi/10.3.1/../../../../arm-none-eabi/lib/thumb/v7e-m/nofp\libg.a(lib_a-vfiprintf.o)
                0x0800a874                _vfiprintf_r
 .text.__sbprintf
                0x0800b614       0x80 c:/progra~1/gcc-arm-none-eabi-10.3-2021.10-win32/gcc-arm-none-eabi-10.3-2021.10/bin/../lib/gcc/arm-none-eabi/10.3.1/../../../../arm-none-eabi/lib/thumb/v7e-m/nofp\libg.a(lib_a-vfiprintf.o)
 .text._write_r
                0x0800b694       0x2c c:/progra~1/gcc-arm-none-eabi-10.3-2021.10-win32/gcc-arm-none-eabi-10.3-2021.10/bin/../lib/gcc/arm-none-eabi/10.3.1/../../../../arm-none-eabi/lib/thumb/v7e-m/nofp\libg.a(lib_a-writer.o)
                0x0800b694                _write_r
 .text.__register_exitproc
                0x0800b6c0       0x8c c:/progra~1/gcc-arm-none-eabi-10.3-2021.10-win32/gcc-arm-none-eabi-10.3-2021.10/bin/../lib/gcc/arm-none-eabi/10.3.1/../../../../arm-none-eabi/lib/thumb/v7e-m/nofp\libg.a(lib_a-__atexit.o)
                0x0800b6c0                __register_exitproc
 .text.__assert_func
                0x0800b74c       0x40 c:/progra~1/gcc-arm-none-eabi-10.3-2021.10-win32/gcc-arm-none-eabi-10.3-2021.10/bin/../lib/gcc/arm-none-eabi/10.3.1/../../../../arm-none-eabi/lib/thumb/v7e-m/nofp\libg.a(lib_a-assert.o)
                0x0800b74c                __assert_func
 .text._calloc_r
                0x0800b78c       0x78 c:/progra~1/gcc-arm-none-eabi-10.3-2021.10-win32/gcc-arm-none-eabi-10.3-2021.10/bin/../lib/gcc/arm-none-eabi/10.3.1/../../../../arm-none-eabi/lib/thumb/v7e-m/nofp\libg.a(lib_a-callocr.o)
                0x0800b78c                _calloc_r
 .text._close_r
                0x0800b804       0x24 c:/progra~1/gcc-arm-none-eabi-10.3-2021.10-win32/gcc-arm-none-eabi-10.3-2021.10/bin/../lib/gcc/arm-none-eabi/10.3.1/../../../../arm-none-eabi/lib/thumb/v7e-m/nofp\libg.a(lib_a-closer.o)
                0x0800b804                _close_r
 .text._fclose_r
                0x0800b828       0xcc c:/progra~1/gcc-arm-none-eabi-10.3-2021.10-win32/gcc-arm-none-eabi-10.3-2021.10/bin/../lib/gcc/arm-none-eabi/10.3.1/../../../../arm-none-eabi/lib/thumb/v7e-m/nofp\libg.a(lib_a-fclose.o)
                0x0800b828                _fclose_r
 .text.fiprintf
                0x0800b8f4       0x28 c:/progra~1/gcc-arm-none-eabi-10.3-2021.10-win32/gcc-arm-none-eabi-10.3-2021.10/bin/../lib/gcc/arm-none-eabi/10.3.1/../../../../arm-none-eabi/lib/thumb/v7e-m/nofp\libg.a(lib_a-fiprintf.o)
                0x0800b8f4                fiprintf
 .text.__fputwc
                0x0800b91c       0xa8 c:/progra~1/gcc-arm-none-eabi-10.3-2021.10-win32/gcc-arm-none-eabi-10.3-2021.10/bin/../lib/gcc/arm-none-eabi/10.3.1/../../../../arm-none-eabi/lib/thumb/v7e-m/nofp\libg.a(lib_a-fputwc.o)
                0x0800b91c                __fputwc
 .text._fputwc_r
                0x0800b9c4       0x68 c:/progra~1/gcc-arm-none-eabi-10.3-2021.10-win32/gcc-arm-none-eabi-10.3-2021.10/bin/../lib/gcc/arm-none-eabi/10.3.1/../../../../arm-none-eabi/lib/thumb/v7e-m/nofp\libg.a(lib_a-fputwc.o)
                0x0800b9c4                _fputwc_r
 .text._fstat_r
                0x0800ba2c       0x2c c:/progra~1/gcc-arm-none-eabi-10.3-2021.10-win32/gcc-arm-none-eabi-10.3-2021.10/bin/../lib/gcc/arm-none-eabi/10.3.1/../../../../arm-none-eabi/lib/thumb/v7e-m/nofp\libg.a(lib_a-fstatr.o)
                0x0800ba2c                _fstat_r
 .text._isatty_r
                0x0800ba58       0x24 c:/progra~1/gcc-arm-none-eabi-10.3-2021.10-win32/gcc-arm-none-eabi-10.3-2021.10/bin/../lib/gcc/arm-none-eabi/10.3.1/../../../../arm-none-eabi/lib/thumb/v7e-m/nofp\libg.a(lib_a-isattyr.o)
                0x0800ba58                _isatty_r
 .text.__locale_mb_cur_max
                0x0800ba7c        0xc c:/progra~1/gcc-arm-none-eabi-10.3-2021.10-win32/gcc-arm-none-eabi-10.3-2021.10/bin/../lib/gcc/arm-none-eabi/10.3.1/../../../../arm-none-eabi/lib/thumb/v7e-m/nofp\libg.a(lib_a-locale.o)
                0x0800ba7c                __locale_mb_cur_max
 .text._lseek_r
                0x0800ba88       0x2c c:/progra~1/gcc-arm-none-eabi-10.3-2021.10-win32/gcc-arm-none-eabi-10.3-2021.10/bin/../lib/gcc/arm-none-eabi/10.3.1/../../../../arm-none-eabi/lib/thumb/v7e-m/nofp\libg.a(lib_a-lseekr.o)
                0x0800ba88                _lseek_r
 .text.__ascii_mbtowc
                0x0800bab4       0x2c c:/progra~1/gcc-arm-none-eabi-10.3-2021.10-win32/gcc-arm-none-eabi-10.3-2021.10/bin/../lib/gcc/arm-none-eabi/10.3.1/../../../../arm-none-eabi/lib/thumb/v7e-m/nofp\libg.a(lib_a-mbtowc_r.o)
                0x0800bab4                __ascii_mbtowc
 .text._read_r  0x0800bae0       0x2c c:/progra~1/gcc-arm-none-eabi-10.3-2021.10-win32/gcc-arm-none-eabi-10.3-2021.10/bin/../lib/gcc/arm-none-eabi/10.3.1/../../../../arm-none-eabi/lib/thumb/v7e-m/nofp\libg.a(lib_a-readr.o)
                0x0800bae0                _read_r
 .text.__swbuf_r
                0x0800bb0c       0xb0 c:/progra~1/gcc-arm-none-eabi-10.3-2021.10-win32/gcc-arm-none-eabi-10.3-2021.10/bin/../lib/gcc/arm-none-eabi/10.3.1/../../../../arm-none-eabi/lib/thumb/v7e-m/nofp\libg.a(lib_a-wbuf.o)
                0x0800bb0c                __swbuf_r
 .text._wcrtomb_r
                0x0800bbbc       0x3c c:/progra~1/gcc-arm-none-eabi-10.3-2021.10-win32/gcc-arm-none-eabi-10.3-2021.10/bin/../lib/gcc/arm-none-eabi/10.3.1/../../../../arm-none-eabi/lib/thumb/v7e-m/nofp\libg.a(lib_a-wcrtomb.o)
                0x0800bbbc                _wcrtomb_r
 .text.__ascii_wctomb
                0x0800bbf8       0x1c c:/progra~1/gcc-arm-none-eabi-10.3-2021.10-win32/gcc-arm-none-eabi-10.3-2021.10/bin/../lib/gcc/arm-none-eabi/10.3.1/../../../../arm-none-eabi/lib/thumb/v7e-m/nofp\libg.a(lib_a-wctomb_r.o)
                0x0800bbf8                __ascii_wctomb
 .text.abort    0x0800bc14       0x10 c:/progra~1/gcc-arm-none-eabi-10.3-2021.10-win32/gcc-arm-none-eabi-10.3-2021.10/bin/../lib/gcc/arm-none-eabi/10.3.1/../../../../arm-none-eabi/lib/thumb/v7e-m/nofp\libg.a(lib_a-abort.o)
                0x0800bc14                abort
 .text.raise    0x0800bc24       0x5c c:/progra~1/gcc-arm-none-eabi-10.3-2021.10-win32/gcc-arm-none-eabi-10.3-2021.10/bin/../lib/gcc/arm-none-eabi/10.3.1/../../../../arm-none-eabi/lib/thumb/v7e-m/nofp\libg.a(lib_a-signal.o)
                0x0800bc24                raise
 .text._kill_r  0x0800bc80       0x2c c:/progra~1/gcc-arm-none-eabi-10.3-2021.10-win32/gcc-arm-none-eabi-10.3-2021.10/bin/../lib/gcc/arm-none-eabi/10.3.1/../../../../arm-none-eabi/lib/thumb/v7e-m/nofp\libg.a(lib_a-signalr.o)
                0x0800bc80                _kill_r
 .text._getpid_r
                0x0800bcac        0x4 c:/progra~1/gcc-arm-none-eabi-10.3-2021.10-win32/gcc-arm-none-eabi-10.3-2021.10/bin/../lib/gcc/arm-none-eabi/10.3.1/../../../../arm-none-eabi/lib/thumb/v7e-m/nofp\libg.a(lib_a-signalr.o)
                0x0800bcac                _getpid_r
 .text.atan2    0x0800bcb0        0x4 c:/progra~1/gcc-arm-none-eabi-10.3-2021.10-win32/gcc-arm-none-eabi-10.3-2021.10/bin/../lib/gcc/arm-none-eabi/10.3.1/../../../../arm-none-eabi/lib/thumb/v7e-m/nofp\libm.a(lib_a-w_atan2.o)
                0x0800bcb0                atan2
 .text.fmod     0x0800bcb4       0x58 c:/progra~1/gcc-arm-none-eabi-10.3-2021.10-win32/gcc-arm-none-eabi-10.3-2021.10/bin/../lib/gcc/arm-none-eabi/10.3.1/../../../../arm-none-eabi/lib/thumb/v7e-m/nofp\libm.a(lib_a-w_fmod.o)
                0x0800bcb4                fmod
 *fill*         0x0800bd0c        0x4 
 .text.__ieee754_atan2
                0x0800bd10      0x194 c:/progra~1/gcc-arm-none-eabi-10.3-2021.10-win32/gcc-arm-none-eabi-10.3-2021.10/bin/../lib/gcc/arm-none-eabi/10.3.1/../../../../arm-none-eabi/lib/thumb/v7e-m/nofp\libm.a(lib_a-e_atan2.o)
                0x0800bd10                __ieee754_atan2
 .text.__ieee754_fmod
                0x0800bea4      0x294 c:/progra~1/gcc-arm-none-eabi-10.3-2021.10-win32/gcc-arm-none-eabi-10.3-2021.10/bin/../lib/gcc/arm-none-eabi/10.3.1/../../../../arm-none-eabi/lib/thumb/v7e-m/nofp\libm.a(lib_a-e_fmod.o)
                0x0800bea4                __ieee754_fmod
 .text.atan     0x0800c138      0x32c c:/progra~1/gcc-arm-none-eabi-10.3-2021.10-win32/gcc-arm-none-eabi-10.3-2021.10/bin/../lib/gcc/arm-none-eabi/10.3.1/../../../../arm-none-eabi/lib/thumb/v7e-m/nofp\libm.a(lib_a-s_atan.o)
                0x0800c138                atan
 .text.fabs     0x0800c464        0x8 c:/progra~1/gcc-arm-none-eabi-10.3-2021.10-win32/gcc-arm-none-eabi-10.3-2021.10/bin/../lib/gcc/arm-none-eabi/10.3.1/../../../../arm-none-eabi/lib/thumb/v7e-m/nofp\libm.a(lib_a-s_fabs.o)
                0x0800c464                fabs
 *(.glue_7)
 .glue_7        0x0800c46c        0x0 linker stubs
 *(.glue_7t)
 .glue_7t       0x0800c46c        0x0 linker stubs
 *(.eh_frame)
 .eh_frame      0x0800c46c        0x0 c:/progra~1/gcc-arm-none-eabi-10.3-2021.10-win32/gcc-arm-none-eabi-10.3-2021.10/bin/../lib/gcc/arm-none-eabi/10.3.1/thumb/v7e-m/nofp/crtbegin.o
 *(.init)
 .init          0x0800c46c        0x4 c:/progra~1/gcc-arm-none-eabi-10.3-2021.10-win32/gcc-arm-none-eabi-10.3-2021.10/bin/../lib/gcc/arm-none-eabi/10.3.1/thumb/v7e-m/nofp/crti.o
                0x0800c46c                _init
 .init          0x0800c470        0x8 c:/progra~1/gcc-arm-none-eabi-10.3-2021.10-win32/gcc-arm-none-eabi-10.3-2021.10/bin/../lib/gcc/arm-none-eabi/10.3.1/thumb/v7e-m/nofp/crtn.o
 *(.fini)
 .fini          0x0800c478        0x4 c:/progra~1/gcc-arm-none-eabi-10.3-2021.10-win32/gcc-arm-none-eabi-10.3-2021.10/bin/../lib/gcc/arm-none-eabi/10.3.1/thumb/v7e-m/nofp/crti.o
                0x0800c478                _fini
 .fini          0x0800c47c        0x8 c:/progra~1/gcc-arm-none-eabi-10.3-2021.10-win32/gcc-arm-none-eabi-10.3-2021.10/bin/../lib/gcc/arm-none-eabi/10.3.1/thumb/v7e-m/nofp/crtn.o
                0x0800c484                . = ALIGN (0x4)
                0x0800c484                _etext = .

.vfp11_veneer   0x0800c484        0x0
 .vfp11_veneer  0x0800c484        0x0 linker stubs

.v4_bx          0x0800c484        0x0
 .v4_bx         0x0800c484        0x0 linker stubs

.iplt           0x0800c484        0x0
 .iplt          0x0800c484        0x0 c:/progra~1/gcc-arm-none-eabi-10.3-2021.10-win32/gcc-arm-none-eabi-10.3-2021.10/bin/../lib/gcc/arm-none-eabi/10.3.1/thumb/v7e-m/nofp/crtbegin.o

.rodata         0x0800c488      0x850
                0x0800c488                . = ALIGN (0x4)
 *(.rodata)
 *(.rodata*)
 .rodata.alignSensor.str1.4
                0x0800c488       0x1f CMakeFiles/BLDC5.elf.dir/Core/Src/foc.c.obj
 *fill*         0x0800c4a7        0x1 
 .rodata.Motor_init.str1.4
                0x0800c4a8       0x21 CMakeFiles/BLDC5.elf.dir/Core/Src/foc.c.obj
 *fill*         0x0800c4c9        0x3 
 .rodata.sine_array
                0x0800c4cc      0x320 CMakeFiles/BLDC5.elf.dir/Core/Src/foc.c.obj
                0x0800c4cc                sine_array
 .rodata.main.str1.4
                0x0800c7ec       0x22 CMakeFiles/BLDC5.elf.dir/Core/Src/main.c.obj
 *fill*         0x0800c80e        0x2 
 .rodata.TIM2_IRQHandler.str1.4
                0x0800c810        0x6 CMakeFiles/BLDC5.elf.dir/Core/Src/stm32g4xx_it.c.obj
 *fill*         0x0800c816        0x2 
 .rodata.AHBPrescTable
                0x0800c818       0x10 CMakeFiles/BLDC5.elf.dir/Core/Src/system_stm32g4xx.c.obj
                0x0800c818                AHBPrescTable
 .rodata.APBPrescTable
                0x0800c828        0x8 CMakeFiles/BLDC5.elf.dir/Core/Src/system_stm32g4xx.c.obj
                0x0800c828                APBPrescTable
 .rodata.UARTPrescTable
                0x0800c830       0x18 CMakeFiles/BLDC5.elf.dir/Drivers/STM32G4xx_HAL_Driver/Src/stm32g4xx_hal_uart.c.obj
                0x0800c830                UARTPrescTable
 .rodata.denominator.0
                0x0800c848        0x8 CMakeFiles/BLDC5.elf.dir/Drivers/STM32G4xx_HAL_Driver/Src/stm32g4xx_hal_uart_ex.c.obj
 .rodata.numerator.1
                0x0800c850        0x8 CMakeFiles/BLDC5.elf.dir/Drivers/STM32G4xx_HAL_Driver/Src/stm32g4xx_hal_uart_ex.c.obj
 .rodata._global_impure_ptr
                0x0800c858        0x4 c:/progra~1/gcc-arm-none-eabi-10.3-2021.10-win32/gcc-arm-none-eabi-10.3-2021.10/bin/../lib/gcc/arm-none-eabi/10.3.1/../../../../arm-none-eabi/lib/thumb/v7e-m/nofp\libg.a(lib_a-impure.o)
                0x0800c858                _global_impure_ptr
 .rodata._puts_r.str1.4
                0x0800c85c        0x6 c:/progra~1/gcc-arm-none-eabi-10.3-2021.10-win32/gcc-arm-none-eabi-10.3-2021.10/bin/../lib/gcc/arm-none-eabi/10.3.1/../../../../arm-none-eabi/lib/thumb/v7e-m/nofp\libg.a(lib_a-puts.o)
                                  0x2 (size before relaxing)
 .rodata._vfprintf_r.str1.4
                0x0800c85c       0x42 c:/progra~1/gcc-arm-none-eabi-10.3-2021.10-win32/gcc-arm-none-eabi-10.3-2021.10/bin/../lib/gcc/arm-none-eabi/10.3.1/../../../../arm-none-eabi/lib/thumb/v7e-m/nofp\libg.a(lib_a-vfprintf.o)
 *fill*         0x0800c89e        0x2 
 .rodata.blanks.1
                0x0800c8a0       0x10 c:/progra~1/gcc-arm-none-eabi-10.3-2021.10-win32/gcc-arm-none-eabi-10.3-2021.10/bin/../lib/gcc/arm-none-eabi/10.3.1/../../../../arm-none-eabi/lib/thumb/v7e-m/nofp\libg.a(lib_a-vfprintf.o)
 .rodata.zeroes.0
                0x0800c8b0       0x10 c:/progra~1/gcc-arm-none-eabi-10.3-2021.10-win32/gcc-arm-none-eabi-10.3-2021.10/bin/../lib/gcc/arm-none-eabi/10.3.1/../../../../arm-none-eabi/lib/thumb/v7e-m/nofp\libg.a(lib_a-vfprintf.o)
 .rodata._dtoa_r.str1.4
                0x0800c8c0       0xa2 c:/progra~1/gcc-arm-none-eabi-10.3-2021.10-win32/gcc-arm-none-eabi-10.3-2021.10/bin/../lib/gcc/arm-none-eabi/10.3.1/../../../../arm-none-eabi/lib/thumb/v7e-m/nofp\libg.a(lib_a-dtoa.o)
                                 0xa6 (size before relaxing)
 *fill*         0x0800c962        0x2 
 .rodata.__multadd.str1.4
                0x0800c964       0x7f c:/progra~1/gcc-arm-none-eabi-10.3-2021.10-win32/gcc-arm-none-eabi-10.3-2021.10/bin/../lib/gcc/arm-none-eabi/10.3.1/../../../../arm-none-eabi/lib/thumb/v7e-m/nofp\libg.a(lib_a-mprec.o)
                                 0x93 (size before relaxing)
 *fill*         0x0800c9e3        0x5 
 .rodata.__mprec_bigtens
                0x0800c9e8       0x28 c:/progra~1/gcc-arm-none-eabi-10.3-2021.10-win32/gcc-arm-none-eabi-10.3-2021.10/bin/../lib/gcc/arm-none-eabi/10.3.1/../../../../arm-none-eabi/lib/thumb/v7e-m/nofp\libg.a(lib_a-mprec.o)
                0x0800c9e8                __mprec_bigtens
 .rodata.__mprec_tens
                0x0800ca10       0xc8 c:/progra~1/gcc-arm-none-eabi-10.3-2021.10-win32/gcc-arm-none-eabi-10.3-2021.10/bin/../lib/gcc/arm-none-eabi/10.3.1/../../../../arm-none-eabi/lib/thumb/v7e-m/nofp\libg.a(lib_a-mprec.o)
                0x0800ca10                __mprec_tens
 .rodata.p05.0  0x0800cad8        0xc c:/progra~1/gcc-arm-none-eabi-10.3-2021.10-win32/gcc-arm-none-eabi-10.3-2021.10/bin/../lib/gcc/arm-none-eabi/10.3.1/../../../../arm-none-eabi/lib/thumb/v7e-m/nofp\libg.a(lib_a-mprec.o)
 .rodata._vfiprintf_r.str1.4
                0x0800cae4       0x2f c:/progra~1/gcc-arm-none-eabi-10.3-2021.10-win32/gcc-arm-none-eabi-10.3-2021.10/bin/../lib/gcc/arm-none-eabi/10.3.1/../../../../arm-none-eabi/lib/thumb/v7e-m/nofp\libg.a(lib_a-vfiprintf.o)
 .rodata.blanks.1
                0x0800cae4       0x10 c:/progra~1/gcc-arm-none-eabi-10.3-2021.10-win32/gcc-arm-none-eabi-10.3-2021.10/bin/../lib/gcc/arm-none-eabi/10.3.1/../../../../arm-none-eabi/lib/thumb/v7e-m/nofp\libg.a(lib_a-vfiprintf.o)
 .rodata.zeroes.0
                0x0800caf4       0x10 c:/progra~1/gcc-arm-none-eabi-10.3-2021.10-win32/gcc-arm-none-eabi-10.3-2021.10/bin/../lib/gcc/arm-none-eabi/10.3.1/../../../../arm-none-eabi/lib/thumb/v7e-m/nofp\libg.a(lib_a-vfiprintf.o)
 .rodata.__assert_func.str1.4
                0x0800cb04       0x3f c:/progra~1/gcc-arm-none-eabi-10.3-2021.10-win32/gcc-arm-none-eabi-10.3-2021.10/bin/../lib/gcc/arm-none-eabi/10.3.1/../../../../arm-none-eabi/lib/thumb/v7e-m/nofp\libg.a(lib_a-assert.o)
                                 0x43 (size before relaxing)
 *fill*         0x0800cb43        0x1 
 .rodata._setlocale_r.str1.4
                0x0800cb44        0xa c:/progra~1/gcc-arm-none-eabi-10.3-2021.10-win32/gcc-arm-none-eabi-10.3-2021.10/bin/../lib/gcc/arm-none-eabi/10.3.1/../../../../arm-none-eabi/lib/thumb/v7e-m/nofp\libg.a(lib_a-locale.o)
                                  0xd (size before relaxing)
 *fill*         0x0800cb4e        0x2 
 .rodata.str1.4
                0x0800cb50        0x2 c:/progra~1/gcc-arm-none-eabi-10.3-2021.10-win32/gcc-arm-none-eabi-10.3-2021.10/bin/../lib/gcc/arm-none-eabi/10.3.1/../../../../arm-none-eabi/lib/thumb/v7e-m/nofp\libg.a(lib_a-locale.o)
 *fill*         0x0800cb52        0x2 
 .rodata._ctype_
                0x0800cb54      0x101 c:/progra~1/gcc-arm-none-eabi-10.3-2021.10-win32/gcc-arm-none-eabi-10.3-2021.10/bin/../lib/gcc/arm-none-eabi/10.3.1/../../../../arm-none-eabi/lib/thumb/v7e-m/nofp\libg.a(lib_a-ctype_.o)
                0x0800cb54                _ctype_
 *fill*         0x0800cc55        0x3 
 .rodata.CSWTCH.8
                0x0800cc58       0x18 c:/progra~1/gcc-arm-none-eabi-10.3-2021.10-win32/gcc-arm-none-eabi-10.3-2021.10/bin/../lib/gcc/arm-none-eabi/10.3.1/../../../../arm-none-eabi/lib/thumb/v7e-m/nofp\libm.a(lib_a-e_atan2.o)
 .rodata.CSWTCH.9
                0x0800cc70       0x18 c:/progra~1/gcc-arm-none-eabi-10.3-2021.10-win32/gcc-arm-none-eabi-10.3-2021.10/bin/../lib/gcc/arm-none-eabi/10.3.1/../../../../arm-none-eabi/lib/thumb/v7e-m/nofp\libm.a(lib_a-e_atan2.o)
 .rodata.Zero   0x0800cc88       0x10 c:/progra~1/gcc-arm-none-eabi-10.3-2021.10-win32/gcc-arm-none-eabi-10.3-2021.10/bin/../lib/gcc/arm-none-eabi/10.3.1/../../../../arm-none-eabi/lib/thumb/v7e-m/nofp\libm.a(lib_a-e_fmod.o)
 .rodata.atanhi
                0x0800cc98       0x20 c:/progra~1/gcc-arm-none-eabi-10.3-2021.10-win32/gcc-arm-none-eabi-10.3-2021.10/bin/../lib/gcc/arm-none-eabi/10.3.1/../../../../arm-none-eabi/lib/thumb/v7e-m/nofp\libm.a(lib_a-s_atan.o)
 .rodata.atanlo
                0x0800ccb8       0x20 c:/progra~1/gcc-arm-none-eabi-10.3-2021.10-win32/gcc-arm-none-eabi-10.3-2021.10/bin/../lib/gcc/arm-none-eabi/10.3.1/../../../../arm-none-eabi/lib/thumb/v7e-m/nofp\libm.a(lib_a-s_atan.o)
                0x0800ccd8                . = ALIGN (0x4)

.ARM.extab      0x0800ccd8        0x0
                0x0800ccd8                . = ALIGN (0x4)
 *(.ARM.extab* .gnu.linkonce.armextab.*)
                0x0800ccd8                . = ALIGN (0x4)

.ARM            0x0800ccd8        0x8
                0x0800ccd8                . = ALIGN (0x4)
                0x0800ccd8                __exidx_start = .
 *(.ARM.exidx*)
 .ARM.exidx     0x0800ccd8        0x8 c:/progra~1/gcc-arm-none-eabi-10.3-2021.10-win32/gcc-arm-none-eabi-10.3-2021.10/bin/../lib/gcc/arm-none-eabi/10.3.1/thumb/v7e-m/nofp\libgcc.a(_udivmoddi4.o)
                0x0800cce0                __exidx_end = .
                0x0800cce0                . = ALIGN (0x4)

.rel.dyn        0x0800cce0        0x0
 .rel.iplt      0x0800cce0        0x0 c:/progra~1/gcc-arm-none-eabi-10.3-2021.10-win32/gcc-arm-none-eabi-10.3-2021.10/bin/../lib/gcc/arm-none-eabi/10.3.1/thumb/v7e-m/nofp/crtbegin.o

.preinit_array  0x0800cce0        0x0
                0x0800cce0                . = ALIGN (0x4)
                0x0800cce0                PROVIDE (__preinit_array_start = .)
 *(.preinit_array*)
                0x0800cce0                PROVIDE (__preinit_array_end = .)
                0x0800cce0                . = ALIGN (0x4)

.init_array     0x0800cce0        0x8
                0x0800cce0                . = ALIGN (0x4)
                0x0800cce0                PROVIDE (__init_array_start = .)
 *(SORT_BY_NAME(.init_array.*))
 .init_array.00000
                0x0800cce0        0x4 c:/progra~1/gcc-arm-none-eabi-10.3-2021.10-win32/gcc-arm-none-eabi-10.3-2021.10/bin/../lib/gcc/arm-none-eabi/10.3.1/../../../../arm-none-eabi/lib/thumb/v7e-m/nofp\libg.a(lib_a-__call_atexit.o)
 *(.init_array*)
 .init_array    0x0800cce4        0x4 c:/progra~1/gcc-arm-none-eabi-10.3-2021.10-win32/gcc-arm-none-eabi-10.3-2021.10/bin/../lib/gcc/arm-none-eabi/10.3.1/thumb/v7e-m/nofp/crtbegin.o
                0x0800cce8                PROVIDE (__init_array_end = .)
                0x0800cce8                . = ALIGN (0x4)

.fini_array     0x0800cce8        0x4
                0x0800cce8                . = ALIGN (0x4)
                0x0800cce8                PROVIDE (__fini_array_start = .)
 *(SORT_BY_NAME(.fini_array.*))
 *(.fini_array*)
 .fini_array    0x0800cce8        0x4 c:/progra~1/gcc-arm-none-eabi-10.3-2021.10-win32/gcc-arm-none-eabi-10.3-2021.10/bin/../lib/gcc/arm-none-eabi/10.3.1/thumb/v7e-m/nofp/crtbegin.o
                0x0800ccec                PROVIDE (__fini_array_end = .)
                0x0800ccec                . = ALIGN (0x4)
                0x0800ccec                _sidata = LOADADDR (.data)

.data           0x20000000      0x9c8 load address 0x0800ccec
                0x20000000                . = ALIGN (0x4)
                0x20000000                _sdata = .
 *(.data)
 *(.data*)
 .data.pole_pairs
                0x20000000        0x4 CMakeFiles/BLDC5.elf.dir/Core/Src/foc.c.obj
                0x20000000                pole_pairs
 .data.velocity_limit
                0x20000004        0x4 CMakeFiles/BLDC5.elf.dir/Core/Src/foc.c.obj
                0x20000004                velocity_limit
 .data.voltage_limit
                0x20000008        0x4 CMakeFiles/BLDC5.elf.dir/Core/Src/foc.c.obj
                0x20000008                voltage_limit
 .data.voltage_power_supply
                0x2000000c        0x4 CMakeFiles/BLDC5.elf.dir/Core/Src/foc.c.obj
                0x2000000c                voltage_power_supply
 .data.SystemCoreClock
                0x20000010        0x4 CMakeFiles/BLDC5.elf.dir/Core/Src/system_stm32g4xx.c.obj
                0x20000010                SystemCoreClock
 .data.uwTickFreq
                0x20000014        0x4 CMakeFiles/BLDC5.elf.dir/Drivers/STM32G4xx_HAL_Driver/Src/stm32g4xx_hal.c.obj
                0x20000014                uwTickFreq
 .data.uwTickPrio
                0x20000018        0x4 CMakeFiles/BLDC5.elf.dir/Drivers/STM32G4xx_HAL_Driver/Src/stm32g4xx_hal.c.obj
                0x20000018                uwTickPrio
 .data._impure_ptr
                0x2000001c        0x4 c:/progra~1/gcc-arm-none-eabi-10.3-2021.10-win32/gcc-arm-none-eabi-10.3-2021.10/bin/../lib/gcc/arm-none-eabi/10.3.1/../../../../arm-none-eabi/lib/thumb/v7e-m/nofp\libg.a(lib_a-impure.o)
                0x2000001c                _impure_ptr
 .data.impure_data
                0x20000020      0x428 c:/progra~1/gcc-arm-none-eabi-10.3-2021.10-win32/gcc-arm-none-eabi-10.3-2021.10/bin/../lib/gcc/arm-none-eabi/10.3.1/../../../../arm-none-eabi/lib/thumb/v7e-m/nofp\libg.a(lib_a-impure.o)
 .data.__atexit_recursive_mutex
                0x20000448        0x4 c:/progra~1/gcc-arm-none-eabi-10.3-2021.10-win32/gcc-arm-none-eabi-10.3-2021.10/bin/../lib/gcc/arm-none-eabi/10.3.1/../../../../arm-none-eabi/lib/thumb/v7e-m/nofp\libg.a(lib_a-__call_atexit.o)
                0x20000448                __atexit_recursive_mutex
 .data.__malloc_av_
                0x2000044c      0x408 c:/progra~1/gcc-arm-none-eabi-10.3-2021.10-win32/gcc-arm-none-eabi-10.3-2021.10/bin/../lib/gcc/arm-none-eabi/10.3.1/../../../../arm-none-eabi/lib/thumb/v7e-m/nofp\libg.a(lib_a-mallocr.o)
                0x2000044c                __malloc_av_
 .data.__malloc_sbrk_base
                0x20000854        0x4 c:/progra~1/gcc-arm-none-eabi-10.3-2021.10-win32/gcc-arm-none-eabi-10.3-2021.10/bin/../lib/gcc/arm-none-eabi/10.3.1/../../../../arm-none-eabi/lib/thumb/v7e-m/nofp\libg.a(lib_a-mallocr.o)
                0x20000854                __malloc_sbrk_base
 .data.__malloc_trim_threshold
                0x20000858        0x4 c:/progra~1/gcc-arm-none-eabi-10.3-2021.10-win32/gcc-arm-none-eabi-10.3-2021.10/bin/../lib/gcc/arm-none-eabi/10.3.1/../../../../arm-none-eabi/lib/thumb/v7e-m/nofp\libg.a(lib_a-mallocr.o)
                0x20000858                __malloc_trim_threshold
 .data.__global_locale
                0x2000085c      0x16c c:/progra~1/gcc-arm-none-eabi-10.3-2021.10-win32/gcc-arm-none-eabi-10.3-2021.10/bin/../lib/gcc/arm-none-eabi/10.3.1/../../../../arm-none-eabi/lib/thumb/v7e-m/nofp\libg.a(lib_a-locale.o)
                0x2000085c                __global_locale
 *(.RamFunc)
 *(.RamFunc*)
                0x200009c8                . = ALIGN (0x4)
                0x200009c8                _edata = .

.igot.plt       0x200009c8        0x0 load address 0x0800d6b4
 .igot.plt      0x200009c8        0x0 c:/progra~1/gcc-arm-none-eabi-10.3-2021.10-win32/gcc-arm-none-eabi-10.3-2021.10/bin/../lib/gcc/arm-none-eabi/10.3.1/thumb/v7e-m/nofp/crtbegin.o
                0x200009c8                . = ALIGN (0x4)

.bss            0x200009c8      0x2c4 load address 0x0800d6b4
                0x200009c8                _sbss = .
                0x200009c8                __bss_start__ = _sbss
 *(.bss)
 .bss           0x200009c8       0x1c c:/progra~1/gcc-arm-none-eabi-10.3-2021.10-win32/gcc-arm-none-eabi-10.3-2021.10/bin/../lib/gcc/arm-none-eabi/10.3.1/thumb/v7e-m/nofp/crtbegin.o
 *(.bss*)
 .bss.angle_prev
                0x200009e4        0x4 CMakeFiles/BLDC5.elf.dir/Core/Src/AS5047.c.obj
                0x200009e4                angle_prev
 .bss.velocity_calc_timestamp
                0x200009e8        0x4 CMakeFiles/BLDC5.elf.dir/Core/Src/AS5047.c.obj
                0x200009e8                velocity_calc_timestamp
 .bss.hadc1     0x200009ec       0x6c CMakeFiles/BLDC5.elf.dir/Core/Src/adc.c.obj
                0x200009ec                hadc1
 .bss.controller
                0x20000a58        0x1 CMakeFiles/BLDC5.elf.dir/Core/Src/foc.c.obj
                0x20000a58                controller
 *fill*         0x20000a59        0x3 
 .bss.error_ang_prev
                0x20000a5c        0x4 CMakeFiles/BLDC5.elf.dir/Core/Src/foc.c.obj
                0x20000a5c                error_ang_prev
 .bss.error_vel_prev
                0x20000a60        0x4 CMakeFiles/BLDC5.elf.dir/Core/Src/foc.c.obj
                0x20000a60                error_vel_prev
 .bss.integral_vel_prev
                0x20000a64        0x4 CMakeFiles/BLDC5.elf.dir/Core/Src/foc.c.obj
                0x20000a64                integral_vel_prev
 .bss.output_vel_prev
                0x20000a68        0x4 CMakeFiles/BLDC5.elf.dir/Core/Src/foc.c.obj
                0x20000a68                output_vel_prev
 .bss.output_vel_ramp
                0x20000a6c        0x4 CMakeFiles/BLDC5.elf.dir/Core/Src/foc.c.obj
                0x20000a6c                output_vel_ramp
 .bss.pid_ang_D
                0x20000a70        0x4 CMakeFiles/BLDC5.elf.dir/Core/Src/foc.c.obj
                0x20000a70                pid_ang_D
 .bss.pid_ang_P
                0x20000a74        0x4 CMakeFiles/BLDC5.elf.dir/Core/Src/foc.c.obj
                0x20000a74                pid_ang_P
 .bss.pid_ang_timestamp
                0x20000a78        0x4 CMakeFiles/BLDC5.elf.dir/Core/Src/foc.c.obj
                0x20000a78                pid_ang_timestamp
 .bss.pid_vel_I
                0x20000a7c        0x4 CMakeFiles/BLDC5.elf.dir/Core/Src/foc.c.obj
                0x20000a7c                pid_vel_I
 .bss.pid_vel_P
                0x20000a80        0x4 CMakeFiles/BLDC5.elf.dir/Core/Src/foc.c.obj
                0x20000a80                pid_vel_P
 .bss.pid_vel_timestamp
                0x20000a84        0x4 CMakeFiles/BLDC5.elf.dir/Core/Src/foc.c.obj
                0x20000a84                pid_vel_timestamp
 .bss.sensor_direction
                0x20000a88        0x4 CMakeFiles/BLDC5.elf.dir/Core/Src/foc.c.obj
                0x20000a88                sensor_direction
 .bss.sensor_offset
                0x20000a8c        0x4 CMakeFiles/BLDC5.elf.dir/Core/Src/foc.c.obj
                0x20000a8c                sensor_offset
 .bss.shaft_angle
                0x20000a90        0x4 CMakeFiles/BLDC5.elf.dir/Core/Src/foc.c.obj
                0x20000a90                shaft_angle
 .bss.shaft_velocity
                0x20000a94        0x4 CMakeFiles/BLDC5.elf.dir/Core/Src/foc.c.obj
                0x20000a94                shaft_velocity
 .bss.target    0x20000a98        0x4 CMakeFiles/BLDC5.elf.dir/Core/Src/foc.c.obj
                0x20000a98                target
 .bss.torque_controller
                0x20000a9c        0x1 CMakeFiles/BLDC5.elf.dir/Core/Src/foc.c.obj
                0x20000a9c                torque_controller
 *fill*         0x20000a9d        0x3 
 .bss.voltage_sensor_align
                0x20000aa0        0x4 CMakeFiles/BLDC5.elf.dir/Core/Src/foc.c.obj
                0x20000aa0                voltage_sensor_align
 .bss.y_vel_prev
                0x20000aa4        0x4 CMakeFiles/BLDC5.elf.dir/Core/Src/foc.c.obj
                0x20000aa4                y_vel_prev
 .bss.zero_electric_angle
                0x20000aa8        0x4 CMakeFiles/BLDC5.elf.dir/Core/Src/foc.c.obj
                0x20000aa8                zero_electric_angle
 .bss.angle.2   0x20000aac        0x4 CMakeFiles/BLDC5.elf.dir/Core/Src/main.c.obj
 .bss.angle_last.1
                0x20000ab0        0x4 CMakeFiles/BLDC5.elf.dir/Core/Src/main.c.obj
 .bss.speed.0   0x20000ab4        0x4 CMakeFiles/BLDC5.elf.dir/Core/Src/main.c.obj
 .bss.gHuart    0x20000ab8        0x4 CMakeFiles/BLDC5.elf.dir/Core/Src/retarget.c.obj
                0x20000ab8                gHuart
 .bss.Delay1ms.1
                0x20000abc        0x4 CMakeFiles/BLDC5.elf.dir/Core/Src/stm32g4xx_it.c.obj
 .bss.TIM4_1000msflag
                0x20000ac0        0x2 CMakeFiles/BLDC5.elf.dir/Core/Src/stm32g4xx_it.c.obj
                0x20000ac0                TIM4_1000msflag
 .bss.TIM4_10msflag
                0x20000ac2        0x2 CMakeFiles/BLDC5.elf.dir/Core/Src/stm32g4xx_it.c.obj
                0x20000ac2                TIM4_10msflag
 .bss.delay10ms.0
                0x20000ac4        0x2 CMakeFiles/BLDC5.elf.dir/Core/Src/stm32g4xx_it.c.obj
 *fill*         0x20000ac6        0x2 
 .bss.__sbrk_heap_end
                0x20000ac8        0x4 CMakeFiles/BLDC5.elf.dir/Core/Src/sysmem.c.obj
 .bss.htim1     0x20000acc       0x4c CMakeFiles/BLDC5.elf.dir/Core/Src/tim.c.obj
                0x20000acc                htim1
 .bss.htim2     0x20000b18       0x4c CMakeFiles/BLDC5.elf.dir/Core/Src/tim.c.obj
                0x20000b18                htim2
 .bss.htim4     0x20000b64       0x4c CMakeFiles/BLDC5.elf.dir/Core/Src/tim.c.obj
                0x20000b64                htim4
 .bss.huart2    0x20000bb0       0x90 CMakeFiles/BLDC5.elf.dir/Core/Src/usart.c.obj
                0x20000bb0                huart2
 .bss.uwTick    0x20000c40        0x4 CMakeFiles/BLDC5.elf.dir/Drivers/STM32G4xx_HAL_Driver/Src/stm32g4xx_hal.c.obj
                0x20000c40                uwTick
 .bss.__lock___atexit_recursive_mutex
                0x20000c44        0x1 c:/progra~1/gcc-arm-none-eabi-10.3-2021.10-win32/gcc-arm-none-eabi-10.3-2021.10/bin/../lib/gcc/arm-none-eabi/10.3.1/../../../../arm-none-eabi/lib/thumb/v7e-m/nofp\libg.a(lib_a-lock.o)
                0x20000c44                __lock___atexit_recursive_mutex
 *fill*         0x20000c45        0x3 
 .bss.__lock___malloc_recursive_mutex
                0x20000c48        0x1 c:/progra~1/gcc-arm-none-eabi-10.3-2021.10-win32/gcc-arm-none-eabi-10.3-2021.10/bin/../lib/gcc/arm-none-eabi/10.3.1/../../../../arm-none-eabi/lib/thumb/v7e-m/nofp\libg.a(lib_a-lock.o)
                0x20000c48                __lock___malloc_recursive_mutex
 *fill*         0x20000c49        0x3 
 .bss.__lock___sfp_recursive_mutex
                0x20000c4c        0x1 c:/progra~1/gcc-arm-none-eabi-10.3-2021.10-win32/gcc-arm-none-eabi-10.3-2021.10/bin/../lib/gcc/arm-none-eabi/10.3.1/../../../../arm-none-eabi/lib/thumb/v7e-m/nofp\libg.a(lib_a-lock.o)
                0x20000c4c                __lock___sfp_recursive_mutex
 *fill*         0x20000c4d        0x3 
 .bss.__lock___sinit_recursive_mutex
                0x20000c50        0x1 c:/progra~1/gcc-arm-none-eabi-10.3-2021.10-win32/gcc-arm-none-eabi-10.3-2021.10/bin/../lib/gcc/arm-none-eabi/10.3.1/../../../../arm-none-eabi/lib/thumb/v7e-m/nofp\libg.a(lib_a-lock.o)
                0x20000c50                __lock___sinit_recursive_mutex
 *fill*         0x20000c51        0x3 
 .bss.__malloc_current_mallinfo
                0x20000c54       0x28 c:/progra~1/gcc-arm-none-eabi-10.3-2021.10-win32/gcc-arm-none-eabi-10.3-2021.10/bin/../lib/gcc/arm-none-eabi/10.3.1/../../../../arm-none-eabi/lib/thumb/v7e-m/nofp\libg.a(lib_a-mallocr.o)
                0x20000c54                __malloc_current_mallinfo
 .bss.__malloc_max_sbrked_mem
                0x20000c7c        0x4 c:/progra~1/gcc-arm-none-eabi-10.3-2021.10-win32/gcc-arm-none-eabi-10.3-2021.10/bin/../lib/gcc/arm-none-eabi/10.3.1/../../../../arm-none-eabi/lib/thumb/v7e-m/nofp\libg.a(lib_a-mallocr.o)
                0x20000c7c                __malloc_max_sbrked_mem
 .bss.__malloc_max_total_mem
                0x20000c80        0x4 c:/progra~1/gcc-arm-none-eabi-10.3-2021.10-win32/gcc-arm-none-eabi-10.3-2021.10/bin/../lib/gcc/arm-none-eabi/10.3.1/../../../../arm-none-eabi/lib/thumb/v7e-m/nofp\libg.a(lib_a-mallocr.o)
                0x20000c80                __malloc_max_total_mem
 .bss.__malloc_top_pad
                0x20000c84        0x4 c:/progra~1/gcc-arm-none-eabi-10.3-2021.10-win32/gcc-arm-none-eabi-10.3-2021.10/bin/../lib/gcc/arm-none-eabi/10.3.1/../../../../arm-none-eabi/lib/thumb/v7e-m/nofp\libg.a(lib_a-mallocr.o)
                0x20000c84                __malloc_top_pad
 .bss.errno     0x20000c88        0x4 c:/progra~1/gcc-arm-none-eabi-10.3-2021.10-win32/gcc-arm-none-eabi-10.3-2021.10/bin/../lib/gcc/arm-none-eabi/10.3.1/../../../../arm-none-eabi/lib/thumb/v7e-m/nofp\libg.a(lib_a-reent.o)
                0x20000c88                errno
 *(COMMON)
                0x20000c8c                . = ALIGN (0x4)
                0x20000c8c                _ebss = .
                0x20000c8c                __bss_end__ = _ebss

._user_heap_stack
                0x20000c8c      0x604 load address 0x0800d6b4
                0x20000c90                . = ALIGN (0x8)
 *fill*         0x20000c8c        0x4 
                [!provide]                PROVIDE (end = .)
                0x20000c90                PROVIDE (_end = .)
                0x20000e90                . = (. + _Min_Heap_Size)
 *fill*         0x20000c90      0x200 
                0x20001290                . = (. + _Min_Stack_Size)
 *fill*         0x20000e90      0x400 
                0x20001290                . = ALIGN (0x8)

/DISCARD/
 libc.a(*)
 libm.a(*)
 libgcc.a(*)

.ARM.attributes
                0x00000000       0x2a
 *(.ARM.attributes)
 .ARM.attributes
                0x00000000       0x1e c:/progra~1/gcc-arm-none-eabi-10.3-2021.10-win32/gcc-arm-none-eabi-10.3-2021.10/bin/../lib/gcc/arm-none-eabi/10.3.1/thumb/v7e-m/nofp/crti.o
 .ARM.attributes
                0x0000001e       0x2e c:/progra~1/gcc-arm-none-eabi-10.3-2021.10-win32/gcc-arm-none-eabi-10.3-2021.10/bin/../lib/gcc/arm-none-eabi/10.3.1/thumb/v7e-m/nofp/crtbegin.o
 .ARM.attributes
                0x0000004c       0x2e CMakeFiles/BLDC5.elf.dir/Core/Src/AS5047.c.obj
 .ARM.attributes
                0x0000007a       0x2e CMakeFiles/BLDC5.elf.dir/Core/Src/adc.c.obj
 .ARM.attributes
                0x000000a8       0x2e CMakeFiles/BLDC5.elf.dir/Core/Src/foc.c.obj
 .ARM.attributes
                0x000000d6       0x2e CMakeFiles/BLDC5.elf.dir/Core/Src/gpio.c.obj
 .ARM.attributes
                0x00000104       0x2e CMakeFiles/BLDC5.elf.dir/Core/Src/interrupt.c.obj
 .ARM.attributes