Archive member included to satisfy reference by file (symbol)

c:/progra~1/gcc-arm-none-eabi-10.3-2021.10-win32/gcc-arm-none-eabi-10.3-2021.10/bin/../lib/gcc/arm-none-eabi/10.3.1/thumb/v7e-m/nofp\libgcc.a(_arm_muldf3.o)
                              CMakeFiles/BLDC5.elf.dir/Core/Src/foc.c.obj (__aeabi_dmul)
c:/progra~1/gcc-arm-none-eabi-10.3-2021.10-win32/gcc-arm-none-eabi-10.3-2021.10/bin/../lib/gcc/arm-none-eabi/10.3.1/thumb/v7e-m/nofp\libgcc.a(_arm_mulsf3.o)
                              CMakeFiles/BLDC5.elf.dir/Core/Src/AS5047.c.obj (__aeabi_fmul)
c:/progra~1/gcc-arm-none-eabi-10.3-2021.10-win32/gcc-arm-none-eabi-10.3-2021.10/bin/../lib/gcc/arm-none-eabi/10.3.1/thumb/v7e-m/nofp\libgcc.a(_arm_addsubdf3.o)
                              CMakeFiles/BLDC5.elf.dir/Core/Src/foc.c.obj (__aeabi_dsub)
c:/progra~1/gcc-arm-none-eabi-10.3-2021.10-win32/gcc-arm-none-eabi-10.3-2021.10/bin/../lib/gcc/arm-none-eabi/10.3.1/thumb/v7e-m/nofp\libgcc.a(_arm_muldivdf3.o)
                              CMakeFiles/BLDC5.elf.dir/Core/Src/foc.c.obj (__aeabi_ddiv)
c:/progra~1/gcc-arm-none-eabi-10.3-2021.10-win32/gcc-arm-none-eabi-10.3-2021.10/bin/../lib/gcc/arm-none-eabi/10.3.1/thumb/v7e-m/nofp\libgcc.a(_arm_cmpdf2.o)
                              CMakeFiles/BLDC5.elf.dir/Core/Src/foc.c.obj (__aeabi_dcmplt)
c:/progra~1/gcc-arm-none-eabi-10.3-2021.10-win32/gcc-arm-none-eabi-10.3-2021.10/bin/../lib/gcc/arm-none-eabi/10.3.1/thumb/v7e-m/nofp\libgcc.a(_arm_fixdfsi.o)
                              CMakeFiles/BLDC5.elf.dir/Core/Src/foc.c.obj (__aeabi_d2iz)
c:/progra~1/gcc-arm-none-eabi-10.3-2021.10-win32/gcc-arm-none-eabi-10.3-2021.10/bin/../lib/gcc/arm-none-eabi/10.3.1/thumb/v7e-m/nofp\libgcc.a(_arm_fixunsdfsi.o)
                              CMakeFiles/BLDC5.elf.dir/Core/Src/foc.c.obj (__aeabi_d2uiz)
c:/progra~1/gcc-arm-none-eabi-10.3-2021.10-win32/gcc-arm-none-eabi-10.3-2021.10/bin/../lib/gcc/arm-none-eabi/10.3.1/thumb/v7e-m/nofp\libgcc.a(_arm_truncdfsf2.o)
                              CMakeFiles/BLDC5.elf.dir/Core/Src/foc.c.obj (__aeabi_d2f)
c:/progra~1/gcc-arm-none-eabi-10.3-2021.10-win32/gcc-arm-none-eabi-10.3-2021.10/bin/../lib/gcc/arm-none-eabi/10.3.1/thumb/v7e-m/nofp\libgcc.a(_arm_addsubsf3.o)
                              CMakeFiles/BLDC5.elf.dir/Core/Src/foc.c.obj (__aeabi_fsub)
c:/progra~1/gcc-arm-none-eabi-10.3-2021.10-win32/gcc-arm-none-eabi-10.3-2021.10/bin/../lib/gcc/arm-none-eabi/10.3.1/thumb/v7e-m/nofp\libgcc.a(_arm_muldivsf3.o)
                              CMakeFiles/BLDC5.elf.dir/Core/Src/foc.c.obj (__aeabi_fdiv)
c:/progra~1/gcc-arm-none-eabi-10.3-2021.10-win32/gcc-arm-none-eabi-10.3-2021.10/bin/../lib/gcc/arm-none-eabi/10.3.1/thumb/v7e-m/nofp\libgcc.a(_arm_cmpsf2.o)
                              CMakeFiles/BLDC5.elf.dir/Core/Src/foc.c.obj (__aeabi_fcmpeq)
c:/progra~1/gcc-arm-none-eabi-10.3-2021.10-win32/gcc-arm-none-eabi-10.3-2021.10/bin/../lib/gcc/arm-none-eabi/10.3.1/thumb/v7e-m/nofp\libgcc.a(_arm_fixunssfsi.o)
                              CMakeFiles/BLDC5.elf.dir/Core/Src/AS5047.c.obj (__aeabi_f2uiz)
c:/progra~1/gcc-arm-none-eabi-10.3-2021.10-win32/gcc-arm-none-eabi-10.3-2021.10/bin/../lib/gcc/arm-none-eabi/10.3.1/thumb/v7e-m/nofp\libgcc.a(_aeabi_uldivmod.o)
                              CMakeFiles/BLDC5.elf.dir/Drivers/STM32G4xx_HAL_Driver/Src/stm32g4xx_hal_uart.c.obj (__aeabi_uldivmod)
c:/progra~1/gcc-arm-none-eabi-10.3-2021.10-win32/gcc-arm-none-eabi-10.3-2021.10/bin/../lib/gcc/arm-none-eabi/10.3.1/thumb/v7e-m/nofp\libgcc.a(_udivmoddi4.o)
                              c:/progra~1/gcc-arm-none-eabi-10.3-2021.10-win32/gcc-arm-none-eabi-10.3-2021.10/bin/../lib/gcc/arm-none-eabi/10.3.1/thumb/v7e-m/nofp\libgcc.a(_aeabi_uldivmod.o) (__udivmoddi4)
c:/progra~1/gcc-arm-none-eabi-10.3-2021.10-win32/gcc-arm-none-eabi-10.3-2021.10/bin/../lib/gcc/arm-none-eabi/10.3.1/thumb/v7e-m/nofp\libgcc.a(_dvmd_tls.o)
                              c:/progra~1/gcc-arm-none-eabi-10.3-2021.10-win32/gcc-arm-none-eabi-10.3-2021.10/bin/../lib/gcc/arm-none-eabi/10.3.1/thumb/v7e-m/nofp\libgcc.a(_aeabi_uldivmod.o) (__aeabi_ldiv0)
c:/progra~1/gcc-arm-none-eabi-10.3-2021.10-win32/gcc-arm-none-eabi-10.3-2021.10/bin/../lib/gcc/arm-none-eabi/10.3.1/../../../../arm-none-eabi/lib/thumb/v7e-m/nofp\libg.a(lib_a-errno.o)
                              CMakeFiles/BLDC5.elf.dir/Core/Src/retarget.c.obj (__errno)
c:/progra~1/gcc-arm-none-eabi-10.3-2021.10-win32/gcc-arm-none-eabi-10.3-2021.10/bin/../lib/gcc/arm-none-eabi/10.3.1/../../../../arm-none-eabi/lib/thumb/v7e-m/nofp\libg.a(lib_a-exit.o)
                              c:/progra~1/gcc-arm-none-eabi-10.3-2021.10-win32/gcc-arm-none-eabi-10.3-2021.10/bin/../lib/gcc/arm-none-eabi/10.3.1/../../../../arm-none-eabi/lib/thumb/v7e-m/nofp/crt0.o (exit)
c:/progra~1/gcc-arm-none-eabi-10.3-2021.10-win32/gcc-arm-none-eabi-10.3-2021.10/bin/../lib/gcc/arm-none-eabi/10.3.1/../../../../arm-none-eabi/lib/thumb/v7e-m/nofp\libg.a(lib_a-impure.o)
[...]
Memory Configuration

Name             Origin             Length             Attributes
RAM              0x20000000         0x00008000         xrw
FLASH            0x08000000         0x00020000         xr
*default*        0x00000000         0xffffffff

Linker script and memory map

LOAD c:/progra~1/gcc-arm-none-eabi-10.3-2021.10-win32/gcc-arm-none-eabi-10.3-2021.10/bin/../lib/gcc/arm-none-eabi/10.3.1/thumb/v7e-m/nofp/crti.o
LOAD c:/progra~1/gcc-arm-none-eabi-10.3-2021.10-win32/gcc-arm-none-eabi-10.3-2021.10/bin/../lib/gcc/arm-none-eabi/10.3.1/thumb/v7e-m/nofp/crtbegin.o
LOAD c:/progra~1/gcc-arm-none-eabi-10.3-2021.10-win32/gcc-arm-none-eabi-10.3-2021.10/bin/../lib/gcc/arm-none-eabi/10.3.1/../../../../arm-none-eabi/lib/thumb/v7e-m/nofp/crt0.o
LOAD CMakeFiles/BLDC5.elf.dir/Core/Src/AS5047.c.obj
LOAD CMakeFiles/BLDC5.elf.dir/Core/Src/I_Current.c.obj
LOAD CMakeFiles/BLDC5.elf.dir/Core/Src/adc.c.obj
LOAD CMakeFiles/BLDC5.elf.dir/Core/Src/foc.c.obj
LOAD CMakeFiles/BLDC5.elf.dir/Core/Src/gpio.c.obj
LOAD CMakeFiles/BLDC5.elf.dir/Core/Src/interrupt.c.obj
LOAD CMakeFiles/BLDC5.elf.dir/Core/Src/main.c.obj
LOAD CMakeFiles/BLDC5.elf.dir/Core/Src/retarget.c.obj
LOAD CMakeFiles/BLDC5.elf.dir/Core/Src/stm32g4xx_hal_msp.c.obj
LOAD CMakeFiles/BLDC5.elf.dir/Core/Src/stm32g4xx_it.c.obj
LOAD CMakeFiles/BLDC5.elf.dir/Core/Src/syscalls.c.obj
LOAD CMakeFiles/BLDC5.elf.dir/Core/Src/sysmem.c.obj
LOAD CMakeFiles/BLDC5.elf.dir/Core/Src/system_stm32g4xx.c.obj
LOAD CMakeFiles/BLDC5.elf.dir/Core/Src/tim.c.obj
LOAD CMakeFiles/BLDC5.elf.dir/Core/Src/usart.c.obj
LOAD CMakeFiles/BLDC5.elf.dir/Core/Startup/startup_stm32g431cbtx.s.obj
LOAD CMakeFiles/BLDC5.elf.dir/Drivers/STM32G4xx_HAL_Driver/Src/stm32g4xx_hal.c.obj
LOAD CMakeFiles/BLDC5.elf.dir/Drivers/STM32G4xx_HAL_Driver/Src/stm32g4xx_hal_adc.c.obj
LOAD CMakeFiles/BLDC5.elf.dir/Drivers/STM32G4xx_HAL_Driver/Src/stm32g4xx_hal_adc_ex.c.obj
LOAD CMakeFiles/BLDC5.elf.dir/Drivers/STM32G4xx_HAL_Driver/Src/stm32g4xx_hal_cortex.c.obj
LOAD CMakeFiles/BLDC5.elf.dir/Drivers/STM32G4xx_HAL_Driver/Src/stm32g4xx_hal_dma.c.obj
LOAD CMakeFiles/BLDC5.elf.dir/Drivers/STM32G4xx_HAL_Driver/Src/stm32g4xx_hal_dma_ex.c.obj
LOAD CMakeFiles/BLDC5.elf.dir/Drivers/STM32G4xx_HAL_Driver/Src/stm32g4xx_hal_exti.c.obj
LOAD CMakeFiles/BLDC5.elf.dir/Drivers/STM32G4xx_HAL_Driver/Src/stm32g4xx_hal_flash.c.obj
LOAD CMakeFiles/BLDC5.elf.dir/Drivers/STM32G4xx_HAL_Driver/Src/stm32g4xx_hal_flash_ex.c.obj
LOAD CMakeFiles/BLDC5.elf.dir/Drivers/STM32G4xx_HAL_Driver/Src/stm32g4xx_hal_flash_ramfunc.c.obj
LOAD CMakeFiles/BLDC5.elf.dir/Drivers/STM32G4xx_HAL_Driver/Src/stm32g4xx_hal_gpio.c.obj
LOAD CMakeFiles/BLDC5.elf.dir/Drivers/STM32G4xx_HAL_Driver/Src/stm32g4xx_hal_pwr.c.obj
LOAD CMakeFiles/BLDC5.elf.dir/Drivers/STM32G4xx_HAL_Driver/Src/stm32g4xx_hal_pwr_ex.c.obj
LOAD CMakeFiles/BLDC5.elf.dir/Drivers/STM32G4xx_HAL_Driver/Src/stm32g4xx_hal_rcc.c.obj
LOAD CMakeFiles/BLDC5.elf.dir/Drivers/STM32G4xx_HAL_Driver/Src/stm32g4xx_hal_rcc_ex.c.obj
LOAD CMakeFiles/BLDC5.elf.dir/Drivers/STM32G4xx_HAL_Driver/Src/stm32g4xx_hal_tim.c.obj
LOAD CMakeFiles/BLDC5.elf.dir/Drivers/STM32G4xx_HAL_Driver/Src/stm32g4xx_hal_tim_ex.c.obj
LOAD CMakeFiles/BLDC5.elf.dir/Drivers/STM32G4xx_HAL_Driver/Src/stm32g4xx_hal_uart.c.obj
LOAD CMakeFiles/BLDC5.elf.dir/Drivers/STM32G4xx_HAL_Driver/Src/stm32g4xx_hal_uart_ex.c.obj
LOAD CMakeFiles/BLDC5.elf.dir/Drivers/STM32G4xx_HAL_Driver/Src/stm32g4xx_ll_adc.c.obj
START GROUP
LOAD c:/progra~1/gcc-arm-none-eabi-10.3-2021.10-win32/gcc-arm-none-eabi-10.3-2021.10/bin/../lib/gcc/arm-none-eabi/10.3.1/thumb/v7e-m/nofp\libgcc.a
LOAD c:/progra~1/gcc-arm-none-eabi-10.3-2021.10-win32/gcc-arm-none-eabi-10.3-2021.10/bin/../lib/gcc/arm-none-eabi/10.3.1/../../../../arm-none-eabi/lib/thumb/v7e-m/nofp\libg.a
LOAD c:/progra~1/gcc-arm-none-eabi-10.3-2021.10-win32/gcc-arm-none-eabi-10.3-2021.10/bin/../lib/gcc/arm-none-eabi/10.3.1/../../../../arm-none-eabi/lib/thumb/v7e-m/nofp\libc.a
END GROUP
LOAD c:/progra~1/gcc-arm-none-eabi-10.3-2021.10-win32/gcc-arm-none-eabi-10.3-2021.10/bin/../lib/gcc/arm-none-eabi/10.3.1/thumb/v7e-m/nofp/crtend.o
LOAD c:/progra~1/gcc-arm-none-eabi-10.3-2021.10-win32/gcc-arm-none-eabi-10.3-2021.10/bin/../lib/gcc/arm-none-eabi/10.3.1/thumb/v7e-m/nofp/crtn.o
                0x20008000                _estack = (ORIGIN (RAM) + LENGTH (RAM))
                0x00000200                _Min_Heap_Size = 0x200
                0x00000400                _Min_Stack_Size = 0x400

.isr_vector     0x08000000      0x1d8
                0x08000000                . = ALIGN (0x4)
 *(.isr_vector)
 .isr_vector    0x08000000      0x1d8 CMakeFiles/BLDC5.elf.dir/Core/Startup/startup_stm32g431cbtx.s.obj
                0x08000000                g_pfnVectors
                0x080001d8                . = ALIGN (0x4)

.text           0x08000200     0xbe84
                0x08000200                . = ALIGN (0x4)
 *(.text)
 .text          0x08000200       0x40 c:/progra~1/gcc-arm-none-eabi-10.3-2021.10-win32/gcc-arm-none-eabi-10.3-2021.10/bin/../lib/gcc/arm-none-eabi/10.3.1/thumb/v7e-m/nofp/crtbegin.o
 .text          0x08000240      0x378 c:/progra~1/gcc-arm-none-eabi-10.3-2021.10-win32/gcc-arm-none-eabi-10.3-2021.10/bin/../lib/gcc/arm-none-eabi/10.3.1/thumb/v7e-m/nofp\libgcc.a(_arm_addsubdf3.o)
                0x08000240                __aeabi_drsub
                0x08000248                __aeabi_dsub
                0x08000248                __subdf3
                0x0800024c                __aeabi_dadd
                0x0800024c                __adddf3
                0x080004c4                __floatunsidf
                0x080004c4                __aeabi_ui2d
                0x080004e4                __floatsidf
                0x080004e4                __aeabi_i2d
                0x08000508                __aeabi_f2d
                0x08000508                __extendsfdf2
                0x0800054c                __floatundidf
                0x0800054c                __aeabi_ul2d
                0x0800055c                __floatdidf
                0x0800055c                __aeabi_l2d
 .text          0x080005b8      0x424 c:/progra~1/gcc-arm-none-eabi-10.3-2021.10-win32/gcc-arm-none-eabi-10.3-2021.10/bin/../lib/gcc/arm-none-eabi/10.3.1/thumb/v7e-m/nofp\libgcc.a(_arm_muldivdf3.o)
                0x080005b8                __aeabi_dmul
                0x080005b8                __muldf3
                0x0800080c                __divdf3
                0x0800080c                __aeabi_ddiv
 .text          0x080009dc      0x110 c:/progra~1/gcc-arm-none-eabi-10.3-2021.10-win32/gcc-arm-none-eabi-10.3-2021.10/bin/../lib/gcc/arm-none-eabi/10.3.1/thumb/v7e-m/nofp\libgcc.a(_arm_cmpdf2.o)
                0x080009dc                __gtdf2
                0x080009dc                __gedf2
                0x080009e4                __ltdf2
                0x080009e4                __ledf2
                0x080009ec                __nedf2
                0x080009ec                __eqdf2
                0x080009ec                __cmpdf2
                0x08000a68                __aeabi_cdrcmple
                0x08000a78                __aeabi_cdcmpeq
                0x08000a78                __aeabi_cdcmple
                0x08000a88                __aeabi_dcmpeq
                0x08000a9c                __aeabi_dcmplt
                0x08000ab0                __aeabi_dcmple
                0x08000ac4                __aeabi_dcmpge
                0x08000ad8                __aeabi_dcmpgt
 .text          0x08000aec       0x50 c:/progra~1/gcc-arm-none-eabi-10.3-2021.10-win32/gcc-arm-none-eabi-10.3-2021.10/bin/../lib/gcc/arm-none-eabi/10.3.1/thumb/v7e-m/nofp\libgcc.a(_arm_fixdfsi.o)
                0x08000aec                __aeabi_d2iz
                0x08000aec                __fixdfsi
 .text          0x08000b3c       0x40 c:/progra~1/gcc-arm-none-eabi-10.3-2021.10-win32/gcc-arm-none-eabi-10.3-2021.10/bin/../lib/gcc/arm-none-eabi/10.3.1/thumb/v7e-m/nofp\libgcc.a(_arm_fixunsdfsi.o)
                0x08000b3c                __aeabi_d2uiz
                0x08000b3c                __fixunsdfsi
 .text          0x08000b7c       0xa0 c:/progra~1/gcc-arm-none-eabi-10.3-2021.10-win32/gcc-arm-none-eabi-10.3-2021.10/bin/../lib/gcc/arm-none-eabi/10.3.1/thumb/v7e-m/nofp\libgcc.a(_arm_truncdfsf2.o)
                0x08000b7c                __truncdfsf2
                0x08000b7c                __aeabi_d2f
 .text          0x08000c1c      0x21c c:/progra~1/gcc-arm-none-eabi-10.3-2021.10-win32/gcc-arm-none-eabi-10.3-2021.10/bin/../lib/gcc/arm-none-eabi/10.3.1/thumb/v7e-m/nofp\libgcc.a(_arm_addsubsf3.o)
                0x08000c1c                __aeabi_frsub
                0x08000c24                __subsf3
                0x08000c24                __aeabi_fsub
                0x08000c28                __aeabi_fadd
                0x08000c28                __addsf3
                0x08000d88                __aeabi_ui2f
                0x08000d88                __floatunsisf
                0x08000d90                __aeabi_i2f
                0x08000d90                __floatsisf
                0x08000dac                __aeabi_ul2f
                0x08000dac                __floatundisf
                0x08000dbc                __aeabi_l2f
                0x08000dbc                __floatdisf
 .text          0x08000e38      0x2a0 c:/progra~1/gcc-arm-none-eabi-10.3-2021.10-win32/gcc-arm-none-eabi-10.3-2021.10/bin/../lib/gcc/arm-none-eabi/10.3.1/thumb/v7e-m/nofp\libgcc.a(_arm_muldivsf3.o)
                0x08000e38                __mulsf3
                0x08000e38                __aeabi_fmul
                0x08000fa0                __aeabi_fdiv
                0x08000fa0                __divsf3
 .text          0x080010d8       0xec c:/progra~1/gcc-arm-none-eabi-10.3-2021.10-win32/gcc-arm-none-eabi-10.3-2021.10/bin/../lib/gcc/arm-none-eabi/10.3.1/thumb/v7e-m/nofp\libgcc.a(_arm_cmpsf2.o)
                0x080010d8                __gesf2
                0x080010d8                __gtsf2
                0x080010e0                __lesf2
                0x080010e0                __ltsf2
                0x080010e8                __nesf2
                0x080010e8                __eqsf2
                0x080010e8                __cmpsf2
                0x08001148                __aeabi_cfrcmple
                0x08001150                __aeabi_cfcmpeq
                0x08001150                __aeabi_cfcmple
                0x08001160                __aeabi_fcmpeq
                0x08001174                __aeabi_fcmplt
                0x08001188                __aeabi_fcmple
                0x0800119c                __aeabi_fcmpge
                0x080011b0                __aeabi_fcmpgt
 .text          0x080011c4       0x40 c:/progra~1/gcc-arm-none-eabi-10.3-2021.10-win32/gcc-arm-none-eabi-10.3-2021.10/bin/../lib/gcc/arm-none-eabi/10.3.1/thumb/v7e-m/nofp\libgcc.a(_arm_fixunssfsi.o)
                0x080011c4                __fixunssfsi
                0x080011c4                __aeabi_f2uiz
 .text          0x08001204       0x30 c:/progra~1/gcc-arm-none-eabi-10.3-2021.10-win32/gcc-arm-none-eabi-10.3-2021.10/bin/../lib/gcc/arm-none-eabi/10.3.1/thumb/v7e-m/nofp\libgcc.a(_aeabi_uldivmod.o)
                0x08001204                __aeabi_uldivmod
 .text          0x08001234      0x2d0 c:/progra~1/gcc-arm-none-eabi-10.3-2021.10-win32/gcc-arm-none-eabi-10.3-2021.10/bin/../lib/gcc/arm-none-eabi/10.3.1/thumb/v7e-m/nofp\libgcc.a(_udivmoddi4.o)
                0x08001234                __udivmoddi4
 .text          0x08001504        0x4 c:/progra~1/gcc-arm-none-eabi-10.3-2021.10-win32/gcc-arm-none-eabi-10.3-2021.10/bin/../lib/gcc/arm-none-eabi/10.3.1/thumb/v7e-m/nofp\libgcc.a(_dvmd_tls.o)
                0x08001504                __aeabi_idiv0
                0x08001504                __aeabi_ldiv0
 *fill*         0x08001508        0x8 
 .text          0x08001510       0xa0 c:/progra~1/gcc-arm-none-eabi-10.3-2021.10-win32/gcc-arm-none-eabi-10.3-2021.10/bin/../lib/gcc/arm-none-eabi/10.3.1/../../../../arm-none-eabi/lib/thumb/v7e-m/nofp\libg.a(lib_a-memchr.o)
                0x08001510                memchr
 .text          0x080015b0      0x134 c:/progra~1/gcc-arm-none-eabi-10.3-2021.10-win32/gcc-arm-none-eabi-10.3-2021.10/bin/../lib/gcc/arm-none-eabi/10.3.1/../../../../arm-none-eabi/lib/thumb/v7e-m/nofp\libg.a(lib_a-memcpy.o)
                0x080015b0                memcpy
 *fill*         0x080016e4       0x1c 
 .text          0x08001700       0xdc c:/progra~1/gcc-arm-none-eabi-10.3-2021.10-win32/gcc-arm-none-eabi-10.3-2021.10/bin/../lib/gcc/arm-none-eabi/10.3.1/../../../../arm-none-eabi/lib/thumb/v7e-m/nofp\libg.a(lib_a-strlen.o)
                0x08001700                strlen
 .text          0x080017dc       0x2c c:/progra~1/gcc-arm-none-eabi-10.3-2021.10-win32/gcc-arm-none-eabi-10.3-2021.10/bin/../lib/gcc/arm-none-eabi/10.3.1/thumb/v7e-m/nofp\libgcc.a(_arm_unorddf2.o)
                0x080017dc                __unorddf2
                0x080017dc                __aeabi_dcmpun
 *(.text*)
 .text.for_delay_us
                0x08001808       0x12 CMakeFiles/BLDC5.elf.dir/Core/Src/AS5047.c.obj
                0x08001808                for_delay_us
 *fill*         0x0800181a        0x2 
 .text.SPI_Init
                0x0800181c       0xc4 CMakeFiles/BLDC5.elf.dir/Core/Src/AS5047.c.obj
                0x0800181c                SPI_Init
 .text.SOFT_SPI_RW_MODE1
                0x080018e0       0x7c CMakeFiles/BLDC5.elf.dir/Core/Src/AS5047.c.obj
                0x080018e0                SOFT_SPI_RW_MODE1
 .text.SPIx_ReadWrite_Byte
                0x0800195c       0x1c CMakeFiles/BLDC5.elf.dir/Core/Src/AS5047.c.obj
                0x0800195c                SPIx_ReadWrite_Byte
 .text.Read_Register
                0x08001978       0x78 CMakeFiles/BLDC5.elf.dir/Core/Src/AS5047.c.obj
                0x08001978                Read_Register
 .text.Get_Angle2
                0x080019f0       0x44 CMakeFiles/BLDC5.elf.dir/Core/Src/AS5047.c.obj
                0x080019f0                Get_Angle2
 .text.Sensor_lnit
                0x08001a34        0xc CMakeFiles/BLDC5.elf.dir/Core/Src/AS5047.c.obj
                0x08001a34                Sensor_lnit
 .text.MX_ADC1_Init
                0x08001a40       0xa0 CMakeFiles/BLDC5.elf.dir/Core/Src/adc.c.obj
                0x08001a40                MX_ADC1_Init
 .text.HAL_ADC_MspInit
                0x08001ae0       0x84 CMakeFiles/BLDC5.elf.dir/Core/Src/adc.c.obj
                0x08001ae0                HAL_ADC_MspInit
 .text.foc_Init
                0x08001b64       0x3c CMakeFiles/BLDC5.elf.dir/Core/Src/foc.c.obj
                0x08001b64                foc_Init
 .text._electricalAngle
                0x08001ba0       0x12 CMakeFiles/BLDC5.elf.dir/Core/Src/foc.c.obj
                0x08001ba0                _electricalAngle
 *fill*         0x08001bb2        0x6 
 .text._normallizeAngle
                0x08001bb8       0x48 CMakeFiles/BLDC5.elf.dir/Core/Src/foc.c.obj
                0x08001bb8                _normallizeAngle
 .text._sin2    0x08001c00      0x1f0 CMakeFiles/BLDC5.elf.dir/Core/Src/foc.c.obj
                0x08001c00                _sin2
 .text._normalizeAngle2
                0x08001df0       0x48 CMakeFiles/BLDC5.elf.dir/Core/Src/foc.c.obj
                0x08001df0                _normalizeAngle2
 .text._sqrtApprox2
                0x08001e38       0x14 CMakeFiles/BLDC5.elf.dir/Core/Src/foc.c.obj
                0x08001e38                _sqrtApprox2
 *fill*         0x08001e4c        0x4 
 .text.setPhaseVoltage2
                0x08001e50      0x318 CMakeFiles/BLDC5.elf.dir/Core/Src/foc.c.obj
                0x08001e50                setPhaseVoltage2
 .text.velocityOpenloop
                0x08002168       0xa0 CMakeFiles/BLDC5.elf.dir/Core/Src/foc.c.obj
                0x08002168                velocityOpenloop
 .text.MX_GPIO_Init
                0x08002208       0xb4 CMakeFiles/BLDC5.elf.dir/Core/Src/gpio.c.obj
                0x08002208                MX_GPIO_Init
 .text.interrupt_Init
                0x080022bc       0x10 CMakeFiles/BLDC5.elf.dir/Core/Src/interrupt.c.obj
                0x080022bc                interrupt_Init
 .text.HAL_TIM_PeriodElapsedCallback
                0x080022cc       0x40 CMakeFiles/BLDC5.elf.dir/Core/Src/interrupt.c.obj
                0x080022cc                HAL_TIM_PeriodElapsedCallback
 .text.Error_Handler
                0x0800230c        0x4 CMakeFiles/BLDC5.elf.dir/Core/Src/main.c.obj
                0x0800230c                Error_Handler
 .text.SystemClock_Config
                0x08002310       0x74 CMakeFiles/BLDC5.elf.dir/Core/Src/main.c.obj
                0x08002310                SystemClock_Config
 .text.main     0x08002384       0x44 CMakeFiles/BLDC5.elf.dir/Core/Src/main.c.obj
                0x08002384                main
 .text.RetargetInit
                0x080023c8       0x20 CMakeFiles/BLDC5.elf.dir/Core/Src/retarget.c.obj
                0x080023c8                RetargetInit
 .text._isatty  0x080023e8       0x16 CMakeFiles/BLDC5.elf.dir/Core/Src/retarget.c.obj
                0x080023e8                _isatty
 *fill*         0x080023fe        0x2 
 .text._write   0x08002400       0x34 CMakeFiles/BLDC5.elf.dir/Core/Src/retarget.c.obj
                0x08002400                _write
 .text._close   0x08002434       0x18 CMakeFiles/BLDC5.elf.dir/Core/Src/retarget.c.obj
                0x08002434                _close
 .text._lseek   0x0800244c       0x10 CMakeFiles/BLDC5.elf.dir/Core/Src/retarget.c.obj
                0x0800244c                _lseek
 .text._read    0x0800245c       0x30 CMakeFiles/BLDC5.elf.dir/Core/Src/retarget.c.obj
                0x0800245c                _read
 .text._fstat   0x0800248c       0x1a CMakeFiles/BLDC5.elf.dir/Core/Src/retarget.c.obj
                0x0800248c                _fstat
 *fill*         0x080024a6        0x2 
 .text.HAL_MspInit
                0x080024a8       0x38 CMakeFiles/BLDC5.elf.dir/Core/Src/stm32g4xx_hal_msp.c.obj
                0x080024a8                HAL_MspInit
 .text.NMI_Handler
                0x080024e0        0x2 CMakeFiles/BLDC5.elf.dir/Core/Src/stm32g4xx_it.c.obj
                0x080024e0                NMI_Handler
 .text.HardFault_Handler
                0x080024e2        0x2 CMakeFiles/BLDC5.elf.dir/Core/Src/stm32g4xx_it.c.obj
                0x080024e2                HardFault_Handler
 .text.MemManage_Handler
                0x080024e4        0x2 CMakeFiles/BLDC5.elf.dir/Core/Src/stm32g4xx_it.c.obj
                0x080024e4                MemManage_Handler
 .text.BusFault_Handler
                0x080024e6        0x2 CMakeFiles/BLDC5.elf.dir/Core/Src/stm32g4xx_it.c.obj
                0x080024e6                BusFault_Handler
 .text.UsageFault_Handler
                0x080024e8        0x2 CMakeFiles/BLDC5.elf.dir/Core/Src/stm32g4xx_it.c.obj
                0x080024e8                UsageFault_Handler
 .text.SVC_Handler
                0x080024ea        0x2 CMakeFiles/BLDC5.elf.dir/Core/Src/stm32g4xx_it.c.obj
                0x080024ea                SVC_Handler
 .text.DebugMon_Handler
                0x080024ec        0x2 CMakeFiles/BLDC5.elf.dir/Core/Src/stm32g4xx_it.c.obj
                0x080024ec                DebugMon_Handler
 .text.PendSV_Handler
                0x080024ee        0x2 CMakeFiles/BLDC5.elf.dir/Core/Src/stm32g4xx_it.c.obj
                0x080024ee                PendSV_Handler
 .text.SysTick_Handler
                0x080024f0        0x8 CMakeFiles/BLDC5.elf.dir/Core/Src/stm32g4xx_it.c.obj
                0x080024f0                SysTick_Handler
 .text.TIM2_IRQHandler
                0x080024f8       0x10 CMakeFiles/BLDC5.elf.dir/Core/Src/stm32g4xx_it.c.obj
                0x080024f8                TIM2_IRQHandler
 .text.TIM3_IRQHandler
                0x08002508       0x10 CMakeFiles/BLDC5.elf.dir/Core/Src/stm32g4xx_it.c.obj
                0x08002508                TIM3_IRQHandler
 .text._getpid  0x08002518        0x4 CMakeFiles/BLDC5.elf.dir/Core/Src/syscalls.c.obj
                0x08002518                _getpid
 .text._kill    0x0800251c       0x10 CMakeFiles/BLDC5.elf.dir/Core/Src/syscalls.c.obj
                0x0800251c                _kill
 .text._exit    0x0800252c        0xc CMakeFiles/BLDC5.elf.dir/Core/Src/syscalls.c.obj
                0x0800252c                _exit
 .text._sbrk    0x08002538       0x48 CMakeFiles/BLDC5.elf.dir/Core/Src/sysmem.c.obj
                0x08002538                _sbrk
 .text.SystemInit
                0x08002580        0x2 CMakeFiles/BLDC5.elf.dir/Core/Src/system_stm32g4xx.c.obj
                0x08002580                SystemInit
 *fill*         0x08002582        0x2 
 .text.MX_TIM2_Init
                0x08002584       0x6c CMakeFiles/BLDC5.elf.dir/Core/Src/tim.c.obj
                0x08002584                MX_TIM2_Init
 .text.MX_TIM3_Init
                0x080025f0       0x70 CMakeFiles/BLDC5.elf.dir/Core/Src/tim.c.obj
                0x080025f0                MX_TIM3_Init
 .text.HAL_TIM_Base_MspInit
                0x08002660       0x90 CMakeFiles/BLDC5.elf.dir/Core/Src/tim.c.obj
                0x08002660                HAL_TIM_Base_MspInit
 .text.HAL_TIM_MspPostInit
                0x080026f0       0x54 CMakeFiles/BLDC5.elf.dir/Core/Src/tim.c.obj
                0x080026f0                HAL_TIM_MspPostInit
 .text.MX_TIM1_Init
                0x08002744      0x128 CMakeFiles/BLDC5.elf.dir/Core/Src/tim.c.obj
                0x08002744                MX_TIM1_Init
 .text.MX_USART2_UART_Init
                0x0800286c       0x68 CMakeFiles/BLDC5.elf.dir/Core/Src/usart.c.obj
                0x0800286c                MX_USART2_UART_Init
 .text.HAL_UART_MspInit
                0x080028d4       0xb4 CMakeFiles/BLDC5.elf.dir/Core/Src/usart.c.obj
                0x080028d4                HAL_UART_MspInit
 .text.Reset_Handler
                0x08002988       0x50 CMakeFiles/BLDC5.elf.dir/Core/Startup/startup_stm32g431cbtx.s.obj
                0x08002988                Reset_Handler
 .text.Default_Handler
                0x080029d8        0x2 CMakeFiles/BLDC5.elf.dir/Core/Startup/startup_stm32g431cbtx.s.obj
                0x080029d8                RTC_Alarm_IRQHandler
                0x080029d8                EXTI2_IRQHandler
                0x080029d8                TIM8_TRG_COM_IRQHandler
                0x080029d8                TIM8_CC_IRQHandler
                0x080029d8                TIM1_CC_IRQHandler
                0x080029d8                USB_HP_IRQHandler
                0x080029d8                CORDIC_IRQHandler
                0x080029d8                EXTI3_IRQHandler
                0x080029d8                I2C3_ER_IRQHandler
                0x080029d8                EXTI0_IRQHandler
                0x080029d8                I2C2_EV_IRQHandler
                0x080029d8                FPU_IRQHandler
                0x080029d8                FDCAN1_IT1_IRQHandler
                0x080029d8                TIM1_UP_TIM16_IRQHandler
                0x080029d8                ADC1_2_IRQHandler
                0x080029d8                SPI1_IRQHandler
                0x080029d8                TIM6_DAC_IRQHandler
                0x080029d8                TIM8_UP_IRQHandler
                0x080029d8                DMA2_Channel2_IRQHandler
                0x080029d8                DMA1_Channel4_IRQHandler
                0x080029d8                USART3_IRQHandler
                0x080029d8                TIM4_IRQHandler
                0x080029d8                DMA2_Channel1_IRQHandler
                0x080029d8                I2C1_EV_IRQHandler
                0x080029d8                DMA1_Channel6_IRQHandler
                0x080029d8                UART4_IRQHandler
                0x080029d8                DMA2_Channel4_IRQHandler
                0x080029d8                RCC_IRQHandler
                0x080029d8                DMA1_Channel1_IRQHandler
                0x080029d8                Default_Handler
                0x080029d8                RTC_TAMP_LSECSS_IRQHandler
                0x080029d8                FMAC_IRQHandler
                0x080029d8                EXTI15_10_IRQHandler
                0x080029d8                TIM7_IRQHandler
                0x080029d8                UCPD1_IRQHandler
                0x080029d8                I2C3_EV_IRQHandler
                0x080029d8                EXTI9_5_IRQHandler
                0x080029d8                RTC_WKUP_IRQHandler
                0x080029d8                PVD_PVM_IRQHandler
                0x080029d8                SPI2_IRQHandler
                0x080029d8                DMA2_Channel5_IRQHandler
                0x080029d8                CRS_IRQHandler
                0x080029d8                DMA1_Channel5_IRQHandler
                0x080029d8                USB_LP_IRQHandler
                0x080029d8                EXTI4_IRQHandler
                0x080029d8                RNG_IRQHandler
                0x080029d8                TIM1_TRG_COM_TIM17_IRQHandler
                0x080029d8                DMA1_Channel3_IRQHandler
                0x080029d8                WWDG_IRQHandler
                0x080029d8                LPUART1_IRQHandler
                0x080029d8                DMA2_Channel6_IRQHandler
                0x080029d8                FDCAN1_IT0_IRQHandler
                0x080029d8                COMP1_2_3_IRQHandler
                0x080029d8                EXTI1_IRQHandler
                0x080029d8                USART2_IRQHandler
                0x080029d8                I2C2_ER_IRQHandler
                0x080029d8                DMA1_Channel2_IRQHandler
                0x080029d8                TIM8_BRK_IRQHandler
                0x080029d8                FLASH_IRQHandler
                0x080029d8                USART1_IRQHandler
                0x080029d8                SPI3_IRQHandler
                0x080029d8                I2C1_ER_IRQHandler
                0x080029d8                LPTIM1_IRQHandler
                0x080029d8                DMAMUX_OVR_IRQHandler
                0x080029d8                USBWakeUp_IRQHandler
                0x080029d8                SAI1_IRQHandler
                0x080029d8                DMA2_Channel3_IRQHandler
                0x080029d8                COMP4_IRQHandler
                0x080029d8                TIM1_BRK_TIM15_IRQHandler
 *fill*         0x080029da        0x2 
 .text.HAL_InitTick
                0x080029dc       0x50 CMakeFiles/BLDC5.elf.dir/Drivers/STM32G4xx_HAL_Driver/Src/stm32g4xx_hal.c.obj
                0x080029dc                HAL_InitTick
 .text.HAL_Init
                0x08002a2c       0x1e CMakeFiles/BLDC5.elf.dir/Drivers/STM32G4xx_HAL_Driver/Src/stm32g4xx_hal.c.obj
                0x08002a2c                HAL_Init
 *fill*         0x08002a4a        0x2 
 .text.HAL_IncTick
                0x08002a4c       0x18 CMakeFiles/BLDC5.elf.dir/Drivers/STM32G4xx_HAL_Driver/Src/stm32g4xx_hal.c.obj
                0x08002a4c                HAL_IncTick
 .text.HAL_GetTick
                0x08002a64        0xc CMakeFiles/BLDC5.elf.dir/Drivers/STM32G4xx_HAL_Driver/Src/stm32g4xx_hal.c.obj
                0x08002a64                HAL_GetTick
 .text.HAL_Delay
                0x08002a70       0x28 CMakeFiles/BLDC5.elf.dir/Drivers/STM32G4xx_HAL_Driver/Src/stm32g4xx_hal.c.obj
                0x08002a70                HAL_Delay
 .text.HAL_ADC_Init
                0x08002a98      0x240 CMakeFiles/BLDC5.elf.dir/Drivers/STM32G4xx_HAL_Driver/Src/stm32g4xx_hal_adc.c.obj
                0x08002a98                HAL_ADC_Init
 .text.HAL_ADC_ConfigChannel
                0x08002cd8      0x4e4 CMakeFiles/BLDC5.elf.dir/Drivers/STM32G4xx_HAL_Driver/Src/stm32g4xx_hal_adc.c.obj
                0x08002cd8                HAL_ADC_ConfigChannel
 .text.HAL_ADCEx_MultiModeConfigChannel
                0x080031bc      0x114 CMakeFiles/BLDC5.elf.dir/Drivers/STM32G4xx_HAL_Driver/Src/stm32g4xx_hal_adc_ex.c.obj
                0x080031bc                HAL_ADCEx_MultiModeConfigChannel
 .text.HAL_NVIC_SetPriorityGrouping
                0x080032d0       0x24 CMakeFiles/BLDC5.elf.dir/Drivers/STM32G4xx_HAL_Driver/Src/stm32g4xx_hal_cortex.c.obj
                0x080032d0                HAL_NVIC_SetPriorityGrouping
 .text.HAL_NVIC_SetPriority
                0x080032f4       0x70 CMakeFiles/BLDC5.elf.dir/Drivers/STM32G4xx_HAL_Driver/Src/stm32g4xx_hal_cortex.c.obj
                0x080032f4                HAL_NVIC_SetPriority
 .text.HAL_NVIC_EnableIRQ
                0x08003364       0x1c CMakeFiles/BLDC5.elf.dir/Drivers/STM32G4xx_HAL_Driver/Src/stm32g4xx_hal_cortex.c.obj
                0x08003364                HAL_NVIC_EnableIRQ
 .text.HAL_SYSTICK_Config
                0x08003380       0x28 CMakeFiles/BLDC5.elf.dir/Drivers/STM32G4xx_HAL_Driver/Src/stm32g4xx_hal_cortex.c.obj
                0x08003380                HAL_SYSTICK_Config
 .text.HAL_GPIO_Init
                0x080033a8      0x1dc CMakeFiles/BLDC5.elf.dir/Drivers/STM32G4xx_HAL_Driver/Src/stm32g4xx_hal_gpio.c.obj
                0x080033a8                HAL_GPIO_Init
 .text.HAL_GPIO_ReadPin
                0x08003584        0xe CMakeFiles/BLDC5.elf.dir/Drivers/STM32G4xx_HAL_Driver/Src/stm32g4xx_hal_gpio.c.obj
                0x08003584                HAL_GPIO_ReadPin
 .text.HAL_GPIO_WritePin
                0x08003592        0xa CMakeFiles/BLDC5.elf.dir/Drivers/STM32G4xx_HAL_Driver/Src/stm32g4xx_hal_gpio.c.obj
                0x08003592                HAL_GPIO_WritePin
 .text.HAL_GPIO_TogglePin
                0x0800359c       0x12 CMakeFiles/BLDC5.elf.dir/Drivers/STM32G4xx_HAL_Driver/Src/stm32g4xx_hal_gpio.c.obj
                0x0800359c                HAL_GPIO_TogglePin
 *fill*         0x080035ae        0x2 
 .text.HAL_PWREx_ControlVoltageScaling
                0x080035b0      0x10c CMakeFiles/BLDC5.elf.dir/Drivers/STM32G4xx_HAL_Driver/Src/stm32g4xx_hal_pwr_ex.c.obj
                0x080035b0                HAL_PWREx_ControlVoltageScaling
 .text.HAL_PWREx_DisableUCPDDeadBattery
                0x080036bc       0x10 CMakeFiles/BLDC5.elf.dir/Drivers/STM32G4xx_HAL_Driver/Src/stm32g4xx_hal_pwr_ex.c.obj
                0x080036bc                HAL_PWREx_DisableUCPDDeadBattery
 .text.RCC_GetSysClockFreqFromPLLSource
                0x080036cc       0x54 CMakeFiles/BLDC5.elf.dir/Drivers/STM32G4xx_HAL_Driver/Src/stm32g4xx_hal_rcc.c.obj
 .text.HAL_RCC_OscConfig
                0x08003720      0x4e8 CMakeFiles/BLDC5.elf.dir/Drivers/STM32G4xx_HAL_Driver/Src/stm32g4xx_hal_rcc.c.obj
                0x08003720                HAL_RCC_OscConfig
 .text.HAL_RCC_GetSysClockFreq
                0x08003c08       0x84 CMakeFiles/BLDC5.elf.dir/Drivers/STM32G4xx_HAL_Driver/Src/stm32g4xx_hal_rcc.c.obj
                0x08003c08                HAL_RCC_GetSysClockFreq
 .text.HAL_RCC_ClockConfig
                0x08003c8c      0x1f8 CMakeFiles/BLDC5.elf.dir/Drivers/STM32G4xx_HAL_Driver/Src/stm32g4xx_hal_rcc.c.obj
                0x08003c8c                HAL_RCC_ClockConfig
 .text.HAL_RCC_GetHCLKFreq
                0x08003e84        0xc CMakeFiles/BLDC5.elf.dir/Drivers/STM32G4xx_HAL_Driver/Src/stm32g4xx_hal_rcc.c.obj
                0x08003e84                HAL_RCC_GetHCLKFreq
 .text.HAL_RCC_GetPCLK1Freq
                0x08003e90       0x24 CMakeFiles/BLDC5.elf.dir/Drivers/STM32G4xx_HAL_Driver/Src/stm32g4xx_hal_rcc.c.obj
                0x08003e90                HAL_RCC_GetPCLK1Freq
 .text.HAL_RCC_GetPCLK2Freq
                0x08003eb4       0x24 CMakeFiles/BLDC5.elf.dir/Drivers/STM32G4xx_HAL_Driver/Src/stm32g4xx_hal_rcc.c.obj
                0x08003eb4                HAL_RCC_GetPCLK2Freq
 .text.HAL_RCCEx_PeriphCLKConfig
                0x08003ed8      0x2e4 CMakeFiles/BLDC5.elf.dir/Drivers/STM32G4xx_HAL_Driver/Src/stm32g4xx_hal_rcc_ex.c.obj
                0x08003ed8                HAL_RCCEx_PeriphCLKConfig
 .text.TIM_OC1_SetConfig
                0x080041bc       0xa0 CMakeFiles/BLDC5.elf.dir/Drivers/STM32G4xx_HAL_Driver/Src/stm32g4xx_hal_tim.c.obj
 .text.TIM_OC3_SetConfig
                0x0800425c       0x8c CMakeFiles/BLDC5.elf.dir/Drivers/STM32G4xx_HAL_Driver/Src/stm32g4xx_hal_tim.c.obj
 .text.TIM_OC4_SetConfig
                0x080042e8       0x8c CMakeFiles/BLDC5.elf.dir/Drivers/STM32G4xx_HAL_Driver/Src/stm32g4xx_hal_tim.c.obj
 .text.TIM_OC5_SetConfig
                0x08004374       0x68 CMakeFiles/BLDC5.elf.dir/Drivers/STM32G4xx_HAL_Driver/Src/stm32g4xx_hal_tim.c.obj
 .text.TIM_OC6_SetConfig
                0x080043dc       0x6c CMakeFiles/BLDC5.elf.dir/Drivers/STM32G4xx_HAL_Driver/Src/stm32g4xx_hal_tim.c.obj
 .text.TIM_TI1_ConfigInputStage
                0x08004448       0x24 CMakeFiles/BLDC5.elf.dir/Drivers/STM32G4xx_HAL_Driver/Src/stm32g4xx_hal_tim.c.obj
 .text.TIM_TI2_ConfigInputStage
                0x0800446c       0x26 CMakeFiles/BLDC5.elf.dir/Drivers/STM32G4xx_HAL_Driver/Src/stm32g4xx_hal_tim.c.obj
 .text.TIM_ITRx_SetConfig
                0x08004492       0x14 CMakeFiles/BLDC5.elf.dir/Drivers/STM32G4xx_HAL_Driver/Src/stm32g4xx_hal_tim.c.obj
 *fill*         0x080044a6        0x2 
 .text.HAL_TIM_Base_Start_IT
                0x080044a8       0x84 CMakeFiles/BLDC5.elf.dir/Drivers/STM32G4xx_HAL_Driver/Src/stm32g4xx_hal_tim.c.obj
                0x080044a8                HAL_TIM_Base_Start_IT
 .text.HAL_TIM_PWM_MspInit
                0x0800452c        0x2 CMakeFiles/BLDC5.elf.dir/Drivers/STM32G4xx_HAL_Driver/Src/stm32g4xx_hal_tim.c.obj
                0x0800452c                HAL_TIM_PWM_MspInit
 .text.HAL_TIM_OC_DelayElapsedCallback
                0x0800452e        0x2 CMakeFiles/BLDC5.elf.dir/Drivers/STM32G4xx_HAL_Driver/Src/stm32g4xx_hal_tim.c.obj
                0x0800452e                HAL_TIM_OC_DelayElapsedCallback
 .text.HAL_TIM_IC_CaptureCallback
                0x08004530        0x2 CMakeFiles/BLDC5.elf.dir/Drivers/STM32G4xx_HAL_Driver/Src/stm32g4xx_hal_tim.c.obj
                0x08004530                HAL_TIM_IC_CaptureCallback
 .text.HAL_TIM_PWM_PulseFinishedCallback
                0x08004532        0x2 CMakeFiles/BLDC5.elf.dir/Drivers/STM32G4xx_HAL_Driver/Src/stm32g4xx_hal_tim.c.obj
                0x08004532                HAL_TIM_PWM_PulseFinishedCallback
 .text.HAL_TIM_TriggerCallback
                0x08004534        0x2 CMakeFiles/BLDC5.elf.dir/Drivers/STM32G4xx_HAL_Driver/Src/stm32g4xx_hal_tim.c.obj
                0x08004534                HAL_TIM_TriggerCallback
 .text.HAL_TIM_IRQHandler
                0x08004536      0x21e CMakeFiles/BLDC5.elf.dir/Drivers/STM32G4xx_HAL_Driver/Src/stm32g4xx_hal_tim.c.obj
                0x08004536                HAL_TIM_IRQHandler
 .text.TIM_Base_SetConfig
                0x08004754       0xb8 CMakeFiles/BLDC5.elf.dir/Drivers/STM32G4xx_HAL_Driver/Src/stm32g4xx_hal_tim.c.obj
                0x08004754                TIM_Base_SetConfig
 .text.HAL_TIM_Base_Init
                0x0800480c       0x60 CMakeFiles/BLDC5.elf.dir/Drivers/STM32G4xx_HAL_Driver/Src/stm32g4xx_hal_tim.c.obj
                0x0800480c                HAL_TIM_Base_Init
 .text.HAL_TIM_PWM_Init
                0x0800486c       0x60 CMakeFiles/BLDC5.elf.dir/Drivers/STM32G4xx_HAL_Driver/Src/stm32g4xx_hal_tim.c.obj
                0x0800486c                HAL_TIM_PWM_Init
 .text.TIM_OC2_SetConfig
                0x080048cc       0x8c CMakeFiles/BLDC5.elf.dir/Drivers/STM32G4xx_HAL_Driver/Src/stm32g4xx_hal_tim.c.obj
                0x080048cc                TIM_OC2_SetConfig
 .text.HAL_TIM_PWM_ConfigChannel
                0x08004958      0x13a CMakeFiles/BLDC5.elf.dir/Drivers/STM32G4xx_HAL_Driver/Src/stm32g4xx_hal_tim.c.obj
                0x08004958                HAL_TIM_PWM_ConfigChannel
 .text.TIM_ETR_SetConfig
                0x08004a92       0x18 CMakeFiles/BLDC5.elf.dir/Drivers/STM32G4xx_HAL_Driver/Src/stm32g4xx_hal_tim.c.obj
                0x08004a92                TIM_ETR_SetConfig
 *fill*         0x08004aaa        0x2 
 .text.HAL_TIM_ConfigClockSource
                0x08004aac      0x138 CMakeFiles/BLDC5.elf.dir/Drivers/STM32G4xx_HAL_Driver/Src/stm32g4xx_hal_tim.c.obj
                0x08004aac                HAL_TIM_ConfigClockSource
 .text.TIM_CCxChannelCmd
                0x08004be4       0x1e CMakeFiles/BLDC5.elf.dir/Drivers/STM32G4xx_HAL_Driver/Src/stm32g4xx_hal_tim.c.obj
                0x08004be4                TIM_CCxChannelCmd
 *fill*         0x08004c02        0x2 
 .text.HAL_TIM_PWM_Start
                0x08004c04      0x158 CMakeFiles/BLDC5.elf.dir/Drivers/STM32G4xx_HAL_Driver/Src/stm32g4xx_hal_tim.c.obj
                0x08004c04                HAL_TIM_PWM_Start
 .text.HAL_TIMEx_MasterConfigSynchronization
                0x08004d5c       0x94 CMakeFiles/BLDC5.elf.dir/Drivers/STM32G4xx_HAL_Driver/Src/stm32g4xx_hal_tim_ex.c.obj
                0x08004d5c                HAL_TIMEx_MasterConfigSynchronization
 .text.HAL_TIMEx_ConfigBreakDeadTime
                0x08004df0       0xbc CMakeFiles/BLDC5.elf.dir/Drivers/STM32G4xx_HAL_Driver/Src/stm32g4xx_hal_tim_ex.c.obj
                0x08004df0                HAL_TIMEx_ConfigBreakDeadTime
 .text.HAL_TIMEx_CommutCallback
                0x08004eac        0x2 CMakeFiles/BLDC5.elf.dir/Drivers/STM32G4xx_HAL_Driver/Src/stm32g4xx_hal_tim_ex.c.obj
                0x08004eac                HAL_TIMEx_CommutCallback
 .text.HAL_TIMEx_BreakCallback
                0x08004eae        0x2 CMakeFiles/BLDC5.elf.dir/Drivers/STM32G4xx_HAL_Driver/Src/stm32g4xx_hal_tim_ex.c.obj
                0x08004eae                HAL_TIMEx_BreakCallback
 .text.HAL_TIMEx_Break2Callback
                0x08004eb0        0x2 CMakeFiles/BLDC5.elf.dir/Drivers/STM32G4xx_HAL_Driver/Src/stm32g4xx_hal_tim_ex.c.obj
                0x08004eb0                HAL_TIMEx_Break2Callback
 .text.HAL_TIMEx_EncoderIndexCallback
                0x08004eb2        0x2 CMakeFiles/BLDC5.elf.dir/Drivers/STM32G4xx_HAL_Driver/Src/stm32g4xx_hal_tim_ex.c.obj
                0x08004eb2                HAL_TIMEx_EncoderIndexCallback
 .text.HAL_TIMEx_DirectionChangeCallback
                0x08004eb4        0x2 CMakeFiles/BLDC5.elf.dir/Drivers/STM32G4xx_HAL_Driver/Src/stm32g4xx_hal_tim_ex.c.obj
                0x08004eb4                HAL_TIMEx_DirectionChangeCallback
 .text.HAL_TIMEx_IndexErrorCallback
                0x08004eb6        0x2 CMakeFiles/BLDC5.elf.dir/Drivers/STM32G4xx_HAL_Driver/Src/stm32g4xx_hal_tim_ex.c.obj
                0x08004eb6                HAL_TIMEx_IndexErrorCallback
 .text.HAL_TIMEx_TransitionErrorCallback
                0x08004eb8        0x2 CMakeFiles/BLDC5.elf.dir/Drivers/STM32G4xx_HAL_Driver/Src/stm32g4xx_hal_tim_ex.c.obj
                0x08004eb8                HAL_TIMEx_TransitionErrorCallback
 *fill*         0x08004eba        0x2 
 .text.UART_SetConfig
                0x08004ebc      0x344 CMakeFiles/BLDC5.elf.dir/Drivers/STM32G4xx_HAL_Driver/Src/stm32g4xx_hal_uart.c.obj
                0x08004ebc                UART_SetConfig
 .text.UART_AdvFeatureConfig
                0x08005200       0xca CMakeFiles/BLDC5.elf.dir/Drivers/STM32G4xx_HAL_Driver/Src/stm32g4xx_hal_uart.c.obj
                0x08005200                UART_AdvFeatureConfig
 .text.UART_WaitOnFlagUntilTimeout
                0x080052ca       0xdc CMakeFiles/BLDC5.elf.dir/Drivers/STM32G4xx_HAL_Driver/Src/stm32g4xx_hal_uart.c.obj
                0x080052ca                UART_WaitOnFlagUntilTimeout
 .text.HAL_UART_Transmit
                0x080053a6       0xde CMakeFiles/BLDC5.elf.dir/Drivers/STM32G4xx_HAL_Driver/Src/stm32g4xx_hal_uart.c.obj
                0x080053a6                HAL_UART_Transmit
 .text.HAL_UART_Receive
                0x08005484      0x12c CMakeFiles/BLDC5.elf.dir/Drivers/STM32G4xx_HAL_Driver/Src/stm32g4xx_hal_uart.c.obj
                0x08005484                HAL_UART_Receive
 .text.UART_CheckIdleState
                0x080055b0       0x74 CMakeFiles/BLDC5.elf.dir/Drivers/STM32G4xx_HAL_Driver/Src/stm32g4xx_hal_uart.c.obj
                0x080055b0                UART_CheckIdleState
 .text.HAL_UART_Init
                0x08005624       0x66 CMakeFiles/BLDC5.elf.dir/Drivers/STM32G4xx_HAL_Driver/Src/stm32g4xx_hal_uart.c.obj
                0x08005624                HAL_UART_Init
 *fill*         0x0800568a        0x2 
 .text.UARTEx_SetNbDataToProcess
                0x0800568c       0x4c CMakeFiles/BLDC5.elf.dir/Drivers/STM32G4xx_HAL_Driver/Src/stm32g4xx_hal_uart_ex.c.obj
 .text.HAL_UARTEx_DisableFifoMode
                0x080056d8       0x3e CMakeFiles/BLDC5.elf.dir/Drivers/STM32G4xx_HAL_Driver/Src/stm32g4xx_hal_uart_ex.c.obj
                0x080056d8                HAL_UARTEx_DisableFifoMode
 .text.HAL_UARTEx_SetTxFifoThreshold
                0x08005716       0x4a CMakeFiles/BLDC5.elf.dir/Drivers/STM32G4xx_HAL_Driver/Src/stm32g4xx_hal_uart_ex.c.obj
                0x08005716                HAL_UARTEx_SetTxFifoThreshold
 .text.HAL_UARTEx_SetRxFifoThreshold
                0x08005760       0x4a CMakeFiles/BLDC5.elf.dir/Drivers/STM32G4xx_HAL_Driver/Src/stm32g4xx_hal_uart_ex.c.obj
                0x08005760                HAL_UARTEx_SetRxFifoThreshold
 *fill*         0x080057aa        0x2 
 .text.__errno  0x080057ac        0xc c:/progra~1/gcc-arm-none-eabi-10.3-2021.10-win32/gcc-arm-none-eabi-10.3-2021.10/bin/../lib/gcc/arm-none-eabi/10.3.1/../../../../arm-none-eabi/lib/thumb/v7e-m/nofp\libg.a(lib_a-errno.o)
                0x080057ac                __errno
 .text.__libc_init_array
                0x080057b8       0x48 c:/progra~1/gcc-arm-none-eabi-10.3-2021.10-win32/gcc-arm-none-eabi-10.3-2021.10/bin/../lib/gcc/arm-none-eabi/10.3.1/../../../../arm-none-eabi/lib/thumb/v7e-m/nofp\libg.a(lib_a-init.o)
                0x080057b8                __libc_init_array
 .text.memset   0x08005800       0xa4 c:/progra~1/gcc-arm-none-eabi-10.3-2021.10-win32/gcc-arm-none-eabi-10.3-2021.10/bin/../lib/gcc/arm-none-eabi/10.3.1/../../../../arm-none-eabi/lib/thumb/v7e-m/nofp\libg.a(lib_a-memset.o)
                0x08005800                memset
 .text.printf   0x080058a4       0x28 c:/progra~1/gcc-arm-none-eabi-10.3-2021.10-win32/gcc-arm-none-eabi-10.3-2021.10/bin/../lib/gcc/arm-none-eabi/10.3.1/../../../../arm-none-eabi/lib/thumb/v7e-m/nofp\libg.a(lib_a-printf.o)
                0x080058a4                printf
 .text.setvbuf  0x080058cc      0x1b0 c:/progra~1/gcc-arm-none-eabi-10.3-2021.10-win32/gcc-arm-none-eabi-10.3-2021.10/bin/../lib/gcc/arm-none-eabi/10.3.1/../../../../arm-none-eabi/lib/thumb/v7e-m/nofp\libg.a(lib_a-setvbuf.o)
                0x080058cc                setvbuf
 .text._vfprintf_r
                0x08005a7c     0x1ad4 c:/progra~1/gcc-arm-none-eabi-10.3-2021.10-win32/gcc-arm-none-eabi-10.3-2021.10/bin/../lib/gcc/arm-none-eabi/10.3.1/../../../../arm-none-eabi/lib/thumb/v7e-m/nofp\libg.a(lib_a-vfprintf.o)
                0x08005a7c                _vfprintf_r
 .text.__sbprintf
                0x08007550       0x80 c:/progra~1/gcc-arm-none-eabi-10.3-2021.10-win32/gcc-arm-none-eabi-10.3-2021.10/bin/../lib/gcc/arm-none-eabi/10.3.1/../../../../arm-none-eabi/lib/thumb/v7e-m/nofp\libg.a(lib_a-vfprintf.o)
 .text.__swsetup_r
                0x080075d0       0xd4 c:/progra~1/gcc-arm-none-eabi-10.3-2021.10-win32/gcc-arm-none-eabi-10.3-2021.10/bin/../lib/gcc/arm-none-eabi/10.3.1/../../../../arm-none-eabi/lib/thumb/v7e-m/nofp\libg.a(lib_a-wsetup.o)
                0x080075d0                __swsetup_r
 .text.startup.register_fini
                0x080076a4       0x14 c:/progra~1/gcc-arm-none-eabi-10.3-2021.10-win32/gcc-arm-none-eabi-10.3-2021.10/bin/../lib/gcc/arm-none-eabi/10.3.1/../../../../arm-none-eabi/lib/thumb/v7e-m/nofp\libg.a(lib_a-__call_atexit.o)
 .text.atexit   0x080076b8        0xc c:/progra~1/gcc-arm-none-eabi-10.3-2021.10-win32/gcc-arm-none-eabi-10.3-2021.10/bin/../lib/gcc/arm-none-eabi/10.3.1/../../../../arm-none-eabi/lib/thumb/v7e-m/nofp\libg.a(lib_a-atexit.o)
                0x080076b8                atexit
 .text.quorem   0x080076c4      0x124 c:/progra~1/gcc-arm-none-eabi-10.3-2021.10-win32/gcc-arm-none-eabi-10.3-2021.10/bin/../lib/gcc/arm-none-eabi/10.3.1/../../../../arm-none-eabi/lib/thumb/v7e-m/nofp\libg.a(lib_a-dtoa.o)
 .text._dtoa_r  0x080077e8      0xec4 c:/progra~1/gcc-arm-none-eabi-10.3-2021.10-win32/gcc-arm-none-eabi-10.3-2021.10/bin/../lib/gcc/arm-none-eabi/10.3.1/../../../../arm-none-eabi/lib/thumb/v7e-m/nofp\libg.a(lib_a-dtoa.o)
                0x080077e8                _dtoa_r
 .text.__sflush_r
                0x080086ac      0x120 c:/progra~1/gcc-arm-none-eabi-10.3-2021.10-win32/gcc-arm-none-eabi-10.3-2021.10/bin/../lib/gcc/arm-none-eabi/10.3.1/../../../../arm-none-eabi/lib/thumb/v7e-m/nofp\libg.a(lib_a-fflush.o)
                0x080086ac                __sflush_r
 .text._fflush_r
                0x080087cc       0x5c c:/progra~1/gcc-arm-none-eabi-10.3-2021.10-win32/gcc-arm-none-eabi-10.3-2021.10/bin/../lib/gcc/arm-none-eabi/10.3.1/../../../../arm-none-eabi/lib/thumb/v7e-m/nofp\libg.a(lib_a-fflush.o)
                0x080087cc                _fflush_r
 .text._cleanup_r
                0x08008828        0xc c:/progra~1/gcc-arm-none-eabi-10.3-2021.10-win32/gcc-arm-none-eabi-10.3-2021.10/bin/../lib/gcc/arm-none-eabi/10.3.1/../../../../arm-none-eabi/lib/thumb/v7e-m/nofp\libg.a(lib_a-findfp.o)
                0x08008828                _cleanup_r
 .text.__sinit  0x08008834      0x10c c:/progra~1/gcc-arm-none-eabi-10.3-2021.10-win32/gcc-arm-none-eabi-10.3-2021.10/bin/../lib/gcc/arm-none-eabi/10.3.1/../../../../arm-none-eabi/lib/thumb/v7e-m/nofp\libg.a(lib_a-findfp.o)
                0x08008834                __sinit
 .text.__sfp_lock_acquire
                0x08008940        0xc c:/progra~1/gcc-arm-none-eabi-10.3-2021.10-win32/gcc-arm-none-eabi-10.3-2021.10/bin/../lib/gcc/arm-none-eabi/10.3.1/../../../../arm-none-eabi/lib/thumb/v7e-m/nofp\libg.a(lib_a-findfp.o)
                0x08008940                __sfp_lock_acquire
 .text.__sfp_lock_release
                0x0800894c        0xc c:/progra~1/gcc-arm-none-eabi-10.3-2021.10-win32/gcc-arm-none-eabi-10.3-2021.10/bin/../lib/gcc/arm-none-eabi/10.3.1/../../../../arm-none-eabi/lib/thumb/v7e-m/nofp\libg.a(lib_a-findfp.o)
                0x0800894c                __sfp_lock_release
 .text.__libc_fini_array
                0x08008958       0x2c c:/progra~1/gcc-arm-none-eabi-10.3-2021.10-win32/gcc-arm-none-eabi-10.3-2021.10/bin/../lib/gcc/arm-none-eabi/10.3.1/../../../../arm-none-eabi/lib/thumb/v7e-m/nofp\libg.a(lib_a-fini.o)
                0x08008958                __libc_fini_array
 .text._malloc_trim_r
                0x08008984       0xa0 c:/progra~1/gcc-arm-none-eabi-10.3-2021.10-win32/gcc-arm-none-eabi-10.3-2021.10/bin/../lib/gcc/arm-none-eabi/10.3.1/../../../../arm-none-eabi/lib/thumb/v7e-m/nofp\libg.a(lib_a-freer.o)
                0x08008984                _malloc_trim_r
 .text._free_r  0x08008a24      0x20c c:/progra~1/gcc-arm-none-eabi-10.3-2021.10-win32/gcc-arm-none-eabi-10.3-2021.10/bin/../lib/gcc/arm-none-eabi/10.3.1/../../../../arm-none-eabi/lib/thumb/v7e-m/nofp\libg.a(lib_a-freer.o)
                0x08008a24                _free_r
 .text._fwalk_reent
                0x08008c30       0x48 c:/progra~1/gcc-arm-none-eabi-10.3-2021.10-win32/gcc-arm-none-eabi-10.3-2021.10/bin/../lib/gcc/arm-none-eabi/10.3.1/../../../../arm-none-eabi/lib/thumb/v7e-m/nofp\libg.a(lib_a-fwalk.o)
                0x08008c30                _fwalk_reent
 .text._localeconv_r
                0x08008c78        0x8 c:/progra~1/gcc-arm-none-eabi-10.3-2021.10-win32/gcc-arm-none-eabi-10.3-2021.10/bin/../lib/gcc/arm-none-eabi/10.3.1/../../../../arm-none-eabi/lib/thumb/v7e-m/nofp\libg.a(lib_a-localeconv.o)
                0x08008c78                _localeconv_r
 .text.__retarget_lock_init_recursive
                0x08008c80        0x4 c:/progra~1/gcc-arm-none-eabi-10.3-2021.10-win32/gcc-arm-none-eabi-10.3-2021.10/bin/../lib/gcc/arm-none-eabi/10.3.1/../../../../arm-none-eabi/lib/thumb/v7e-m/nofp\libg.a(lib_a-lock.o)
                0x08008c80                __retarget_lock_init_recursive
 .text.__retarget_lock_close_recursive
                0x08008c84        0x4 c:/progra~1/gcc-arm-none-eabi-10.3-2021.10-win32/gcc-arm-none-eabi-10.3-2021.10/bin/../lib/gcc/arm-none-eabi/10.3.1/../../../../arm-none-eabi/lib/thumb/v7e-m/nofp\libg.a(lib_a-lock.o)
                0x08008c84                __retarget_lock_close_recursive
 .text.__retarget_lock_acquire_recursive
                0x08008c88        0x4 c:/progra~1/gcc-arm-none-eabi-10.3-2021.10-win32/gcc-arm-none-eabi-10.3-2021.10/bin/../lib/gcc/arm-none-eabi/10.3.1/../../../../arm-none-eabi/lib/thumb/v7e-m/nofp\libg.a(lib_a-lock.o)
                0x08008c88                __retarget_lock_acquire_recursive
 .text.__retarget_lock_release_recursive
                0x08008c8c        0x4 c:/progra~1/gcc-arm-none-eabi-10.3-2021.10-win32/gcc-arm-none-eabi-10.3-2021.10/bin/../lib/gcc/arm-none-eabi/10.3.1/../../../../arm-none-eabi/lib/thumb/v7e-m/nofp\libg.a(lib_a-lock.o)
                0x08008c8c                __retarget_lock_release_recursive
 .text.__smakebuf_r
                0x08008c90       0xe0 c:/progra~1/gcc-arm-none-eabi-10.3-2021.10-win32/gcc-arm-none-eabi-10.3-2021.10/bin/../lib/gcc/arm-none-eabi/10.3.1/../../../../arm-none-eabi/lib/thumb/v7e-m/nofp\libg.a(lib_a-makebuf.o)
                0x08008c90                __smakebuf_r
 .text.__swhatbuf_r
                0x08008d70       0x60 c:/progra~1/gcc-arm-none-eabi-10.3-2021.10-win32/gcc-arm-none-eabi-10.3-2021.10/bin/../lib/gcc/arm-none-eabi/10.3.1/../../../../arm-none-eabi/lib/thumb/v7e-m/nofp\libg.a(lib_a-makebuf.o)
                0x08008d70                __swhatbuf_r
 .text.malloc   0x08008dd0       0x10 c:/progra~1/gcc-arm-none-eabi-10.3-2021.10-win32/gcc-arm-none-eabi-10.3-2021.10/bin/../lib/gcc/arm-none-eabi/10.3.1/../../../../arm-none-eabi/lib/thumb/v7e-m/nofp\libg.a(lib_a-malloc.o)
                0x08008dd0                malloc
 .text._malloc_r
                0x08008de0      0x560 c:/progra~1/gcc-arm-none-eabi-10.3-2021.10-win32/gcc-arm-none-eabi-10.3-2021.10/bin/../lib/gcc/arm-none-eabi/10.3.1/../../../../arm-none-eabi/lib/thumb/v7e-m/nofp\libg.a(lib_a-mallocr.o)
                0x08008de0                _malloc_r
 .text.__malloc_lock
                0x08009340        0xc c:/progra~1/gcc-arm-none-eabi-10.3-2021.10-win32/gcc-arm-none-eabi-10.3-2021.10/bin/../lib/gcc/arm-none-eabi/10.3.1/../../../../arm-none-eabi/lib/thumb/v7e-m/nofp\libg.a(lib_a-mlock.o)
                0x08009340                __malloc_lock
 .text.__malloc_unlock
                0x0800934c        0xc c:/progra~1/gcc-arm-none-eabi-10.3-2021.10-win32/gcc-arm-none-eabi-10.3-2021.10/bin/../lib/gcc/arm-none-eabi/10.3.1/../../../../arm-none-eabi/lib/thumb/v7e-m/nofp\libg.a(lib_a-mlock.o)
                0x0800934c                __malloc_unlock
 .text._Balloc  0x08009358       0x4c c:/progra~1/gcc-arm-none-eabi-10.3-2021.10-win32/gcc-arm-none-eabi-10.3-2021.10/bin/../lib/gcc/arm-none-eabi/10.3.1/../../../../arm-none-eabi/lib/thumb/v7e-m/nofp\libg.a(lib_a-mprec.o)
                0x08009358                _Balloc
 .text._Bfree   0x080093a4       0x14 c:/progra~1/gcc-arm-none-eabi-10.3-2021.10-win32/gcc-arm-none-eabi-10.3-2021.10/bin/../lib/gcc/arm-none-eabi/10.3.1/../../../../arm-none-eabi/lib/thumb/v7e-m/nofp\libg.a(lib_a-mprec.o)
                0x080093a4                _Bfree
 .text.__multadd
                0x080093b8       0xa0 c:/progra~1/gcc-arm-none-eabi-10.3-2021.10-win32/gcc-arm-none-eabi-10.3-2021.10/bin/../lib/gcc/arm-none-eabi/10.3.1/../../../../arm-none-eabi/lib/thumb/v7e-m/nofp\libg.a(lib_a-mprec.o)
                0x080093b8                __multadd
 .text.__hi0bits
                0x08009458       0x40 c:/progra~1/gcc-arm-none-eabi-10.3-2021.10-win32/gcc-arm-none-eabi-10.3-2021.10/bin/../lib/gcc/arm-none-eabi/10.3.1/../../../../arm-none-eabi/lib/thumb/v7e-m/nofp\libg.a(lib_a-mprec.o)
                0x08009458                __hi0bits
 .text.__lo0bits
                0x08009498       0x5c c:/progra~1/gcc-arm-none-eabi-10.3-2021.10-win32/gcc-arm-none-eabi-10.3-2021.10/bin/../lib/gcc/arm-none-eabi/10.3.1/../../../../arm-none-eabi/lib/thumb/v7e-m/nofp\libg.a(lib_a-mprec.o)
                0x08009498                __lo0bits
 .text.__i2b    0x080094f4       0x5c c:/progra~1/gcc-arm-none-eabi-10.3-2021.10-win32/gcc-arm-none-eabi-10.3-2021.10/bin/../lib/gcc/arm-none-eabi/10.3.1/../../../../arm-none-eabi/lib/thumb/v7e-m/nofp\libg.a(lib_a-mprec.o)
                0x080094f4                __i2b
 .text.__multiply
                0x08009550      0x15c c:/progra~1/gcc-arm-none-eabi-10.3-2021.10-win32/gcc-arm-none-eabi-10.3-2021.10/bin/../lib/gcc/arm-none-eabi/10.3.1/../../../../arm-none-eabi/lib/thumb/v7e-m/nofp\libg.a(lib_a-mprec.o)
                0x08009550                __multiply
 .text.__pow5mult
                0x080096ac       0xc0 c:/progra~1/gcc-arm-none-eabi-10.3-2021.10-win32/gcc-arm-none-eabi-10.3-2021.10/bin/../lib/gcc/arm-none-eabi/10.3.1/../../../../arm-none-eabi/lib/thumb/v7e-m/nofp\libg.a(lib_a-mprec.o)
                0x080096ac                __pow5mult
 .text.__lshift
                0x0800976c       0xf0 c:/progra~1/gcc-arm-none-eabi-10.3-2021.10-win32/gcc-arm-none-eabi-10.3-2021.10/bin/../lib/gcc/arm-none-eabi/10.3.1/../../../../arm-none-eabi/lib/thumb/v7e-m/nofp\libg.a(lib_a-mprec.o)
                0x0800976c                __lshift
 .text.__mcmp   0x0800985c       0x40 c:/progra~1/gcc-arm-none-eabi-10.3-2021.10-win32/gcc-arm-none-eabi-10.3-2021.10/bin/../lib/gcc/arm-none-eabi/10.3.1/../../../../arm-none-eabi/lib/thumb/v7e-m/nofp\libg.a(lib_a-mprec.o)
                0x0800985c                __mcmp
 .text.__mdiff  0x0800989c      0x14c c:/progra~1/gcc-arm-none-eabi-10.3-2021.10-win32/gcc-arm-none-eabi-10.3-2021.10/bin/../lib/gcc/arm-none-eabi/10.3.1/../../../../arm-none-eabi/lib/thumb/v7e-m/nofp\libg.a(lib_a-mprec.o)
                0x0800989c                __mdiff
 .text.__d2b    0x080099e8       0xc4 c:/progra~1/gcc-arm-none-eabi-10.3-2021.10-win32/gcc-arm-none-eabi-10.3-2021.10/bin/../lib/gcc/arm-none-eabi/10.3.1/../../../../arm-none-eabi/lib/thumb/v7e-m/nofp\libg.a(lib_a-mprec.o)
                0x080099e8                __d2b
 .text.frexp    0x08009aac       0x70 c:/progra~1/gcc-arm-none-eabi-10.3-2021.10-win32/gcc-arm-none-eabi-10.3-2021.10/bin/../lib/gcc/arm-none-eabi/10.3.1/../../../../arm-none-eabi/lib/thumb/v7e-m/nofp\libg.a(lib_a-s_frexp.o)
                0x08009aac                frexp
 .text._sbrk_r  0x08009b1c       0x24 c:/progra~1/gcc-arm-none-eabi-10.3-2021.10-win32/gcc-arm-none-eabi-10.3-2021.10/bin/../lib/gcc/arm-none-eabi/10.3.1/../../../../arm-none-eabi/lib/thumb/v7e-m/nofp\libg.a(lib_a-sbrkr.o)
                0x08009b1c                _sbrk_r
 .text.__sread  0x08009b40       0x24 c:/progra~1/gcc-arm-none-eabi-10.3-2021.10-win32/gcc-arm-none-eabi-10.3-2021.10/bin/../lib/gcc/arm-none-eabi/10.3.1/../../../../arm-none-eabi/lib/thumb/v7e-m/nofp\libg.a(lib_a-stdio.o)
                0x08009b40                __sread
 .text.__swrite
                0x08009b64       0x40 c:/progra~1/gcc-arm-none-eabi-10.3-2021.10-win32/gcc-arm-none-eabi-10.3-2021.10/bin/../lib/gcc/arm-none-eabi/10.3.1/../../../../arm-none-eabi/lib/thumb/v7e-m/nofp\libg.a(lib_a-stdio.o)
                0x08009b64                __swrite
 .text.__sseek  0x08009ba4       0x20 c:/progra~1/gcc-arm-none-eabi-10.3-2021.10-win32/gcc-arm-none-eabi-10.3-2021.10/bin/../lib/gcc/arm-none-eabi/10.3.1/../../../../arm-none-eabi/lib/thumb/v7e-m/nofp\libg.a(lib_a-stdio.o)
                0x08009ba4                __sseek
 .text.__sclose
                0x08009bc4        0x8 c:/progra~1/gcc-arm-none-eabi-10.3-2021.10-win32/gcc-arm-none-eabi-10.3-2021.10/bin/../lib/gcc/arm-none-eabi/10.3.1/../../../../arm-none-eabi/lib/thumb/v7e-m/nofp\libg.a(lib_a-stdio.o)
                0x08009bc4                __sclose
 .text.strncpy  0x08009bcc       0x64 c:/progra~1/gcc-arm-none-eabi-10.3-2021.10-win32/gcc-arm-none-eabi-10.3-2021.10/bin/../lib/gcc/arm-none-eabi/10.3.1/../../../../arm-none-eabi/lib/thumb/v7e-m/nofp\libg.a(lib_a-strncpy.o)
                0x08009bcc                strncpy
 .text.__sprint_r.part.0
                0x08009c30       0x78 c:/progra~1/gcc-arm-none-eabi-10.3-2021.10-win32/gcc-arm-none-eabi-10.3-2021.10/bin/../lib/gcc/arm-none-eabi/10.3.1/../../../../arm-none-eabi/lib/thumb/v7e-m/nofp\libg.a(lib_a-vfiprintf.o)
 .text.__sprint_r
                0x08009ca8       0x14 c:/progra~1/gcc-arm-none-eabi-10.3-2021.10-win32/gcc-arm-none-eabi-10.3-2021.10/bin/../lib/gcc/arm-none-eabi/10.3.1/../../../../arm-none-eabi/lib/thumb/v7e-m/nofp\libg.a(lib_a-vfiprintf.o)
                0x08009ca8                __sprint_r
 .text._vfiprintf_r
                0x08009cbc      0xda0 c:/progra~1/gcc-arm-none-eabi-10.3-2021.10-win32/gcc-arm-none-eabi-10.3-2021.10/bin/../lib/gcc/arm-none-eabi/10.3.1/../../../../arm-none-eabi/lib/thumb/v7e-m/nofp\libg.a(lib_a-vfiprintf.o)
                0x08009cbc                _vfiprintf_r
 .text.__sbprintf
                0x0800aa5c       0x80 c:/progra~1/gcc-arm-none-eabi-10.3-2021.10-win32/gcc-arm-none-eabi-10.3-2021.10/bin/../lib/gcc/arm-none-eabi/10.3.1/../../../../arm-none-eabi/lib/thumb/v7e-m/nofp\libg.a(lib_a-vfiprintf.o)
 .text._write_r
                0x0800aadc       0x2c c:/progra~1/gcc-arm-none-eabi-10.3-2021.10-win32/gcc-arm-none-eabi-10.3-2021.10/bin/../lib/gcc/arm-none-eabi/10.3.1/../../../../arm-none-eabi/lib/thumb/v7e-m/nofp\libg.a(lib_a-writer.o)
                0x0800aadc                _write_r
 .text.__register_exitproc
                0x0800ab08       0x8c c:/progra~1/gcc-arm-none-eabi-10.3-2021.10-win32/gcc-arm-none-eabi-10.3-2021.10/bin/../lib/gcc/arm-none-eabi/10.3.1/../../../../arm-none-eabi/lib/thumb/v7e-m/nofp\libg.a(lib_a-__atexit.o)
                0x0800ab08                __register_exitproc
 .text.__assert_func
                0x0800ab94       0x40 c:/progra~1/gcc-arm-none-eabi-10.3-2021.10-win32/gcc-arm-none-eabi-10.3-2021.10/bin/../lib/gcc/arm-none-eabi/10.3.1/../../../../arm-none-eabi/lib/thumb/v7e-m/nofp\libg.a(lib_a-assert.o)
                0x0800ab94                __assert_func
 .text._calloc_r
                0x0800abd4       0x78 c:/progra~1/gcc-arm-none-eabi-10.3-2021.10-win32/gcc-arm-none-eabi-10.3-2021.10/bin/../lib/gcc/arm-none-eabi/10.3.1/../../../../arm-none-eabi/lib/thumb/v7e-m/nofp\libg.a(lib_a-callocr.o)
                0x0800abd4                _calloc_r
 .text._close_r
                0x0800ac4c       0x24 c:/progra~1/gcc-arm-none-eabi-10.3-2021.10-win32/gcc-arm-none-eabi-10.3-2021.10/bin/../lib/gcc/arm-none-eabi/10.3.1/../../../../arm-none-eabi/lib/thumb/v7e-m/nofp\libg.a(lib_a-closer.o)
                0x0800ac4c                _close_r
 .text._fclose_r
                0x0800ac70       0xcc c:/progra~1/gcc-arm-none-eabi-10.3-2021.10-win32/gcc-arm-none-eabi-10.3-2021.10/bin/../lib/gcc/arm-none-eabi/10.3.1/../../../../arm-none-eabi/lib/thumb/v7e-m/nofp\libg.a(lib_a-fclose.o)
                0x0800ac70                _fclose_r
 .text.fiprintf
                0x0800ad3c       0x28 c:/progra~1/gcc-arm-none-eabi-10.3-2021.10-win32/gcc-arm-none-eabi-10.3-2021.10/bin/../lib/gcc/arm-none-eabi/10.3.1/../../../../arm-none-eabi/lib/thumb/v7e-m/nofp\libg.a(lib_a-fiprintf.o)
                0x0800ad3c                fiprintf
 .text.__fputwc
                0x0800ad64       0xa8 c:/progra~1/gcc-arm-none-eabi-10.3-2021.10-win32/gcc-arm-none-eabi-10.3-2021.10/bin/../lib/gcc/arm-none-eabi/10.3.1/../../../../arm-none-eabi/lib/thumb/v7e-m/nofp\libg.a(lib_a-fputwc.o)
                0x0800ad64                __fputwc
 .text._fputwc_r
                0x0800ae0c       0x68 c:/progra~1/gcc-arm-none-eabi-10.3-2021.10-win32/gcc-arm-none-eabi-10.3-2021.10/bin/../lib/gcc/arm-none-eabi/10.3.1/../../../../arm-none-eabi/lib/thumb/v7e-m/nofp\libg.a(lib_a-fputwc.o)
                0x0800ae0c                _fputwc_r
 .text._fstat_r
                0x0800ae74       0x2c c:/progra~1/gcc-arm-none-eabi-10.3-2021.10-win32/gcc-arm-none-eabi-10.3-2021.10/bin/../lib/gcc/arm-none-eabi/10.3.1/../../../../arm-none-eabi/lib/thumb/v7e-m/nofp\libg.a(lib_a-fstatr.o)
                0x0800ae74                _fstat_r
 .text.__sfvwrite_r
                0x0800aea0      0x2e8 c:/progra~1/gcc-arm-none-eabi-10.3-2021.10-win32/gcc-arm-none-eabi-10.3-2021.10/bin/../lib/gcc/arm-none-eabi/10.3.1/../../../../arm-none-eabi/lib/thumb/v7e-m/nofp\libg.a(lib_a-fvwrite.o)
                0x0800aea0                __sfvwrite_r
 .text._isatty_r
                0x0800b188       0x24 c:/progra~1/gcc-arm-none-eabi-10.3-2021.10-win32/gcc-arm-none-eabi-10.3-2021.10/bin/../lib/gcc/arm-none-eabi/10.3.1/../../../../arm-none-eabi/lib/thumb/v7e-m/nofp\libg.a(lib_a-isattyr.o)
                0x0800b188                _isatty_r
 .text.__locale_mb_cur_max
                0x0800b1ac        0xc c:/progra~1/gcc-arm-none-eabi-10.3-2021.10-win32/gcc-arm-none-eabi-10.3-2021.10/bin/../lib/gcc/arm-none-eabi/10.3.1/../../../../arm-none-eabi/lib/thumb/v7e-m/nofp\libg.a(lib_a-locale.o)
                0x0800b1ac                __locale_mb_cur_max
 .text._lseek_r
                0x0800b1b8       0x2c c:/progra~1/gcc-arm-none-eabi-10.3-2021.10-win32/gcc-arm-none-eabi-10.3-2021.10/bin/../lib/gcc/arm-none-eabi/10.3.1/../../../../arm-none-eabi/lib/thumb/v7e-m/nofp\libg.a(lib_a-lseekr.o)
                0x0800b1b8                _lseek_r
 .text.__ascii_mbtowc
                0x0800b1e4       0x2c c:/progra~1/gcc-arm-none-eabi-10.3-2021.10-win32/gcc-arm-none-eabi-10.3-2021.10/bin/../lib/gcc/arm-none-eabi/10.3.1/../../../../arm-none-eabi/lib/thumb/v7e-m/nofp\libg.a(lib_a-mbtowc_r.o)
                0x0800b1e4                __ascii_mbtowc
 .text.memmove  0x0800b210       0xf8 c:/progra~1/gcc-arm-none-eabi-10.3-2021.10-win32/gcc-arm-none-eabi-10.3-2021.10/bin/../lib/gcc/arm-none-eabi/10.3.1/../../../../arm-none-eabi/lib/thumb/v7e-m/nofp\libg.a(lib_a-memmove.o)
                0x0800b210                memmove
 .text._read_r  0x0800b308       0x2c c:/progra~1/gcc-arm-none-eabi-10.3-2021.10-win32/gcc-arm-none-eabi-10.3-2021.10/bin/../lib/gcc/arm-none-eabi/10.3.1/../../../../arm-none-eabi/lib/thumb/v7e-m/nofp\libg.a(lib_a-readr.o)
                0x0800b308                _read_r
 .text._realloc_r
                0x0800b334      0x3d8 c:/progra~1/gcc-arm-none-eabi-10.3-2021.10-win32/gcc-arm-none-eabi-10.3-2021.10/bin/../lib/gcc/arm-none-eabi/10.3.1/../../../../arm-none-eabi/lib/thumb/v7e-m/nofp\libg.a(lib_a-reallocr.o)
                0x0800b334                _realloc_r
 .text.__swbuf_r
                0x0800b70c       0xb0 c:/progra~1/gcc-arm-none-eabi-10.3-2021.10-win32/gcc-arm-none-eabi-10.3-2021.10/bin/../lib/gcc/arm-none-eabi/10.3.1/../../../../arm-none-eabi/lib/thumb/v7e-m/nofp\libg.a(lib_a-wbuf.o)
                0x0800b70c                __swbuf_r
 .text._wcrtomb_r
                0x0800b7bc       0x3c c:/progra~1/gcc-arm-none-eabi-10.3-2021.10-win32/gcc-arm-none-eabi-10.3-2021.10/bin/../lib/gcc/arm-none-eabi/10.3.1/../../../../arm-none-eabi/lib/thumb/v7e-m/nofp\libg.a(lib_a-wcrtomb.o)
                0x0800b7bc                _wcrtomb_r
 .text.__ascii_wctomb
                0x0800b7f8       0x1c c:/progra~1/gcc-arm-none-eabi-10.3-2021.10-win32/gcc-arm-none-eabi-10.3-2021.10/bin/../lib/gcc/arm-none-eabi/10.3.1/../../../../arm-none-eabi/lib/thumb/v7e-m/nofp\libg.a(lib_a-wctomb_r.o)
                0x0800b7f8                __ascii_wctomb
 .text.abort    0x0800b814       0x10 c:/progra~1/gcc-arm-none-eabi-10.3-2021.10-win32/gcc-arm-none-eabi-10.3-2021.10/bin/../lib/gcc/arm-none-eabi/10.3.1/../../../../arm-none-eabi/lib/thumb/v7e-m/nofp\libg.a(lib_a-abort.o)
                0x0800b814                abort
 .text.raise    0x0800b824       0x5c c:/progra~1/gcc-arm-none-eabi-10.3-2021.10-win32/gcc-arm-none-eabi-10.3-2021.10/bin/../lib/gcc/arm-none-eabi/10.3.1/../../../../arm-none-eabi/lib/thumb/v7e-m/nofp\libg.a(lib_a-signal.o)
                0x0800b824                raise
 .text._kill_r  0x0800b880       0x2c c:/progra~1/gcc-arm-none-eabi-10.3-2021.10-win32/gcc-arm-none-eabi-10.3-2021.10/bin/../lib/gcc/arm-none-eabi/10.3.1/../../../../arm-none-eabi/lib/thumb/v7e-m/nofp\libg.a(lib_a-signalr.o)
                0x0800b880                _kill_r
 .text._getpid_r
                0x0800b8ac        0x4 c:/progra~1/gcc-arm-none-eabi-10.3-2021.10-win32/gcc-arm-none-eabi-10.3-2021.10/bin/../lib/gcc/arm-none-eabi/10.3.1/../../../../arm-none-eabi/lib/thumb/v7e-m/nofp\libg.a(lib_a-signalr.o)
                0x0800b8ac                _getpid_r
 .text.atan2    0x0800b8b0        0x4 c:/progra~1/gcc-arm-none-eabi-10.3-2021.10-win32/gcc-arm-none-eabi-10.3-2021.10/bin/../lib/gcc/arm-none-eabi/10.3.1/../../../../arm-none-eabi/lib/thumb/v7e-m/nofp\libm.a(lib_a-w_atan2.o)
                0x0800b8b0                atan2
 .text.fmod     0x0800b8b4       0x58 c:/progra~1/gcc-arm-none-eabi-10.3-2021.10-win32/gcc-arm-none-eabi-10.3-2021.10/bin/../lib/gcc/arm-none-eabi/10.3.1/../../../../arm-none-eabi/lib/thumb/v7e-m/nofp\libm.a(lib_a-w_fmod.o)
                0x0800b8b4                fmod
 *fill*         0x0800b90c        0x4 
 .text.__ieee754_atan2
                0x0800b910      0x194 c:/progra~1/gcc-arm-none-eabi-10.3-2021.10-win32/gcc-arm-none-eabi-10.3-2021.10/bin/../lib/gcc/arm-none-eabi/10.3.1/../../../../arm-none-eabi/lib/thumb/v7e-m/nofp\libm.a(lib_a-e_atan2.o)
                0x0800b910                __ieee754_atan2
 .text.__ieee754_fmod
                0x0800baa4      0x294 c:/progra~1/gcc-arm-none-eabi-10.3-2021.10-win32/gcc-arm-none-eabi-10.3-2021.10/bin/../lib/gcc/arm-none-eabi/10.3.1/../../../../arm-none-eabi/lib/thumb/v7e-m/nofp\libm.a(lib_a-e_fmod.o)
                0x0800baa4                __ieee754_fmod
 .text.atan     0x0800bd38      0x32c c:/progra~1/gcc-arm-none-eabi-10.3-2021.10-win32/gcc-arm-none-eabi-10.3-2021.10/bin/../lib/gcc/arm-none-eabi/10.3.1/../../../../arm-none-eabi/lib/thumb/v7e-m/nofp\libm.a(lib_a-s_atan.o)
                0x0800bd38                atan
 .text.fabs     0x0800c064        0x8 c:/progra~1/gcc-arm-none-eabi-10.3-2021.10-win32/gcc-arm-none-eabi-10.3-2021.10/bin/../lib/gcc/arm-none-eabi/10.3.1/../../../../arm-none-eabi/lib/thumb/v7e-m/nofp\libm.a(lib_a-s_fabs.o)
                0x0800c064                fabs
 *(.glue_7)
 .glue_7        0x0800c06c        0x0 linker stubs
 *(.glue_7t)
 .glue_7t       0x0800c06c        0x0 linker stubs
 *(.eh_frame)
 .eh_frame      0x0800c06c        0x0 c:/progra~1/gcc-arm-none-eabi-10.3-2021.10-win32/gcc-arm-none-eabi-10.3-2021.10/bin/../lib/gcc/arm-none-eabi/10.3.1/thumb/v7e-m/nofp/crtbegin.o
 *(.init)
 .init          0x0800c06c        0x4 c:/progra~1/gcc-arm-none-eabi-10.3-2021.10-win32/gcc-arm-none-eabi-10.3-2021.10/bin/../lib/gcc/arm-none-eabi/10.3.1/thumb/v7e-m/nofp/crti.o
                0x0800c06c                _init
 .init          0x0800c070        0x8 c:/progra~1/gcc-arm-none-eabi-10.3-2021.10-win32/gcc-arm-none-eabi-10.3-2021.10/bin/../lib/gcc/arm-none-eabi/10.3.1/thumb/v7e-m/nofp/crtn.o
 *(.fini)
 .fini          0x0800c078        0x4 c:/progra~1/gcc-arm-none-eabi-10.3-2021.10-win32/gcc-arm-none-eabi-10.3-2021.10/bin/../lib/gcc/arm-none-eabi/10.3.1/thumb/v7e-m/nofp/crti.o
                0x0800c078                _fini
 .fini          0x0800c07c        0x8 c:/progra~1/gcc-arm-none-eabi-10.3-2021.10-win32/gcc-arm-none-eabi-10.3-2021.10/bin/../lib/gcc/arm-none-eabi/10.3.1/thumb/v7e-m/nofp/crtn.o
                0x0800c084                . = ALIGN (0x4)
                0x0800c084                _etext = .

.vfp11_veneer   0x0800c084        0x0
 .vfp11_veneer  0x0800c084        0x0 linker stubs

.v4_bx          0x0800c084        0x0
 .v4_bx         0x0800c084        0x0 linker stubs

.iplt           0x0800c084        0x0
 .iplt          0x0800c084        0x0 c:/progra~1/gcc-arm-none-eabi-10.3-2021.10-win32/gcc-arm-none-eabi-10.3-2021.10/bin/../lib/gcc/arm-none-eabi/10.3.1/thumb/v7e-m/nofp/crtbegin.o

.rodata         0x0800c088      0x818
                0x0800c088                . = ALIGN (0x4)
 *(.rodata)
 *(.rodata*)
 .rodata.Read_Register.str1.4
                0x0800c088       0x1a CMakeFiles/BLDC5.elf.dir/Core/Src/AS5047.c.obj
 *fill*         0x0800c0a2        0x2 
 .rodata.Get_Angle2.str1.4
                0x0800c0a4       0x12 CMakeFiles/BLDC5.elf.dir/Core/Src/AS5047.c.obj
 *fill*         0x0800c0b6        0x2 
 .rodata.sine_array
                0x0800c0b8      0x320 CMakeFiles/BLDC5.elf.dir/Core/Src/foc.c.obj
                0x0800c0b8                sine_array
 .rodata.HAL_TIM_PeriodElapsedCallback.str1.4
                0x0800c3d8        0x6 CMakeFiles/BLDC5.elf.dir/Core/Src/interrupt.c.obj
 *fill*         0x0800c3de        0x2 
 .rodata.AHBPrescTable
                0x0800c3e0       0x10 CMakeFiles/BLDC5.elf.dir/Core/Src/system_stm32g4xx.c.obj
                0x0800c3e0                AHBPrescTable
 .rodata.APBPrescTable
                0x0800c3f0        0x8 CMakeFiles/BLDC5.elf.dir/Core/Src/system_stm32g4xx.c.obj
                0x0800c3f0                APBPrescTable
 .rodata.UARTPrescTable
                0x0800c3f8       0x18 CMakeFiles/BLDC5.elf.dir/Drivers/STM32G4xx_HAL_Driver/Src/stm32g4xx_hal_uart.c.obj
                0x0800c3f8                UARTPrescTable
 .rodata.denominator.0
                0x0800c410        0x8 CMakeFiles/BLDC5.elf.dir/Drivers/STM32G4xx_HAL_Driver/Src/stm32g4xx_hal_uart_ex.c.obj
 .rodata.numerator.1
                0x0800c418        0x8 CMakeFiles/BLDC5.elf.dir/Drivers/STM32G4xx_HAL_Driver/Src/stm32g4xx_hal_uart_ex.c.obj
 .rodata._global_impure_ptr
                0x0800c420        0x4 c:/progra~1/gcc-arm-none-eabi-10.3-2021.10-win32/gcc-arm-none-eabi-10.3-2021.10/bin/../lib/gcc/arm-none-eabi/10.3.1/../../../../arm-none-eabi/lib/thumb/v7e-m/nofp\libg.a(lib_a-impure.o)
                0x0800c420                _global_impure_ptr
 .rodata._vfprintf_r.str1.4
                0x0800c424       0x42 c:/progra~1/gcc-arm-none-eabi-10.3-2021.10-win32/gcc-arm-none-eabi-10.3-2021.10/bin/../lib/gcc/arm-none-eabi/10.3.1/../../../../arm-none-eabi/lib/thumb/v7e-m/nofp\libg.a(lib_a-vfprintf.o)
 *fill*         0x0800c466        0x2 
 .rodata.blanks.1
                0x0800c468       0x10 c:/progra~1/gcc-arm-none-eabi-10.3-2021.10-win32/gcc-arm-none-eabi-10.3-2021.10/bin/../lib/gcc/arm-none-eabi/10.3.1/../../../../arm-none-eabi/lib/thumb/v7e-m/nofp\libg.a(lib_a-vfprintf.o)
 .rodata.zeroes.0
                0x0800c478       0x10 c:/progra~1/gcc-arm-none-eabi-10.3-2021.10-win32/gcc-arm-none-eabi-10.3-2021.10/bin/../lib/gcc/arm-none-eabi/10.3.1/../../../../arm-none-eabi/lib/thumb/v7e-m/nofp\libg.a(lib_a-vfprintf.o)
 .rodata._dtoa_r.str1.4
                0x0800c488       0xa2 c:/progra~1/gcc-arm-none-eabi-10.3-2021.10-win32/gcc-arm-none-eabi-10.3-2021.10/bin/../lib/gcc/arm-none-eabi/10.3.1/../../../../arm-none-eabi/lib/thumb/v7e-m/nofp\libg.a(lib_a-dtoa.o)
                                 0xa6 (size before relaxing)
 *fill*         0x0800c52a        0x2 
 .rodata.__multadd.str1.4
                0x0800c52c       0x7f c:/progra~1/gcc-arm-none-eabi-10.3-2021.10-win32/gcc-arm-none-eabi-10.3-2021.10/bin/../lib/gcc/arm-none-eabi/10.3.1/../../../../arm-none-eabi/lib/thumb/v7e-m/nofp\libg.a(lib_a-mprec.o)
                                 0x93 (size before relaxing)
 *fill*         0x0800c5ab        0x5 
 .rodata.__mprec_bigtens
                0x0800c5b0       0x28 c:/progra~1/gcc-arm-none-eabi-10.3-2021.10-win32/gcc-arm-none-eabi-10.3-2021.10/bin/../lib/gcc/arm-none-eabi/10.3.1/../../../../arm-none-eabi/lib/thumb/v7e-m/nofp\libg.a(lib_a-mprec.o)
                0x0800c5b0                __mprec_bigtens
 .rodata.__mprec_tens
                0x0800c5d8       0xc8 c:/progra~1/gcc-arm-none-eabi-10.3-2021.10-win32/gcc-arm-none-eabi-10.3-2021.10/bin/../lib/gcc/arm-none-eabi/10.3.1/../../../../arm-none-eabi/lib/thumb/v7e-m/nofp\libg.a(lib_a-mprec.o)
                0x0800c5d8                __mprec_tens
 .rodata.p05.0  0x0800c6a0        0xc c:/progra~1/gcc-arm-none-eabi-10.3-2021.10-win32/gcc-arm-none-eabi-10.3-2021.10/bin/../lib/gcc/arm-none-eabi/10.3.1/../../../../arm-none-eabi/lib/thumb/v7e-m/nofp\libg.a(lib_a-mprec.o)
 .rodata._vfiprintf_r.str1.4
                0x0800c6ac       0x2f c:/progra~1/gcc-arm-none-eabi-10.3-2021.10-win32/gcc-arm-none-eabi-10.3-2021.10/bin/../lib/gcc/arm-none-eabi/10.3.1/../../../../arm-none-eabi/lib/thumb/v7e-m/nofp\libg.a(lib_a-vfiprintf.o)
 .rodata.blanks.1
                0x0800c6ac       0x10 c:/progra~1/gcc-arm-none-eabi-10.3-2021.10-win32/gcc-arm-none-eabi-10.3-2021.10/bin/../lib/gcc/arm-none-eabi/10.3.1/../../../../arm-none-eabi/lib/thumb/v7e-m/nofp\libg.a(lib_a-vfiprintf.o)
 .rodata.zeroes.0
                0x0800c6bc       0x10 c:/progra~1/gcc-arm-none-eabi-10.3-2021.10-win32/gcc-arm-none-eabi-10.3-2021.10/bin/../lib/gcc/arm-none-eabi/10.3.1/../../../../arm-none-eabi/lib/thumb/v7e-m/nofp\libg.a(lib_a-vfiprintf.o)
 .rodata.__assert_func.str1.4
                0x0800c6cc       0x3f c:/progra~1/gcc-arm-none-eabi-10.3-2021.10-win32/gcc-arm-none-eabi-10.3-2021.10/bin/../lib/gcc/arm-none-eabi/10.3.1/../../../../arm-none-eabi/lib/thumb/v7e-m/nofp\libg.a(lib_a-assert.o)
                                 0x43 (size before relaxing)
 *fill*         0x0800c70b        0x1 
 .rodata._setlocale_r.str1.4
                0x0800c70c        0xa c:/progra~1/gcc-arm-none-eabi-10.3-2021.10-win32/gcc-arm-none-eabi-10.3-2021.10/bin/../lib/gcc/arm-none-eabi/10.3.1/../../../../arm-none-eabi/lib/thumb/v7e-m/nofp\libg.a(lib_a-locale.o)
                                  0xd (size before relaxing)
 *fill*         0x0800c716        0x2 
 .rodata.str1.4
                0x0800c718        0x2 c:/progra~1/gcc-arm-none-eabi-10.3-2021.10-win32/gcc-arm-none-eabi-10.3-2021.10/bin/../lib/gcc/arm-none-eabi/10.3.1/../../../../arm-none-eabi/lib/thumb/v7e-m/nofp\libg.a(lib_a-locale.o)
 *fill*         0x0800c71a        0x2 
 .rodata._ctype_
                0x0800c71c      0x101 c:/progra~1/gcc-arm-none-eabi-10.3-2021.10-win32/gcc-arm-none-eabi-10.3-2021.10/bin/../lib/gcc/arm-none-eabi/10.3.1/../../../../arm-none-eabi/lib/thumb/v7e-m/nofp\libg.a(lib_a-ctype_.o)
                0x0800c71c                _ctype_
 *fill*         0x0800c81d        0x3 
 .rodata.CSWTCH.8
                0x0800c820       0x18 c:/progra~1/gcc-arm-none-eabi-10.3-2021.10-win32/gcc-arm-none-eabi-10.3-2021.10/bin/../lib/gcc/arm-none-eabi/10.3.1/../../../../arm-none-eabi/lib/thumb/v7e-m/nofp\libm.a(lib_a-e_atan2.o)
 .rodata.CSWTCH.9
                0x0800c838       0x18 c:/progra~1/gcc-arm-none-eabi-10.3-2021.10-win32/gcc-arm-none-eabi-10.3-2021.10/bin/../lib/gcc/arm-none-eabi/10.3.1/../../../../arm-none-eabi/lib/thumb/v7e-m/nofp\libm.a(lib_a-e_atan2.o)
 .rodata.Zero   0x0800c850       0x10 c:/progra~1/gcc-arm-none-eabi-10.3-2021.10-win32/gcc-arm-none-eabi-10.3-2021.10/bin/../lib/gcc/arm-none-eabi/10.3.1/../../../../arm-none-eabi/lib/thumb/v7e-m/nofp\libm.a(lib_a-e_fmod.o)
 .rodata.atanhi
                0x0800c860       0x20 c:/progra~1/gcc-arm-none-eabi-10.3-2021.10-win32/gcc-arm-none-eabi-10.3-2021.10/bin/../lib/gcc/arm-none-eabi/10.3.1/../../../../arm-none-eabi/lib/thumb/v7e-m/nofp\libm.a(lib_a-s_atan.o)
 .rodata.atanlo
                0x0800c880       0x20 c:/progra~1/gcc-arm-none-eabi-10.3-2021.10-win32/gcc-arm-none-eabi-10.3-2021.10/bin/../lib/gcc/arm-none-eabi/10.3.1/../../../../arm-none-eabi/lib/thumb/v7e-m/nofp\libm.a(lib_a-s_atan.o)
                0x0800c8a0                . = ALIGN (0x4)

.ARM.extab      0x0800c8a0        0x0
                0x0800c8a0                . = ALIGN (0x4)
 *(.ARM.extab* .gnu.linkonce.armextab.*)
                0x0800c8a0                . = ALIGN (0x4)

.ARM            0x0800c8a0        0x8
                0x0800c8a0                . = ALIGN (0x4)
                0x0800c8a0                __exidx_start = .
 *(.ARM.exidx*)
 .ARM.exidx     0x0800c8a0        0x8 c:/progra~1/gcc-arm-none-eabi-10.3-2021.10-win32/gcc-arm-none-eabi-10.3-2021.10/bin/../lib/gcc/arm-none-eabi/10.3.1/thumb/v7e-m/nofp\libgcc.a(_udivmoddi4.o)
                0x0800c8a8                __exidx_end = .
                0x0800c8a8                . = ALIGN (0x4)

.rel.dyn        0x0800c8a8        0x0
 .rel.iplt      0x0800c8a8        0x0 c:/progra~1/gcc-arm-none-eabi-10.3-2021.10-win32/gcc-arm-none-eabi-10.3-2021.10/bin/../lib/gcc/arm-none-eabi/10.3.1/thumb/v7e-m/nofp/crtbegin.o

.preinit_array  0x0800c8a8        0x0
                0x0800c8a8                . = ALIGN (0x4)
                0x0800c8a8                PROVIDE (__preinit_array_start = .)
 *(.preinit_array*)
                0x0800c8a8                PROVIDE (__preinit_array_end = .)
                0x0800c8a8                . = ALIGN (0x4)

.init_array     0x0800c8a8        0x8
                0x0800c8a8                . = ALIGN (0x4)
                0x0800c8a8                PROVIDE (__init_array_start = .)
 *(SORT_BY_NAME(.init_array.*))
 .init_array.00000
                0x0800c8a8        0x4 c:/progra~1/gcc-arm-none-eabi-10.3-2021.10-win32/gcc-arm-none-eabi-10.3-2021.10/bin/../lib/gcc/arm-none-eabi/10.3.1/../../../../arm-none-eabi/lib/thumb/v7e-m/nofp\libg.a(lib_a-__call_atexit.o)
 *(.init_array*)
 .init_array    0x0800c8ac        0x4 c:/progra~1/gcc-arm-none-eabi-10.3-2021.10-win32/gcc-arm-none-eabi-10.3-2021.10/bin/../lib/gcc/arm-none-eabi/10.3.1/thumb/v7e-m/nofp/crtbegin.o
                0x0800c8b0                PROVIDE (__init_array_end = .)
                0x0800c8b0                . = ALIGN (0x4)

.fini_array     0x0800c8b0        0x4
                0x0800c8b0                . = ALIGN (0x4)
                0x0800c8b0                PROVIDE (__fini_array_start = .)
 *(SORT_BY_NAME(.fini_array.*))
 *(.fini_array*)
 .fini_array    0x0800c8b0        0x4 c:/progra~1/gcc-arm-none-eabi-10.3-2021.10-win32/gcc-arm-none-eabi-10.3-2021.10/bin/../lib/gcc/arm-none-eabi/10.3.1/thumb/v7e-m/nofp/crtbegin.o
                0x0800c8b4                PROVIDE (__fini_array_end = .)
                0x0800c8b4                . = ALIGN (0x4)
                0x0800c8b4                _sidata = LOADADDR (.data)

.data           0x20000000      0x9c0 load address 0x0800c8b4
                0x20000000                . = ALIGN (0x4)
                0x20000000                _sdata = .
 *(.data)
 *(.data*)
 .data.voltage_limit
                0x20000000        0x4 CMakeFiles/BLDC5.elf.dir/Core/Src/foc.c.obj
                0x20000000                voltage_limit
 .data.voltage_power_supply
                0x20000004        0x4 CMakeFiles/BLDC5.elf.dir/Core/Src/foc.c.obj
                0x20000004                voltage_power_supply
 .data.SystemCoreClock
                0x20000008        0x4 CMakeFiles/BLDC5.elf.dir/Core/Src/system_stm32g4xx.c.obj
                0x20000008                SystemCoreClock
 .data.uwTickFreq
                0x2000000c        0x4 CMakeFiles/BLDC5.elf.dir/Drivers/STM32G4xx_HAL_Driver/Src/stm32g4xx_hal.c.obj
                0x2000000c                uwTickFreq
 .data.uwTickPrio
                0x20000010        0x4 CMakeFiles/BLDC5.elf.dir/Drivers/STM32G4xx_HAL_Driver/Src/stm32g4xx_hal.c.obj
                0x20000010                uwTickPrio
 .data._impure_ptr
                0x20000014        0x4 c:/progra~1/gcc-arm-none-eabi-10.3-2021.10-win32/gcc-arm-none-eabi-10.3-2021.10/bin/../lib/gcc/arm-none-eabi/10.3.1/../../../../arm-none-eabi/lib/thumb/v7e-m/nofp\libg.a(lib_a-impure.o)
                0x20000014                _impure_ptr
 .data.impure_data
                0x20000018      0x428 c:/progra~1/gcc-arm-none-eabi-10.3-2021.10-win32/gcc-arm-none-eabi-10.3-2021.10/bin/../lib/gcc/arm-none-eabi/10.3.1/../../../../arm-none-eabi/lib/thumb/v7e-m/nofp\libg.a(lib_a-impure.o)
 .data.__atexit_recursive_mutex
                0x20000440        0x4 c:/progra~1/gcc-arm-none-eabi-10.3-2021.10-win32/gcc-arm-none-eabi-10.3-2021.10/bin/../lib/gcc/arm-none-eabi/10.3.1/../../../../arm-none-eabi/lib/thumb/v7e-m/nofp\libg.a(lib_a-__call_atexit.o)
                0x20000440                __atexit_recursive_mutex
 .data.__malloc_av_
                0x20000444      0x408 c:/progra~1/gcc-arm-none-eabi-10.3-2021.10-win32/gcc-arm-none-eabi-10.3-2021.10/bin/../lib/gcc/arm-none-eabi/10.3.1/../../../../arm-none-eabi/lib/thumb/v7e-m/nofp\libg.a(lib_a-mallocr.o)
                0x20000444                __malloc_av_
 .data.__malloc_sbrk_base
                0x2000084c        0x4 c:/progra~1/gcc-arm-none-eabi-10.3-2021.10-win32/gcc-arm-none-eabi-10.3-2021.10/bin/../lib/gcc/arm-none-eabi/10.3.1/../../../../arm-none-eabi/lib/thumb/v7e-m/nofp\libg.a(lib_a-mallocr.o)
                0x2000084c                __malloc_sbrk_base
 .data.__malloc_trim_threshold
                0x20000850        0x4 c:/progra~1/gcc-arm-none-eabi-10.3-2021.10-win32/gcc-arm-none-eabi-10.3-2021.10/bin/../lib/gcc/arm-none-eabi/10.3.1/../../../../arm-none-eabi/lib/thumb/v7e-m/nofp\libg.a(lib_a-mallocr.o)
                0x20000850                __malloc_trim_threshold
 .data.__global_locale
                0x20000854      0x16c c:/progra~1/gcc-arm-none-eabi-10.3-2021.10-win32/gcc-arm-none-eabi-10.3-2021.10/bin/../lib/gcc/arm-none-eabi/10.3.1/../../../../arm-none-eabi/lib/thumb/v7e-m/nofp\libg.a(lib_a-locale.o)
                0x20000854                __global_locale
 *(.RamFunc)
 *(.RamFunc*)
                0x200009c0                . = ALIGN (0x4)
                0x200009c0                _edata = .

.igot.plt       0x200009c0        0x0 load address 0x0800d274
 .igot.plt      0x200009c0        0x0 c:/progra~1/gcc-arm-none-eabi-10.3-2021.10-win32/gcc-arm-none-eabi-10.3-2021.10/bin/../lib/gcc/arm-none-eabi/10.3.1/thumb/v7e-m/nofp/crtbegin.o
                0x200009c0                . = ALIGN (0x4)

.bss            0x200009c0      0x25c load address 0x0800d274
                0x200009c0                _sbss = .
                0x200009c0                __bss_start__ = _sbss
 *(.bss)
 .bss           0x200009c0       0x1c c:/progra~1/gcc-arm-none-eabi-10.3-2021.10-win32/gcc-arm-none-eabi-10.3-2021.10/bin/../lib/gcc/arm-none-eabi/10.3.1/thumb/v7e-m/nofp/crtbegin.o
 *(.bss*)
 .bss.hadc1     0x200009dc       0x6c CMakeFiles/BLDC5.elf.dir/Core/Src/adc.c.obj
                0x200009dc                hadc1
 .bss.open_loop_timestamp
                0x20000a48        0x4 CMakeFiles/BLDC5.elf.dir/Core/Src/foc.c.obj
                0x20000a48                open_loop_timestamp
 .bss.shaft_angle
                0x20000a4c        0x4 CMakeFiles/BLDC5.elf.dir/Core/Src/foc.c.obj
                0x20000a4c                shaft_angle
 .bss.Delay1ms.0
                0x20000a50        0x4 CMakeFiles/BLDC5.elf.dir/Core/Src/interrupt.c.obj
 .bss.gHuart    0x20000a54        0x4 CMakeFiles/BLDC5.elf.dir/Core/Src/retarget.c.obj
                0x20000a54                gHuart
 .bss.__sbrk_heap_end
                0x20000a58        0x4 CMakeFiles/BLDC5.elf.dir/Core/Src/sysmem.c.obj
 .bss.htim1     0x20000a5c       0x4c CMakeFiles/BLDC5.elf.dir/Core/Src/tim.c.obj
                0x20000a5c                htim1
 .bss.htim2     0x20000aa8       0x4c CMakeFiles/BLDC5.elf.dir/Core/Src/tim.c.obj
                0x20000aa8                htim2
 .bss.htim3     0x20000af4       0x4c CMakeFiles/BLDC5.elf.dir/Core/Src/tim.c.obj
                0x20000af4                htim3
 .bss.huart2    0x20000b40       0x90 CMakeFiles/BLDC5.elf.dir/Core/Src/usart.c.obj
                0x20000b40                huart2
 .bss.uwTick    0x20000bd0        0x4 CMakeFiles/BLDC5.elf.dir/Drivers/STM32G4xx_HAL_Driver/Src/stm32g4xx_hal.c.obj
                0x20000bd0                uwTick
 .bss.__lock___atexit_recursive_mutex
                0x20000bd4        0x1 c:/progra~1/gcc-arm-none-eabi-10.3-2021.10-win32/gcc-arm-none-eabi-10.3-2021.10/bin/../lib/gcc/arm-none-eabi/10.3.1/../../../../arm-none-eabi/lib/thumb/v7e-m/nofp\libg.a(lib_a-lock.o)
                0x20000bd4                __lock___atexit_recursive_mutex
 *fill*         0x20000bd5        0x3 
 .bss.__lock___malloc_recursive_mutex
                0x20000bd8        0x1 c:/progra~1/gcc-arm-none-eabi-10.3-2021.10-win32/gcc-arm-none-eabi-10.3-2021.10/bin/../lib/gcc/arm-none-eabi/10.3.1/../../../../arm-none-eabi/lib/thumb/v7e-m/nofp\libg.a(lib_a-lock.o)
                0x20000bd8                __lock___malloc_recursive_mutex
 *fill*         0x20000bd9        0x3 
 .bss.__lock___sfp_recursive_mutex
                0x20000bdc        0x1 c:/progra~1/gcc-arm-none-eabi-10.3-2021.10-win32/gcc-arm-none-eabi-10.3-2021.10/bin/../lib/gcc/arm-none-eabi/10.3.1/../../../../arm-none-eabi/lib/thumb/v7e-m/nofp\libg.a(lib_a-lock.o)
                0x20000bdc                __lock___sfp_recursive_mutex
 *fill*         0x20000bdd        0x3 
 .bss.__lock___sinit_recursive_mutex
                0x20000be0        0x1 c:/progra~1/gcc-arm-none-eabi-10.3-2021.10-win32/gcc-arm-none-eabi-10.3-2021.10/bin/../lib/gcc/arm-none-eabi/10.3.1/../../../../arm-none-eabi/lib/thumb/v7e-m/nofp\libg.a(lib_a-lock.o)
                0x20000be0                __lock___sinit_recursive_mutex
 *fill*         0x20000be1        0x3 
 .bss.__malloc_current_mallinfo
                0x20000be4       0x28 c:/progra~1/gcc-arm-none-eabi-10.3-2021.10-win32/gcc-arm-none-eabi-10.3-2021.10/bin/../lib/gcc/arm-none-eabi/10.3.1/../../../../arm-none-eabi/lib/thumb/v7e-m/nofp\libg.a(lib_a-mallocr.o)
                0x20000be4                __malloc_current_mallinfo
 .bss.__malloc_max_sbrked_mem
                0x20000c0c        0x4 c:/progra~1/gcc-arm-none-eabi-10.3-2021.10-win32/gcc-arm-none-eabi-10.3-2021.10/bin/../lib/gcc/arm-none-eabi/10.3.1/../../../../arm-none-eabi/lib/thumb/v7e-m/nofp\libg.a(lib_a-mallocr.o)
                0x20000c0c                __malloc_max_sbrked_mem
 .bss.__malloc_max_total_mem
                0x20000c10        0x4 c:/progra~1/gcc-arm-none-eabi-10.3-2021.10-win32/gcc-arm-none-eabi-10.3-2021.10/bin/../lib/gcc/arm-none-eabi/10.3.1/../../../../arm-none-eabi/lib/thumb/v7e-m/nofp\libg.a(lib_a-mallocr.o)
                0x20000c10                __malloc_max_total_mem
 .bss.__malloc_top_pad
                0x20000c14        0x4 c:/progra~1/gcc-arm-none-eabi-10.3-2021.10-win32/gcc-arm-none-eabi-10.3-2021.10/bin/../lib/gcc/arm-none-eabi/10.3.1/../../../../arm-none-eabi/lib/thumb/v7e-m/nofp\libg.a(lib_a-mallocr.o)
                0x20000c14                __malloc_top_pad
 .bss.errno     0x20000c18        0x4 c:/progra~1/gcc-arm-none-eabi-10.3-2021.10-win32/gcc-arm-none-eabi-10.3-2021.10/bin/../lib/gcc/arm-none-eabi/10.3.1/../../../../arm-none-eabi/lib/thumb/v7e-m/nofp\libg.a(lib_a-reent.o)
                0x20000c18                errno
 *(COMMON)
                0x20000c1c                . = ALIGN (0x4)
                0x20000c1c                _ebss = .
                0x20000c1c                __bss_end__ = _ebss

._user_heap_stack
                0x20000c1c      0x604 load address 0x0800d274
                0x20000c20                . = ALIGN (0x8)
 *fill*         0x20000c1c        0x4 
                [!provide]                PROVIDE (end = .)
                0x20000c20                PROVIDE (_end = .)
                0x20000e20                . = (. + _Min_Heap_Size)
 *fill*         0x20000c20      0x200 
                0x20001220                . = (. + _Min_Stack_Size)
 *fill*         0x20000e20      0x400 
                0x20001220                . = ALIGN (0x8)

/DISCARD/
 libc.a(*)
 libm.a(*)
 libgcc.a(*)

.ARM.attributes
                0x00000000       0x2a
 *(.ARM.attributes)
 .ARM.attributes
                0x00000000       0x1e c:/progra~1/gcc-arm-none-eabi-10.3-2021.10-win32/gcc-arm-none-eabi-10.3-2021.10/bin/../lib/gcc/arm-none-eabi/10.3.1/thumb/v7e-m/nofp/crti.o
 .ARM.attributes
                0x0000001e       0x2e c:/progra~1/gcc-arm-none-eabi-10.3-2021.10-win32/gcc-arm-none-eabi-10.3-2021.10/bin/../lib/gcc/arm-none-eabi/10.3.1/thumb/v7e-m/nofp/crtbegin.o
 .ARM.attributes
                0x0000004c       0x2e CMakeFiles/BLDC5.elf.dir/Core/Src/AS5047.c.obj
 .ARM.attributes
                0x0000007a       0x2e CMakeFiles/BLDC5.elf.dir/Core/Src/adc.c.obj
 .ARM.attributes
                0x000000a8       0x2e CMakeFiles/BLDC5.elf.dir/Core/Src/foc.c.obj
 .ARM.attributes
                0x000000d6       0x2e CMakeFiles/BLDC5.elf.dir/Core/Src/gpio.c.obj
 .ARM.attributes
                0x00000104       0x2e CMakeFiles/BLDC5.elf.dir/Core/Src/interrupt.c.obj
 .ARM.attributes
                0x00000132       0x2e CMakeFiles/BLDC5.elf.dir/Core/Src/main.c.obj
 .ARM.attributes
                0x00000160       0x2e CMakeFiles/BLDC5.elf.dir/Core/Src/retarget.c.obj
 .ARM.attributes
                0x0000018e       0x2e CMakeFiles/BLDC5.elf.dir/Core/Src/stm32g4xx_hal_msp.c.obj
 .ARM.attributes
                0x000001bc       0x2e CMakeFiles/BLDC5.elf.dir/Core/Src/stm32g4xx_it.c.obj
 .ARM.attributes
                0x000001ea       0x2e CMakeFiles/BLDC5.elf.dir/Core/Src/syscalls.c.obj
 .ARM.attributes
                0x00000218       0x2e CMakeFiles/BLDC5.elf.dir/Core/Src/sysmem.c.obj
 .ARM.attributes
                0x00000246       0x2e CMakeFiles/BLDC5.elf.dir/Core/Src/system_stm32g4xx.c.obj
 .ARM.attributes
                0x00000274       0x2e CMakeFiles/BLDC5.elf.dir/Core/Src/tim.c.obj
 .ARM.attributes
                0x000002a2       0x2e CMakeFiles/BLDC5.elf.dir/Core/Src/usart.c.obj
 .ARM.attributes
                0x000002d0       0x21 CMakeFiles/BLDC5.elf.dir/Core/Startup/startup_stm32g431cbtx.s.obj
 .ARM.attributes
                0x000002f1       0x2e CMakeFiles/BLDC5.elf.dir/Drivers/STM32G4xx_HAL_Driver/Src/stm32g4xx_hal.c.obj
 .ARM.attributes
                0x0000031f       0x2e CMakeFiles/BLDC5.elf.dir/Drivers/STM32G4xx_HAL_Driver/Src/stm32g4xx_hal_adc.c.obj
 .ARM.attributes
                0x0000034d       0x2e CMakeFiles/BLDC5.elf.dir/Drivers/STM32G4xx_HAL_Driver/Src/stm32g4xx_hal_adc_ex.c.obj
 .ARM.attributes
                0x0000037b       0x2e CMakeFiles/BLDC5.elf.dir/Drivers/STM32G4xx_HAL_Driver/Src/stm32g4xx_hal_cortex.c.obj
 .ARM.attributes
                0x000003a9       0x2e CMakeFiles/BLDC5.elf.dir/Drivers/STM32G4xx_HAL_Driver/Src/stm32g4xx_hal_gpio.c.obj
 .ARM.attributes
                0x000003d7       0x2e CMakeFiles/BLDC5.elf.dir/Drivers/STM32G4xx_HAL_Driver/Src/stm32g4xx_hal_pwr_ex.c.obj
 .ARM.attributes
                0x00000405       0x2e CMakeFiles/BLDC5.elf.dir/Drivers/STM32G4xx_HAL_Driver/Src/stm32g4xx_hal_rcc.c.obj
 .ARM.attributes
                0x00000433       0x2e CMakeFiles/BLDC5.elf.dir/Drivers/STM32G4xx_HAL_Driver/Src/stm32g4xx_hal_rcc_ex.c.obj
 .ARM.attributes
                0x00000461       0x2e CMakeFiles/BLDC5.elf.dir/Drivers/STM32G4xx_HAL_Driver/Src/stm32g4xx_hal_tim.c.obj
 .ARM.attributes
                0x0000048f       0x2e CMakeFiles/BLDC5.elf.dir/Drivers/STM32G4xx_HAL_Driver/Src/stm32g4xx_hal_tim_ex.c.obj
 .ARM.attributes
                0x000004bd       0x2e CMakeFiles/BLDC5.elf.dir/Drivers/STM32G4xx_HAL_Driver/Src/stm32g4xx_hal_uart.c.obj
 .ARM.attributes
                0x000004eb       0x2e CMakeFiles/BLDC5.elf.dir/Drivers/STM32G4xx_HAL_Driver/Src/stm32g4xx_hal_uart_ex.c.obj
 .ARM.attributes
                0x00000519       0x1e c:/progra~1/gcc-arm-none-eabi-10.3-2021.10-win32/gcc-arm-none-eabi-10.3-2021.10/bin/../lib/gcc/arm-none-eabi/10.3.1/thumb/v7e-m/nofp\libgcc.a(_arm_addsubdf3.o)
 .ARM.attributes
                0x00000537       0x1e c:/progra~1/gcc-arm-none-eabi-10.3-2021.10-win32/gcc-arm-none-eabi-10.3-2021.10/bin/../lib/gcc/arm-none-eabi/10.3.1/thumb/v7e-m/nofp\libgcc.a(_arm_muldivdf3.o)
 .ARM.attributes
                0x00000555       0x1e c:/progra~1/gcc-arm-none-eabi-10.3-2021.10-win32/gcc-arm-none-eabi-10.3-2021.10/bin/../lib/gcc/arm-none-eabi/10.3.1/thumb/v7e-m/nofp\libgcc.a(_arm_cmpdf2.o)
 .ARM.attributes
                0x00000573       0x1e c:/progra~1/gcc-arm-none-eabi-10.3-2021.10-win32/gcc-arm-none-eabi-10.3-2021.10/bin/../lib/gcc/arm-none-eabi/10.3.1/thumb/v7e-m/nofp\libgcc.a(_arm_fixdfsi.o)
 .ARM.attributes
                0x00000591       0x1e c:/progra~1/gcc-arm-none-eabi-10.3-2021.10-win32/gcc-arm-none-eabi-10.3-2021.10/bin/../lib/gcc/arm-none-eabi/10.3.1/thumb/v7e-m/nofp\libgcc.a(_arm_fixunsdfsi.o)
 .ARM.attributes
                0x000005af       0x1e c:/progra~1/gcc-arm-none-eabi-10.3-2021.10-win32/gcc-arm-none-eabi-10.3-2021.10/bin/../lib/gcc/arm-none-eabi/10.3.1/thumb/v7e-m/nofp\libgcc.a(_arm_truncdfsf2.o)
 .ARM.attributes
                0x000005cd       0x1e c:/progra~1/gcc-arm-none-eabi-10.3-2021.10-win32/gcc-arm-none-eabi-10.3-2021.10/bin/../lib/gcc/arm-none-eabi/10.3.1/thumb/v7e-m/nofp\libgcc.a(_arm_addsubsf3.o)
 .ARM.attributes
                0x000005eb       0x1e c:/progra~1/gcc-arm-none-eabi-10.3-2021.10-win32/gcc-arm-none-eabi-10.3-2021.10/bin/../lib/gcc/arm-none-eabi/10.3.1/thumb/v7e-m/nofp\libgcc.a(_arm_muldivsf3.o)
 .ARM.attributes
                0x00000609       0x1e c:/progra~1/gcc-arm-none-eabi-10.3-2021.10-win32/gcc-arm-none-eabi-10.3-2021.10/bin/../lib/gcc/arm-none-eabi/10.3.1/thumb/v7e-m/nofp\libgcc.a(_arm_cmpsf2.o)
 .ARM.attributes
                0x00000627       0x1e c:/progra~1/gcc-arm-none-eabi-10.3-2021.10-win32/gcc-arm-none-eabi-10.3-2021.10/bin/../lib/gcc/arm-none-eabi/10.3.1/thumb/v7e-m/nofp\libgcc.a(_arm_fixunssfsi.o)
 .ARM.attributes
                0x00000645       0x1e c:/progra~1/gcc-arm-none-eabi-10.3-2021.10-win32/gcc-arm-none-eabi-10.3-2021.10/bin/../lib/gcc/arm-none-eabi/10.3.1/thumb/v7e-m/nofp\libgcc.a(_aeabi_uldivmod.o)
 .ARM.attributes
                0x00000663       0x2e c:/progra~1/gcc-arm-none-eabi-10.3-2021.10-win32/gcc-arm-none-eabi-10.3-2021.10/bin/../lib/gcc/arm-none-eabi/10.3.1/thumb/v7e-m/nofp\libgcc.a(_udivmoddi4.o)
 .ARM.attributes
                0x00000691       0x1e c:/progra~1/gcc-arm-none-eabi-10.3-2021.10-win32/gcc-arm-none-eabi-10.3-2021.10/bin/../lib/gcc/arm-none-eabi/10.3.1/thumb/v7e-m/nofp\libgcc.a(_dvmd_tls.o)
 .ARM.attributes
                0x000006af       0x2e c:/progra~1/gcc-arm-none-eabi-10.3-2021.10-win32/gcc-arm-none-eabi-10.3-2021.10/bin/../lib/gcc/arm-none-eabi/10.3.1/../../../../arm-none-eabi/lib/thumb/v7e-m/nofp\libg.a(lib_a-errno.o)
 .ARM.attributes
                0x000006dd       0x2e c:/progra~1/gcc-arm-none-eabi-10.3-2021.10-win32/gcc-arm-none-eabi-10.3-2021.10/bin/../lib/gcc/arm-none-eabi/10.3.1/../../../../arm-none-eabi/lib/thumb/v7e-m/nofp\libg.a(lib_a-impure.o)
 .ARM.attributes
                0x0000070b       0x2e c:/progra~1/gcc-arm-none-eabi-10.3-2021.10-win32/gcc-arm-none-eabi-10.3-2021.10/bin/../lib/gcc/arm-none-eabi/10.3.1/../../../../arm-none-eabi/lib/thumb/v7e-m/nofp\libg.a(lib_a-init.o)
 .ARM.attributes
                0x00000739       0x2e c:/progra~1/gcc-arm-none-eabi-10.3-2021.10-win32/gcc-arm-none-eabi-10.3-2021.10/bin/../lib/gcc/arm-none-eabi/10.3.1/../../../../arm-none-eabi/lib/thumb/v7e-m/nofp\libg.a(lib_a-memset.o)
 .ARM.attributes